Archive member included to satisfy reference by file (symbol)

/Applications/Ac6/SystemWorkbench.app/Contents/Eclipse/plugins/fr.ac6.mcu.externaltools.arm-none.macos64_1.17.0.201812190825/tools/compiler/bin/../lib/gcc/arm-none-eabi/7.3.1/thumb/v7e-m/fpv4-sp/hard/libgcc.a(_arm_addsubdf3.o)
                              src/delay.o (__aeabi_ui2d)
/Applications/Ac6/SystemWorkbench.app/Contents/Eclipse/plugins/fr.ac6.mcu.externaltools.arm-none.macos64_1.17.0.201812190825/tools/compiler/bin/../lib/gcc/arm-none-eabi/7.3.1/thumb/v7e-m/fpv4-sp/hard/libgcc.a(_arm_muldivdf3.o)
                              src/delay.o (__aeabi_dmul)
/Applications/Ac6/SystemWorkbench.app/Contents/Eclipse/plugins/fr.ac6.mcu.externaltools.arm-none.macos64_1.17.0.201812190825/tools/compiler/bin/../lib/gcc/arm-none-eabi/7.3.1/thumb/v7e-m/fpv4-sp/hard/libgcc.a(_arm_fixunsdfsi.o)
                              src/delay.o (__aeabi_d2uiz)
/Applications/Ac6/SystemWorkbench.app/Contents/Eclipse/plugins/fr.ac6.mcu.externaltools.arm-none.macos64_1.17.0.201812190825/tools/compiler/bin/../lib/gcc/arm-none-eabi/7.3.1/../../../../arm-none-eabi/lib/thumb/v7e-m/fpv4-sp/hard/libc.a(lib_a-errno.o)
                              src/syscalls.o (__errno)
/Applications/Ac6/SystemWorkbench.app/Contents/Eclipse/plugins/fr.ac6.mcu.externaltools.arm-none.macos64_1.17.0.201812190825/tools/compiler/bin/../lib/gcc/arm-none-eabi/7.3.1/../../../../arm-none-eabi/lib/thumb/v7e-m/fpv4-sp/hard/libc.a(lib_a-exit.o)
                              /Applications/Ac6/SystemWorkbench.app/Contents/Eclipse/plugins/fr.ac6.mcu.externaltools.arm-none.macos64_1.17.0.201812190825/tools/compiler/bin/../lib/gcc/arm-none-eabi/7.3.1/../../../../arm-none-eabi/lib/thumb/v7e-m/fpv4-sp/hard/crt0.o (exit)
/Applications/Ac6/SystemWorkbench.app/Contents/Eclipse/plugins/fr.ac6.mcu.externaltools.arm-none.macos64_1.17.0.201812190825/tools/compiler/bin/../lib/gcc/arm-none-eabi/7.3.1/../../../../arm-none-eabi/lib/thumb/v7e-m/fpv4-sp/hard/libc.a(lib_a-impure.o)
                              /Applications/Ac6/SystemWorkbench.app/Contents/Eclipse/plugins/fr.ac6.mcu.externaltools.arm-none.macos64_1.17.0.201812190825/tools/compiler/bin/../lib/gcc/arm-none-eabi/7.3.1/../../../../arm-none-eabi/lib/thumb/v7e-m/fpv4-sp/hard/libc.a(lib_a-exit.o) (_global_impure_ptr)
/Applications/Ac6/SystemWorkbench.app/Contents/Eclipse/plugins/fr.ac6.mcu.externaltools.arm-none.macos64_1.17.0.201812190825/tools/compiler/bin/../lib/gcc/arm-none-eabi/7.3.1/../../../../arm-none-eabi/lib/thumb/v7e-m/fpv4-sp/hard/libc.a(lib_a-init.o)
                              /Applications/Ac6/SystemWorkbench.app/Contents/Eclipse/plugins/fr.ac6.mcu.externaltools.arm-none.macos64_1.17.0.201812190825/tools/compiler/bin/../lib/gcc/arm-none-eabi/7.3.1/../../../../arm-none-eabi/lib/thumb/v7e-m/fpv4-sp/hard/crt0.o (__libc_init_array)
/Applications/Ac6/SystemWorkbench.app/Contents/Eclipse/plugins/fr.ac6.mcu.externaltools.arm-none.macos64_1.17.0.201812190825/tools/compiler/bin/../lib/gcc/arm-none-eabi/7.3.1/../../../../arm-none-eabi/lib/thumb/v7e-m/fpv4-sp/hard/libc.a(lib_a-memset.o)
                              /Applications/Ac6/SystemWorkbench.app/Contents/Eclipse/plugins/fr.ac6.mcu.externaltools.arm-none.macos64_1.17.0.201812190825/tools/compiler/bin/../lib/gcc/arm-none-eabi/7.3.1/../../../../arm-none-eabi/lib/thumb/v7e-m/fpv4-sp/hard/crt0.o (memset)
/Applications/Ac6/SystemWorkbench.app/Contents/Eclipse/plugins/fr.ac6.mcu.externaltools.arm-none.macos64_1.17.0.201812190825/tools/compiler/bin/../lib/gcc/arm-none-eabi/7.3.1/../../../../arm-none-eabi/lib/thumb/v7e-m/fpv4-sp/hard/libc.a(lib_a-__call_atexit.o)
                              /Applications/Ac6/SystemWorkbench.app/Contents/Eclipse/plugins/fr.ac6.mcu.externaltools.arm-none.macos64_1.17.0.201812190825/tools/compiler/bin/../lib/gcc/arm-none-eabi/7.3.1/../../../../arm-none-eabi/lib/thumb/v7e-m/fpv4-sp/hard/libc.a(lib_a-exit.o) (__call_exitprocs)
/Applications/Ac6/SystemWorkbench.app/Contents/Eclipse/plugins/fr.ac6.mcu.externaltools.arm-none.macos64_1.17.0.201812190825/tools/compiler/bin/../lib/gcc/arm-none-eabi/7.3.1/../../../../arm-none-eabi/lib/thumb/v7e-m/fpv4-sp/hard/libc.a(lib_a-atexit.o)
                              /Applications/Ac6/SystemWorkbench.app/Contents/Eclipse/plugins/fr.ac6.mcu.externaltools.arm-none.macos64_1.17.0.201812190825/tools/compiler/bin/../lib/gcc/arm-none-eabi/7.3.1/../../../../arm-none-eabi/lib/thumb/v7e-m/fpv4-sp/hard/libc.a(lib_a-__call_atexit.o) (atexit)
/Applications/Ac6/SystemWorkbench.app/Contents/Eclipse/plugins/fr.ac6.mcu.externaltools.arm-none.macos64_1.17.0.201812190825/tools/compiler/bin/../lib/gcc/arm-none-eabi/7.3.1/../../../../arm-none-eabi/lib/thumb/v7e-m/fpv4-sp/hard/libc.a(lib_a-fini.o)
[...]
Memory Configuration

Name             Origin             Length             Attributes
RAM              0x0000000020000000 0x0000000000020000 xrw
ROM              0x0000000008000000 0x0000000000100000 xr
*default*        0x0000000000000000 0xffffffffffffffff

Linker script and memory map

LOAD /Applications/Ac6/SystemWorkbench.app/Contents/Eclipse/plugins/fr.ac6.mcu.externaltools.arm-none.macos64_1.17.0.201812190825/tools/compiler/bin/../lib/gcc/arm-none-eabi/7.3.1/thumb/v7e-m/fpv4-sp/hard/crti.o
LOAD /Applications/Ac6/SystemWorkbench.app/Contents/Eclipse/plugins/fr.ac6.mcu.externaltools.arm-none.macos64_1.17.0.201812190825/tools/compiler/bin/../lib/gcc/arm-none-eabi/7.3.1/thumb/v7e-m/fpv4-sp/hard/crtbegin.o
LOAD /Applications/Ac6/SystemWorkbench.app/Contents/Eclipse/plugins/fr.ac6.mcu.externaltools.arm-none.macos64_1.17.0.201812190825/tools/compiler/bin/../lib/gcc/arm-none-eabi/7.3.1/../../../../arm-none-eabi/lib/thumb/v7e-m/fpv4-sp/hard/crt0.o
LOAD StdPeriph_Driver/src/misc.o
LOAD StdPeriph_Driver/src/stm32f4xx_adc.o
LOAD StdPeriph_Driver/src/stm32f4xx_can.o
LOAD StdPeriph_Driver/src/stm32f4xx_cec.o
LOAD StdPeriph_Driver/src/stm32f4xx_crc.o
LOAD StdPeriph_Driver/src/stm32f4xx_cryp.o
LOAD StdPeriph_Driver/src/stm32f4xx_cryp_aes.o
LOAD StdPeriph_Driver/src/stm32f4xx_cryp_des.o
LOAD StdPeriph_Driver/src/stm32f4xx_cryp_tdes.o
LOAD StdPeriph_Driver/src/stm32f4xx_dac.o
LOAD StdPeriph_Driver/src/stm32f4xx_dbgmcu.o
LOAD StdPeriph_Driver/src/stm32f4xx_dcmi.o
LOAD StdPeriph_Driver/src/stm32f4xx_dfsdm.o
LOAD StdPeriph_Driver/src/stm32f4xx_dma.o
LOAD StdPeriph_Driver/src/stm32f4xx_dma2d.o
LOAD StdPeriph_Driver/src/stm32f4xx_dsi.o
LOAD StdPeriph_Driver/src/stm32f4xx_exti.o
LOAD StdPeriph_Driver/src/stm32f4xx_flash.o
LOAD StdPeriph_Driver/src/stm32f4xx_flash_ramfunc.o
LOAD StdPeriph_Driver/src/stm32f4xx_fmc.o
LOAD StdPeriph_Driver/src/stm32f4xx_fmip2c.o
LOAD StdPeriph_Driver/src/stm32f4xx_fsmc.o
LOAD StdPeriph_Driver/src/stm32f4xx_gpio.o
LOAD StdPeriph_Driver/src/stm32f4xx_hash.o
LOAD StdPeriph_Driver/src/stm32f4xx_hash_md5.o
LOAD StdPeriph_Driver/src/stm32f4xx_hash_sha1.o
LOAD StdPeriph_Driver/src/stm32f4xx_i2c.o
LOAD StdPeriph_Driver/src/stm32f4xx_iwdg.o
LOAD StdPeriph_Driver/src/stm32f4xx_lptim.o
LOAD StdPeriph_Driver/src/stm32f4xx_ltdc.o
LOAD StdPeriph_Driver/src/stm32f4xx_pwr.o
LOAD StdPeriph_Driver/src/stm32f4xx_qspi.o
LOAD StdPeriph_Driver/src/stm32f4xx_rcc.o
LOAD StdPeriph_Driver/src/stm32f4xx_rng.o
LOAD StdPeriph_Driver/src/stm32f4xx_rtc.o
LOAD StdPeriph_Driver/src/stm32f4xx_sai.o
LOAD StdPeriph_Driver/src/stm32f4xx_sdio.o
LOAD StdPeriph_Driver/src/stm32f4xx_spdifrx.o
LOAD StdPeriph_Driver/src/stm32f4xx_spi.o
LOAD StdPeriph_Driver/src/stm32f4xx_syscfg.o
LOAD StdPeriph_Driver/src/stm32f4xx_tim.o
LOAD StdPeriph_Driver/src/stm32f4xx_usart.o
LOAD StdPeriph_Driver/src/stm32f4xx_wwdg.o
LOAD src/LED.o
LOAD src/delay.o
LOAD src/lcd.o
LOAD src/main.o
LOAD src/syscalls.o
LOAD src/system_stm32f4xx.o
LOAD src/uart.o
LOAD startup/startup_stm32.o
LOAD /Applications/Ac6/SystemWorkbench.app/Contents/Eclipse/plugins/fr.ac6.mcu.externaltools.arm-none.macos64_1.17.0.201812190825/tools/compiler/bin/../lib/gcc/arm-none-eabi/7.3.1/../../../../arm-none-eabi/lib/thumb/v7e-m/fpv4-sp/hard/libm.a
START GROUP
LOAD /Applications/Ac6/SystemWorkbench.app/Contents/Eclipse/plugins/fr.ac6.mcu.externaltools.arm-none.macos64_1.17.0.201812190825/tools/compiler/bin/../lib/gcc/arm-none-eabi/7.3.1/thumb/v7e-m/fpv4-sp/hard/libgcc.a
LOAD /Applications/Ac6/SystemWorkbench.app/Contents/Eclipse/plugins/fr.ac6.mcu.externaltools.arm-none.macos64_1.17.0.201812190825/tools/compiler/bin/../lib/gcc/arm-none-eabi/7.3.1/../../../../arm-none-eabi/lib/thumb/v7e-m/fpv4-sp/hard/libc.a
END GROUP
LOAD /Applications/Ac6/SystemWorkbench.app/Contents/Eclipse/plugins/fr.ac6.mcu.externaltools.arm-none.macos64_1.17.0.201812190825/tools/compiler/bin/../lib/gcc/arm-none-eabi/7.3.1/thumb/v7e-m/fpv4-sp/hard/crtend.o
LOAD /Applications/Ac6/SystemWorkbench.app/Contents/Eclipse/plugins/fr.ac6.mcu.externaltools.arm-none.macos64_1.17.0.201812190825/tools/compiler/bin/../lib/gcc/arm-none-eabi/7.3.1/thumb/v7e-m/fpv4-sp/hard/crtn.o
                0x0000000020020000                _estack = 0x20020000
                0x0000000000000000                _Min_Heap_Size = 0x0
                0x0000000000000400                _Min_Stack_Size = 0x400

.isr_vector     0x0000000008000000      0x1a8
                0x0000000008000000                . = ALIGN (0x4)
 *(.isr_vector)
 .isr_vector    0x0000000008000000      0x1a8 startup/startup_stm32.o
                0x0000000008000000                g_pfnVectors
                0x00000000080001a8                . = ALIGN (0x4)

.text           0x00000000080001a8     0x1718
                0x00000000080001a8                . = ALIGN (0x4)
 *(.text)
 .text          0x00000000080001a8       0x40 /Applications/Ac6/SystemWorkbench.app/Contents/Eclipse/plugins/fr.ac6.mcu.externaltools.arm-none.macos64_1.17.0.201812190825/tools/compiler/bin/../lib/gcc/arm-none-eabi/7.3.1/thumb/v7e-m/fpv4-sp/hard/crtbegin.o
 .text          0x00000000080001e8      0x378 /Applications/Ac6/SystemWorkbench.app/Contents/Eclipse/plugins/fr.ac6.mcu.externaltools.arm-none.macos64_1.17.0.201812190825/tools/compiler/bin/../lib/gcc/arm-none-eabi/7.3.1/thumb/v7e-m/fpv4-sp/hard/libgcc.a(_arm_addsubdf3.o)
                0x00000000080001e8                __aeabi_drsub
                0x00000000080001f0                __subdf3
                0x00000000080001f0                __aeabi_dsub
                0x00000000080001f4                __aeabi_dadd
                0x00000000080001f4                __adddf3
                0x000000000800046c                __aeabi_ui2d
                0x000000000800046c                __floatunsidf
                0x000000000800048c                __floatsidf
                0x000000000800048c                __aeabi_i2d
                0x00000000080004b0                __extendsfdf2
                0x00000000080004b0                __aeabi_f2d
                0x00000000080004f4                __aeabi_ul2d
                0x00000000080004f4                __floatundidf
                0x0000000008000504                __aeabi_l2d
                0x0000000008000504                __floatdidf
 .text          0x0000000008000560      0x424 /Applications/Ac6/SystemWorkbench.app/Contents/Eclipse/plugins/fr.ac6.mcu.externaltools.arm-none.macos64_1.17.0.201812190825/tools/compiler/bin/../lib/gcc/arm-none-eabi/7.3.1/thumb/v7e-m/fpv4-sp/hard/libgcc.a(_arm_muldivdf3.o)
                0x0000000008000560                __aeabi_dmul
                0x0000000008000560                __muldf3
                0x00000000080007b4                __aeabi_ddiv
                0x00000000080007b4                __divdf3
 .text          0x0000000008000984       0x40 /Applications/Ac6/SystemWorkbench.app/Contents/Eclipse/plugins/fr.ac6.mcu.externaltools.arm-none.macos64_1.17.0.201812190825/tools/compiler/bin/../lib/gcc/arm-none-eabi/7.3.1/thumb/v7e-m/fpv4-sp/hard/libgcc.a(_arm_fixunsdfsi.o)
                0x0000000008000984                __fixunsdfsi
                0x0000000008000984                __aeabi_d2uiz
 *(.text*)
 .text.NVIC_Init
                0x00000000080009c4       0xc4 StdPeriph_Driver/src/misc.o
                0x00000000080009c4                NVIC_Init
 .text.GPIO_Init
                0x0000000008000a88      0x11c StdPeriph_Driver/src/stm32f4xx_gpio.o
                0x0000000008000a88                GPIO_Init
 .text.GPIO_PinAFConfig
                0x0000000008000ba4       0x92 StdPeriph_Driver/src/stm32f4xx_gpio.o
                0x0000000008000ba4                GPIO_PinAFConfig
 *fill*         0x0000000008000c36        0x2 
 .text.RCC_GetClocksFreq
                0x0000000008000c38      0x150 StdPeriph_Driver/src/stm32f4xx_rcc.o
                0x0000000008000c38                RCC_GetClocksFreq
 .text.RCC_AHB1PeriphClockCmd
                0x0000000008000d88       0x40 StdPeriph_Driver/src/stm32f4xx_rcc.o
                0x0000000008000d88                RCC_AHB1PeriphClockCmd
 .text.RCC_APB1PeriphClockCmd
                0x0000000008000dc8       0x40 StdPeriph_Driver/src/stm32f4xx_rcc.o
                0x0000000008000dc8                RCC_APB1PeriphClockCmd
 .text.USART_Init
                0x0000000008000e08      0x174 StdPeriph_Driver/src/stm32f4xx_usart.o
                0x0000000008000e08                USART_Init
 .text.USART_Cmd
                0x0000000008000f7c       0x40 StdPeriph_Driver/src/stm32f4xx_usart.o
                0x0000000008000f7c                USART_Cmd
 .text.USART_SendData
                0x0000000008000fbc       0x24 StdPeriph_Driver/src/stm32f4xx_usart.o
                0x0000000008000fbc                USART_SendData
 .text.USART_ITConfig
                0x0000000008000fe0       0x90 StdPeriph_Driver/src/stm32f4xx_usart.o
                0x0000000008000fe0                USART_ITConfig
 .text.USART_GetFlagStatus
                0x0000000008001070       0x38 StdPeriph_Driver/src/stm32f4xx_usart.o
                0x0000000008001070                USART_GetFlagStatus
 .text.USART_GetITStatus
                0x00000000080010a8       0xb6 StdPeriph_Driver/src/stm32f4xx_usart.o
                0x00000000080010a8                USART_GetITStatus
 .text.USART_ClearITPendingBit
                0x000000000800115e       0x3a StdPeriph_Driver/src/stm32f4xx_usart.o
                0x000000000800115e                USART_ClearITPendingBit
 .text.LED_INITTER
                0x0000000008001198       0x3c src/LED.o
                0x0000000008001198                LED_INITTER
 *fill*         0x00000000080011d4        0x4 
 .text.DELAY_init
                0x00000000080011d8      0x128 src/delay.o
                0x00000000080011d8                DELAY_init
 .text.main     0x0000000008001300       0x28 src/main.o
                0x0000000008001300                main
 .text.SystemInit
                0x0000000008001328       0x6c src/system_stm32f4xx.o
                0x0000000008001328                SystemInit
 .text.SetSysClock
                0x0000000008001394       0xf8 src/system_stm32f4xx.o
 .text.UART_init
                0x000000000800148c       0x94 src/uart.o
                0x000000000800148c                UART_init
 .text.UART_putchar
                0x0000000008001520       0x34 src/uart.o
                0x0000000008001520                UART_putchar
 .text.UART_puts
                0x0000000008001554       0x36 src/uart.o
                0x0000000008001554                UART_puts
 .text.UART_INT_init
                0x000000000800158a       0x26 src/uart.o
                0x000000000800158a                UART_INT_init
 .text.USART2_IRQHandler
                0x00000000080015b0       0xf0 src/uart.o
                0x00000000080015b0                USART2_IRQHandler
 .text.frontlayer_unit_test
                0x00000000080016a0       0x50 src/uart.o
                0x00000000080016a0                frontlayer_unit_test
 .text.Reset_Handler
                0x00000000080016f0       0x50 startup/startup_stm32.o
                0x00000000080016f0                Reset_Handler
 .text.Default_Handler
                0x0000000008001740        0x2 startup/startup_stm32.o
                0x0000000008001740                DMA1_Stream3_IRQHandler
                0x0000000008001740                HASH_RNG_IRQHandler
                0x0000000008001740                EXTI2_IRQHandler
                0x0000000008001740                TIM8_CC_IRQHandler
                0x0000000008001740                DebugMon_Handler
                0x0000000008001740                TIM1_CC_IRQHandler
                0x0000000008001740                DMA2_Stream5_IRQHandler
                0x0000000008001740                HardFault_Handler
                0x0000000008001740                DMA1_Stream5_IRQHandler
                0x0000000008001740                SysTick_Handler
                0x0000000008001740                PVD_IRQHandler
                0x0000000008001740                SDIO_IRQHandler
                0x0000000008001740                TAMP_STAMP_IRQHandler
                0x0000000008001740                PendSV_Handler
                0x0000000008001740                NMI_Handler
                0x0000000008001740                CAN2_RX1_IRQHandler
                0x0000000008001740                EXTI3_IRQHandler
                0x0000000008001740                TIM8_TRG_COM_TIM14_IRQHandler
                0x0000000008001740                TIM1_UP_TIM10_IRQHandler
                0x0000000008001740                TIM8_UP_TIM13_IRQHandler
                0x0000000008001740                I2C3_ER_IRQHandler
                0x0000000008001740                LCD_TFT_IRQHandler
                0x0000000008001740                EXTI0_IRQHandler
                0x0000000008001740                I2C2_EV_IRQHandler
                0x0000000008001740                DMA1_Stream2_IRQHandler
                0x0000000008001740                CAN1_RX0_IRQHandler
                0x0000000008001740                FPU_IRQHandler
                0x0000000008001740                OTG_HS_WKUP_IRQHandler
                0x0000000008001740                UsageFault_Handler
                0x0000000008001740                CAN2_SCE_IRQHandler
                0x0000000008001740                DMA2_Stream2_IRQHandler
                0x0000000008001740                SPI1_IRQHandler
                0x0000000008001740                TIM6_DAC_IRQHandler
                0x0000000008001740                TIM1_BRK_TIM9_IRQHandler
                0x0000000008001740                DCMI_IRQHandler
                0x0000000008001740                CAN2_RX0_IRQHandler
                0x0000000008001740                DMA2_Stream3_IRQHandler
                0x0000000008001740                USART6_IRQHandler
                0x0000000008001740                USART3_IRQHandler
                0x0000000008001740                CRYP_IRQHandler
                0x0000000008001740                CAN1_RX1_IRQHandler
                0x0000000008001740                UART5_IRQHandler
                0x0000000008001740                DMA2_Stream0_IRQHandler
                0x0000000008001740                TIM4_IRQHandler
                0x0000000008001740                I2C1_EV_IRQHandler
                0x0000000008001740                DMA1_Stream6_IRQHandler
                0x0000000008001740                DMA1_Stream1_IRQHandler
                0x0000000008001740                UART4_IRQHandler
                0x0000000008001740                LCD_TFT_1_IRQHandler
                0x0000000008001740                TIM3_IRQHandler
                0x0000000008001740                RCC_IRQHandler
                0x0000000008001740                TIM8_BRK_TIM12_IRQHandler
                0x0000000008001740                Default_Handler
                0x0000000008001740                EXTI15_10_IRQHandler
                0x0000000008001740                ADC_IRQHandler
                0x0000000008001740                DMA1_Stream7_IRQHandler
                0x0000000008001740                TIM7_IRQHandler
                0x0000000008001740                CAN2_TX_IRQHandler
                0x0000000008001740                TIM5_IRQHandler
                0x0000000008001740                DMA2_Stream7_IRQHandler
                0x0000000008001740                I2C3_EV_IRQHandler
                0x0000000008001740                EXTI9_5_IRQHandler
                0x0000000008001740                RTC_WKUP_IRQHandler
                0x0000000008001740                ETH_WKUP_IRQHandler
                0x0000000008001740                SPI2_IRQHandler
                0x0000000008001740                OTG_HS_EP1_IN_IRQHandler
                0x0000000008001740                MemManage_Handler
                0x0000000008001740                DMA1_Stream0_IRQHandler
                0x0000000008001740                CAN1_TX_IRQHandler
                0x0000000008001740                SVC_Handler
                0x0000000008001740                EXTI4_IRQHandler
                0x0000000008001740                FSMC_IRQHandler
                0x0000000008001740                ETH_IRQHandler
                0x0000000008001740                OTG_HS_EP1_OUT_IRQHandler
                0x0000000008001740                WWDG_IRQHandler
                0x0000000008001740                TIM2_IRQHandler
                0x0000000008001740                OTG_FS_WKUP_IRQHandler
                0x0000000008001740                TIM1_TRG_COM_TIM11_IRQHandler
                0x0000000008001740                OTG_HS_IRQHandler
                0x0000000008001740                EXTI1_IRQHandler
                0x0000000008001740                I2C2_ER_IRQHandler
                0x0000000008001740                DMA2_Stream1_IRQHandler
                0x0000000008001740                CAN1_SCE_IRQHandler
                0x0000000008001740                DMA2_Stream4_IRQHandler
                0x0000000008001740                BusFault_Handler
                0x0000000008001740                USART1_IRQHandler
                0x0000000008001740                OTG_FS_IRQHandler
                0x0000000008001740                SPI3_IRQHandler
                0x0000000008001740                DMA1_Stream4_IRQHandler
                0x0000000008001740                I2C1_ER_IRQHandler
                0x0000000008001740                DMA2_Stream6_IRQHandler
                0x0000000008001740                RTC_Alarm_IRQHandler
 *fill*         0x0000000008001742        0x2 
 .text.__libc_init_array
                0x0000000008001744       0x48 /Applications/Ac6/SystemWorkbench.app/Contents/Eclipse/plugins/fr.ac6.mcu.externaltools.arm-none.macos64_1.17.0.201812190825/tools/compiler/bin/../lib/gcc/arm-none-eabi/7.3.1/../../../../arm-none-eabi/lib/thumb/v7e-m/fpv4-sp/hard/libc.a(lib_a-init.o)
                0x0000000008001744                __libc_init_array
 .text.startup.register_fini
                0x000000000800178c       0x14 /Applications/Ac6/SystemWorkbench.app/Contents/Eclipse/plugins/fr.ac6.mcu.externaltools.arm-none.macos64_1.17.0.201812190825/tools/compiler/bin/../lib/gcc/arm-none-eabi/7.3.1/../../../../arm-none-eabi/lib/thumb/v7e-m/fpv4-sp/hard/libc.a(lib_a-__call_atexit.o)
 .text.atexit   0x00000000080017a0        0xc /Applications/Ac6/SystemWorkbench.app/Contents/Eclipse/plugins/fr.ac6.mcu.externaltools.arm-none.macos64_1.17.0.201812190825/tools/compiler/bin/../lib/gcc/arm-none-eabi/7.3.1/../../../../arm-none-eabi/lib/thumb/v7e-m/fpv4-sp/hard/libc.a(lib_a-atexit.o)
                0x00000000080017a0                atexit
 .text.__libc_fini_array
                0x00000000080017ac       0x34 /Applications/Ac6/SystemWorkbench.app/Contents/Eclipse/plugins/fr.ac6.mcu.externaltools.arm-none.macos64_1.17.0.201812190825/tools/compiler/bin/../lib/gcc/arm-none-eabi/7.3.1/../../../../arm-none-eabi/lib/thumb/v7e-m/fpv4-sp/hard/libc.a(lib_a-fini.o)
                0x00000000080017ac                __libc_fini_array
 .text.__retarget_lock_acquire_recursive
                0x00000000080017e0        0x4 /Applications/Ac6/SystemWorkbench.app/Contents/Eclipse/plugins/fr.ac6.mcu.externaltools.arm-none.macos64_1.17.0.201812190825/tools/compiler/bin/../lib/gcc/arm-none-eabi/7.3.1/../../../../arm-none-eabi/lib/thumb/v7e-m/fpv4-sp/hard/libc.a(lib_a-lock.o)
                0x00000000080017e0                __retarget_lock_acquire_recursive
 .text.__retarget_lock_release_recursive
                0x00000000080017e4        0x4 /Applications/Ac6/SystemWorkbench.app/Contents/Eclipse/plugins/fr.ac6.mcu.externaltools.arm-none.macos64_1.17.0.201812190825/tools/compiler/bin/../lib/gcc/arm-none-eabi/7.3.1/../../../../arm-none-eabi/lib/thumb/v7e-m/fpv4-sp/hard/libc.a(lib_a-lock.o)
                0x00000000080017e4                __retarget_lock_release_recursive
 .text.__register_exitproc
                0x00000000080017e8       0xc0 /Applications/Ac6/SystemWorkbench.app/Contents/Eclipse/plugins/fr.ac6.mcu.externaltools.arm-none.macos64_1.17.0.201812190825/tools/compiler/bin/../lib/gcc/arm-none-eabi/7.3.1/../../../../arm-none-eabi/lib/thumb/v7e-m/fpv4-sp/hard/libc.a(lib_a-__atexit.o)
                0x00000000080017e8                __register_exitproc
 *(.glue_7)
 .glue_7        0x00000000080018a8        0x0 linker stubs
 *(.glue_7t)
 .glue_7t       0x00000000080018a8        0x0 linker stubs
 *(.eh_frame)
 .eh_frame      0x00000000080018a8        0x0 /Applications/Ac6/SystemWorkbench.app/Contents/Eclipse/plugins/fr.ac6.mcu.externaltools.arm-none.macos64_1.17.0.201812190825/tools/compiler/bin/../lib/gcc/arm-none-eabi/7.3.1/thumb/v7e-m/fpv4-sp/hard/crtbegin.o
 *(.init)
 .init          0x00000000080018a8        0x4 /Applications/Ac6/SystemWorkbench.app/Contents/Eclipse/plugins/fr.ac6.mcu.externaltools.arm-none.macos64_1.17.0.201812190825/tools/compiler/bin/../lib/gcc/arm-none-eabi/7.3.1/thumb/v7e-m/fpv4-sp/hard/crti.o
                0x00000000080018a8                _init
 .init          0x00000000080018ac        0x8 /Applications/Ac6/SystemWorkbench.app/Contents/Eclipse/plugins/fr.ac6.mcu.externaltools.arm-none.macos64_1.17.0.201812190825/tools/compiler/bin/../lib/gcc/arm-none-eabi/7.3.1/thumb/v7e-m/fpv4-sp/hard/crtn.o
 *(.fini)
 .fini          0x00000000080018b4        0x4 /Applications/Ac6/SystemWorkbench.app/Contents/Eclipse/plugins/fr.ac6.mcu.externaltools.arm-none.macos64_1.17.0.201812190825/tools/compiler/bin/../lib/gcc/arm-none-eabi/7.3.1/thumb/v7e-m/fpv4-sp/hard/crti.o
                0x00000000080018b4                _fini
 .fini          0x00000000080018b8        0x8 /Applications/Ac6/SystemWorkbench.app/Contents/Eclipse/plugins/fr.ac6.mcu.externaltools.arm-none.macos64_1.17.0.201812190825/tools/compiler/bin/../lib/gcc/arm-none-eabi/7.3.1/thumb/v7e-m/fpv4-sp/hard/crtn.o
                0x00000000080018c0                . = ALIGN (0x4)
                0x00000000080018c0                _etext = .

.vfp11_veneer   0x00000000080018c0        0x0
 .vfp11_veneer  0x00000000080018c0        0x0 linker stubs

.v4_bx          0x00000000080018c0        0x0
 .v4_bx         0x00000000080018c0        0x0 linker stubs

.iplt           0x00000000080018c0        0x0
 .iplt          0x00000000080018c0        0x0 /Applications/Ac6/SystemWorkbench.app/Contents/Eclipse/plugins/fr.ac6.mcu.externaltools.arm-none.macos64_1.17.0.201812190825/tools/compiler/bin/../lib/gcc/arm-none-eabi/7.3.1/thumb/v7e-m/fpv4-sp/hard/crtbegin.o

.rodata         0x00000000080018c0       0x2c
                0x00000000080018c0                . = ALIGN (0x4)
 *(.rodata)
 .rodata        0x00000000080018c0        0x6 src/main.o
 *fill*         0x00000000080018c6        0x2 
 .rodata        0x00000000080018c8       0x1e src/uart.o
 *(.rodata*)
 *fill*         0x00000000080018e6        0x2 
 .rodata._global_impure_ptr
                0x00000000080018e8        0x4 /Applications/Ac6/SystemWorkbench.app/Contents/Eclipse/plugins/fr.ac6.mcu.externaltools.arm-none.macos64_1.17.0.201812190825/tools/compiler/bin/../lib/gcc/arm-none-eabi/7.3.1/../../../../arm-none-eabi/lib/thumb/v7e-m/fpv4-sp/hard/libc.a(lib_a-impure.o)
                0x00000000080018e8                _global_impure_ptr
                0x00000000080018ec                . = ALIGN (0x4)

.rel.dyn        0x00000000080018ec        0x0
 .rel.iplt      0x00000000080018ec        0x0 /Applications/Ac6/SystemWorkbench.app/Contents/Eclipse/plugins/fr.ac6.mcu.externaltools.arm-none.macos64_1.17.0.201812190825/tools/compiler/bin/../lib/gcc/arm-none-eabi/7.3.1/thumb/v7e-m/fpv4-sp/hard/crtbegin.o

.ARM.extab      0x00000000080018ec        0x0
                0x00000000080018ec                . = ALIGN (0x4)
 *(.ARM.extab* .gnu.linkonce.armextab.*)
                0x00000000080018ec                . = ALIGN (0x4)

.ARM            0x00000000080018ec        0x0
                0x00000000080018ec                . = ALIGN (0x4)
                0x00000000080018ec                __exidx_start = .
 *(.ARM.exidx*)
                0x00000000080018ec                __exidx_end = .
                0x00000000080018ec                . = ALIGN (0x4)

.preinit_array  0x00000000080018ec        0x0
                0x00000000080018ec                . = ALIGN (0x4)
                0x00000000080018ec                PROVIDE (__preinit_array_start = .)
 *(.preinit_array*)
                0x00000000080018ec                PROVIDE (__preinit_array_end = .)
                0x00000000080018ec                . = ALIGN (0x4)

.init_array     0x00000000080018ec        0x8
                0x00000000080018ec                . = ALIGN (0x4)
                0x00000000080018ec                PROVIDE (__init_array_start = .)
 *(SORT_BY_NAME(.init_array.*))
 .init_array.00000
                0x00000000080018ec        0x4 /Applications/Ac6/SystemWorkbench.app/Contents/Eclipse/plugins/fr.ac6.mcu.externaltools.arm-none.macos64_1.17.0.201812190825/tools/compiler/bin/../lib/gcc/arm-none-eabi/7.3.1/../../../../arm-none-eabi/lib/thumb/v7e-m/fpv4-sp/hard/libc.a(lib_a-__call_atexit.o)
 *(.init_array*)
 .init_array    0x00000000080018f0        0x4 /Applications/Ac6/SystemWorkbench.app/Contents/Eclipse/plugins/fr.ac6.mcu.externaltools.arm-none.macos64_1.17.0.201812190825/tools/compiler/bin/../lib/gcc/arm-none-eabi/7.3.1/thumb/v7e-m/fpv4-sp/hard/crtbegin.o
                0x00000000080018f4                PROVIDE (__init_array_end = .)
                0x00000000080018f4                . = ALIGN (0x4)

.fini_array     0x00000000080018f4        0x4
                0x00000000080018f4                . = ALIGN (0x4)
                0x00000000080018f4                PROVIDE (__fini_array_start = .)
 *(SORT_BY_NAME(.fini_array.*))
 *(.fini_array*)
 .fini_array    0x00000000080018f4        0x4 /Applications/Ac6/SystemWorkbench.app/Contents/Eclipse/plugins/fr.ac6.mcu.externaltools.arm-none.macos64_1.17.0.201812190825/tools/compiler/bin/../lib/gcc/arm-none-eabi/7.3.1/thumb/v7e-m/fpv4-sp/hard/crtbegin.o
                0x00000000080018f8                PROVIDE (__fini_array_end = .)
                0x00000000080018f8                . = ALIGN (0x4)
                0x00000000080018f8                _sidata = LOADADDR (.data)

.data           0x0000000020000000      0x43c load address 0x00000000080018f8
                0x0000000020000000                . = ALIGN (0x4)
                0x0000000020000000                _sdata = .
 *(.data)
 .data          0x0000000020000000       0x10 StdPeriph_Driver/src/stm32f4xx_rcc.o
 *(.data*)
 .data.impure_data
                0x0000000020000010      0x428 /Applications/Ac6/SystemWorkbench.app/Contents/Eclipse/plugins/fr.ac6.mcu.externaltools.arm-none.macos64_1.17.0.201812190825/tools/compiler/bin/../lib/gcc/arm-none-eabi/7.3.1/../../../../arm-none-eabi/lib/thumb/v7e-m/fpv4-sp/hard/libc.a(lib_a-impure.o)
 .data.__atexit_recursive_mutex
                0x0000000020000438        0x4 /Applications/Ac6/SystemWorkbench.app/Contents/Eclipse/plugins/fr.ac6.mcu.externaltools.arm-none.macos64_1.17.0.201812190825/tools/compiler/bin/../lib/gcc/arm-none-eabi/7.3.1/../../../../arm-none-eabi/lib/thumb/v7e-m/fpv4-sp/hard/libc.a(lib_a-__call_atexit.o)
                0x0000000020000438                __atexit_recursive_mutex
                0x000000002000043c                . = ALIGN (0x4)
                0x000000002000043c                _edata = .

.igot.plt       0x000000002000043c        0x0 load address 0x0000000008001d34
 .igot.plt      0x000000002000043c        0x0 /Applications/Ac6/SystemWorkbench.app/Contents/Eclipse/plugins/fr.ac6.mcu.externaltools.arm-none.macos64_1.17.0.201812190825/tools/compiler/bin/../lib/gcc/arm-none-eabi/7.3.1/thumb/v7e-m/fpv4-sp/hard/crtbegin.o
                0x000000002000043c                . = ALIGN (0x4)

.bss            0x000000002000043c      0x108 load address 0x0000000008001d34
                0x000000002000043c                _sbss = .
                0x000000002000043c                __bss_start__ = _sbss
 *(.bss)
 .bss           0x000000002000043c       0x1c /Applications/Ac6/SystemWorkbench.app/Contents/Eclipse/plugins/fr.ac6.mcu.externaltools.arm-none.macos64_1.17.0.201812190825/tools/compiler/bin/../lib/gcc/arm-none-eabi/7.3.1/thumb/v7e-m/fpv4-sp/hard/crtbegin.o
 .bss           0x0000000020000458       0x10 src/uart.o
                0x0000000020000458                Arg_cnt
                0x000000002000045c                Char_cnt
                0x0000000020000460                Com_cnt_front
                0x0000000020000464                Com_cnt_logic
 *(.bss*)
 *(COMMON)
 COMMON         0x0000000020000468       0x10 src/delay.o
                0x0000000020000468                G_CLK
                0x000000002000046c                D_S
                0x0000000020000470                D_uS
                0x0000000020000474                D_mS
 COMMON         0x0000000020000478       0xa8 src/uart.o
                0x0000000020000478                j
                0x000000002000047c                i
                0x0000000020000480                received
 COMMON         0x0000000020000520       0x21 /Applications/Ac6/SystemWorkbench.app/Contents/Eclipse/plugins/fr.ac6.mcu.externaltools.arm-none.macos64_1.17.0.201812190825/tools/compiler/bin/../lib/gcc/arm-none-eabi/7.3.1/../../../../arm-none-eabi/lib/thumb/v7e-m/fpv4-sp/hard/libc.a(lib_a-lock.o)
                0x0000000020000520                __lock___atexit_recursive_mutex
                0x0000000020000524                __lock___arc4random_mutex
                0x0000000020000528                __lock___env_recursive_mutex
                0x000000002000052c                __lock___sinit_recursive_mutex
                0x0000000020000530                __lock___malloc_recursive_mutex
                0x0000000020000534                __lock___at_quick_exit_mutex
                0x0000000020000538                __lock___dd_hash_mutex
                0x000000002000053c                __lock___tz_mutex
                0x0000000020000540                __lock___sfp_recursive_mutex
                0x0000000020000544                . = ALIGN (0x4)
 *fill*         0x0000000020000541        0x3 
                0x0000000020000544                _ebss = .
                0x0000000020000544                __bss_end__ = _ebss

._user_heap_stack
                0x0000000020000544      0x404 load address 0x0000000008001d34
                0x0000000020000548                . = ALIGN (0x8)
 *fill*         0x0000000020000544        0x4 
                0x0000000020000548                PROVIDE (end = .)
                [!provide]                        PROVIDE (_end = .)
                0x0000000020000548                . = (. + _Min_Heap_Size)
                0x0000000020000948                . = (. + _Min_Stack_Size)
 *fill*         0x0000000020000548      0x400 
                0x0000000020000948                . = ALIGN (0x8)

/DISCARD/
 libc.a(*)
 libm.a(*)
 libgcc.a(*)

.ARM.attributes
                0x0000000000000000       0x30
 *(.ARM.attributes)
 .ARM.attributes
                0x0000000000000000       0x22 /Applications/Ac6/SystemWorkbench.app/Contents/Eclipse/plugins/fr.ac6.mcu.externaltools.arm-none.macos64_1.17.0.201812190825/tools/compiler/bin/../lib/gcc/arm-none-eabi/7.3.1/thumb/v7e-m/fpv4-sp/hard/crti.o
 .ARM.attributes
                0x0000000000000022       0x34 /Applications/Ac6/SystemWorkbench.app/Contents/Eclipse/plugins/fr.ac6.mcu.externaltools.arm-none.macos64_1.17.0.201812190825/tools/compiler/bin/../lib/gcc/arm-none-eabi/7.3.1/thumb/v7e-m/fpv4-sp/hard/crtbegin.o
 .ARM.attributes
                0x0000000000000056       0x39 StdPeriph_Driver/src/misc.o
 .ARM.attributes
                0x000000000000008f       0x39 StdPeriph_Driver/src/stm32f4xx_gpio.o
 .ARM.attributes
                0x00000000000000c8       0x39 StdPeriph_Driver/src/stm32f4xx_rcc.o
 .ARM.attributes
                0x0000000000000101       0x39 StdPeriph_Driver/src/stm32f4xx_usart.o
 .ARM.attributes
                0x000000000000013a       0x39 src/LED.o
 .ARM.attributes
                0x0000000000000173       0x39 src/delay.o
 .ARM.attributes
                0x00000000000001ac       0x39 src/main.o
 .ARM.attributes
                0x00000000000001e5       0x39 src/system_stm32f4xx.o
 .ARM.attributes
                0x000000000000021e       0x39 src/uart.o
 .ARM.attributes
                0x0000000000000257       0x21 startup/startup_stm32.o
 .ARM.attributes
                0x0000000000000278       0x22 /Applications/Ac6/SystemWorkbench.app/Contents/Eclipse/plugins/fr.ac6.mcu.externaltools.arm-none.macos64_1.17.0.201812190825/tools/compiler/bin/../lib/gcc/arm-none-eabi/7.3.1/thumb/v7e-m/fpv4-sp/hard/libgcc.a(_arm_addsubdf3.o)
 .ARM.attributes
                0x000000000000029a       0x22 /Applications/Ac6/SystemWorkbench.app/Contents/Eclipse/plugins/fr.ac6.mcu.externaltools.arm-none.macos64_1.17.0.201812190825/tools/compiler/bin/../lib/gcc/arm-none-eabi/7.3.1/thumb/v7e-m/fpv4-sp/hard/libgcc.a(_arm_muldivdf3.o)
 .ARM.attributes
                0x00000000000002bc       0x22 /Applications/Ac6/SystemWorkbench.app/Contents/Eclipse/plugins/fr.ac6.mcu.externaltools.arm-none.macos64_1.17.0.201812190825/tools/compiler/bin/../lib/gcc/arm-none-eabi/7.3.1/thumb/v7e-m/fpv4-sp/hard/libgcc.a(_arm_fixunsdfsi.o)
 .ARM.attributes
                0x00000000000002de       0x34 /Applications/Ac6/SystemWorkbench.app/Contents/Eclipse/plugins/fr.ac6.mcu.externaltools.arm-none.macos64_1.17.0.201812190825/tools/compiler/bin/../lib/gcc/arm-none-eabi/7.3.1/../../../../arm-none-eabi/lib/thumb/v7e-m/fpv4-sp/hard/libc.a(lib_a-impure.o)
 .ARM.attributes
                0x0000000000000312       0x34 /Applications/Ac6/SystemWorkbench.app/Contents/Eclipse/plugins/fr.ac6.mcu.externaltools.arm-none.macos64_1.17.0.201812190825/tools/compiler/bin/../lib/gcc/arm-none-eabi/7.3.1/../../../../arm-none-eabi/lib/thumb/v7e-m/fpv4-sp/hard/libc.a(lib_a-init.o)
 .ARM.attributes
                0x0000000000000346       0x34 /Applications/Ac6/SystemWorkbench.app/Contents/Eclipse/plugins/fr.ac6.mcu.externaltools.arm-none.macos64_1.17.0.201812190825/tools/compiler/bin/../lib/gcc/arm-none-eabi/7.3.1/../../../../arm-none-eabi/lib/thumb/v7e-m/fpv4-sp/hard/libc.a(lib_a-__call_atexit.o)
 .ARM.attributes
                0x000000000000037a       0x34 /Applications/Ac6/SystemWorkbench.app/Contents/Eclipse/plugins/fr.ac6.mcu.externaltools.arm-none.macos64_1.17.0.201812190825/tools/compiler/bin/../lib/gcc/arm-none-eabi/7.3.1/../../../../arm-none-eabi/lib/thumb/v7e-m/fpv4-sp/hard/libc.a(lib_a-atexit.o)
 .ARM.attributes
                0x00000000000003ae       0x34 /Applications/Ac6/SystemWorkbench.app/Contents/Eclipse/plugins/fr.ac6.mcu.externaltools.arm-none.macos64_1.17.0.201812190825/tools/compiler/bin/../lib/gcc/arm-none-eabi/7.3.1/../../../../arm-none-eabi/lib/thumb/v7e-m/fpv4-sp/hard/libc.a(lib_a-fini.o)
 .ARM.attributes
                0x00000000000003e2       0x34 /Applications/Ac6/SystemWorkbench.app/Contents/Eclipse/plugins/fr.ac6.mcu.externaltools.arm-none.macos64_1.17.0.201812190825/tools/compiler/bin/../lib/gcc/arm-none-eabi/7.3.1/../../../../arm-none-eabi/lib/thumb/v7e-m/fpv4-sp/hard/libc.a(lib_a-lock.o)
 .ARM.attributes
                0x0000000000000416       0x34 /Applications/Ac6/SystemWorkbench.app/Contents/Eclipse/plugins/fr.ac6.mcu.externaltools.arm-none.macos64_1.17.0.201812190825/tools/compiler/bin/../lib/gcc/arm-none-eabi/7.3.1/../../../../arm-none-eabi/lib/thumb/v7e-m/fpv4-sp/hard/libc.a(lib_a-__atexit.o)
 .ARM.attributes
                0x000000000000044a       0x22 /Applications/Ac6/SystemWorkbench.app/Contents/Eclipse/plugins/fr.ac6.mcu.externaltools.arm-none.macos64_1.17.0.201812190825/tools/compiler/bin/../lib/gcc/arm-none-eabi/7.3.1/thumb/v7e-m/fpv4-sp/hard/crtn.o
OUTPUT(Frontlayer_VGApi.elf elf32-littlearm)

.debug_info     0x0000000000000000     0x4164
 .debug_info    0x0000000000000000      0x54b StdPeriph_Driver/src/misc.o
 .debug_info    0x000000000000054b      0x62b StdPeriph_Driver/src/stm32f4xx_gpio.o
 .debug_info    0x0000000000000b76      0xe67 StdPeriph_Driver/src/stm32f4xx_rcc.o
 .debug_info    0x00000000000019dd      0x9d4 StdPeriph_Driver/src/stm32f4xx_usart.o
 .debug_info    0x00000000000023b1      0x2c2 src/LED.o
 .debug_info    0x0000000000002673      0x1f5 src/delay.o
 .debug_info    0x0000000000002868      0x169 src/main.o
 .debug_info    0x00000000000029d1      0x612 src/system_stm32f4xx.o
 .debug_info    0x0000000000002fe3     0x115f src/uart.o
 .debug_info    0x0000000000004142       0x22 startup/startup_stm32.o

.debug_abbrev   0x0000000000000000      0xda5
 .debug_abbrev  0x0000000000000000      0x177 StdPeriph_Driver/src/misc.o
 .debug_abbrev  0x0000000000000177      0x1bf StdPeriph_Driver/src/stm32f4xx_gpio.o
 .debug_abbrev  0x0000000000000336      0x1d4 StdPeriph_Driver/src/stm32f4xx_rcc.o
 .debug_abbrev  0x000000000000050a      0x187 StdPeriph_Driver/src/stm32f4xx_usart.o
 .debug_abbrev  0x0000000000000691      0x11b src/LED.o
 .debug_abbrev  0x00000000000007ac      0x100 src/delay.o
 .debug_abbrev  0x00000000000008ac       0xdd src/main.o
 .debug_abbrev  0x0000000000000989      0x15d src/system_stm32f4xx.o
 .debug_abbrev  0x0000000000000ae6      0x2ad src/uart.o
 .debug_abbrev  0x0000000000000d93       0x12 startup/startup_stm32.o

.debug_aranges  0x0000000000000000      0x4c0
 .debug_aranges
                0x0000000000000000       0x40 StdPeriph_Driver/src/misc.o
 .debug_aranges
                0x0000000000000040       0x88 StdPeriph_Driver/src/stm32f4xx_gpio.o
 .debug_aranges
                0x00000000000000c8      0x1c0 StdPeriph_Driver/src/stm32f4xx_rcc.o
 .debug_aranges
                0x0000000000000288      0x100 StdPeriph_Driver/src/stm32f4xx_usart.o
 .debug_aranges
                0x0000000000000388       0x20 src/LED.o
 .debug_aranges
                0x00000000000003a8       0x38 src/delay.o
 .debug_aranges
                0x00000000000003e0       0x20 src/main.o
 .debug_aranges
                0x0000000000000400       0x30 src/system_stm32f4xx.o
 .debug_aranges
                0x0000000000000430       0x68 src/uart.o
 .debug_aranges
                0x0000000000000498       0x28 startup/startup_stm32.o

.debug_ranges   0x0000000000000000      0x428
 .debug_ranges  0x0000000000000000       0x30 StdPeriph_Driver/src/misc.o
 .debug_ranges  0x0000000000000030       0x78 StdPeriph_Driver/src/stm32f4xx_gpio.o
 .debug_ranges  0x00000000000000a8      0x1b0 StdPeriph_Driver/src/stm32f4xx_rcc.o
 .debug_ranges  0x0000000000000258       0xf0 StdPeriph_Driver/src/stm32f4xx_usart.o
 .debug_ranges  0x0000000000000348       0x10 src/LED.o
 .debug_ranges  0x0000000000000358       0x28 src/delay.o
 .debug_ranges  0x0000000000000380       0x10 src/main.o
 .debug_ranges  0x0000000000000390       0x20 src/system_stm32f4xx.o
 .debug_ranges  0x00000000000003b0       0x58 src/uart.o
 .debug_ranges  0x0000000000000408       0x20 startup/startup_stm32.o

.debug_macro    0x0000000000000000    0x1058e
 .debug_macro   0x0000000000000000      0x1be StdPeriph_Driver/src/misc.o
 .debug_macro   0x00000000000001be      0xa78 StdPeriph_Driver/src/misc.o
 .debug_macro   0x0000000000000c36       0x6b StdPeriph_Driver/src/misc.o
 .debug_macro   0x0000000000000ca1       0x3b StdPeriph_Driver/src/misc.o
 .debug_macro   0x0000000000000cdc       0x22 StdPeriph_Driver/src/misc.o
 .debug_macro   0x0000000000000cfe       0x8e StdPeriph_Driver/src/misc.o
 .debug_macro   0x0000000000000d8c       0x51 StdPeriph_Driver/src/misc.o
 .debug_macro   0x0000000000000ddd       0xef StdPeriph_Driver/src/misc.o
 .debug_macro   0x0000000000000ecc       0x6a StdPeriph_Driver/src/misc.o
 .debug_macro   0x0000000000000f36      0x1df StdPeriph_Driver/src/misc.o
 .debug_macro   0x0000000000001115       0x34 StdPeriph_Driver/src/misc.o
 .debug_macro   0x0000000000001149       0x26 StdPeriph_Driver/src/misc.o
 .debug_macro   0x000000000000116f      0xe43 StdPeriph_Driver/src/misc.o
 .debug_macro   0x0000000000001fb2     0x91ad StdPeriph_Driver/src/misc.o
 .debug_macro   0x000000000000b15f      0x44f StdPeriph_Driver/src/misc.o
 .debug_macro   0x000000000000b5ae       0xb2 StdPeriph_Driver/src/misc.o
 .debug_macro   0x000000000000b660      0x477 StdPeriph_Driver/src/misc.o
 .debug_macro   0x000000000000bad7       0xb5 StdPeriph_Driver/src/misc.o
 .debug_macro   0x000000000000bb8c      0x41c StdPeriph_Driver/src/misc.o
 .debug_macro   0x000000000000bfa8      0x2fb StdPeriph_Driver/src/misc.o
 .debug_macro   0x000000000000c2a3      0x2ba StdPeriph_Driver/src/misc.o
 .debug_macro   0x000000000000c55d       0x64 StdPeriph_Driver/src/misc.o
 .debug_macro   0x000000000000c5c1       0xee StdPeriph_Driver/src/misc.o
 .debug_macro   0x000000000000c6af      0x65f StdPeriph_Driver/src/misc.o
 .debug_macro   0x000000000000cd0e      0x59e StdPeriph_Driver/src/misc.o
 .debug_macro   0x000000000000d2ac      0x342 StdPeriph_Driver/src/misc.o
 .debug_macro   0x000000000000d5ee      0x36c StdPeriph_Driver/src/misc.o
 .debug_macro   0x000000000000d95a      0x114 StdPeriph_Driver/src/misc.o
 .debug_macro   0x000000000000da6e      0x73b StdPeriph_Driver/src/misc.o
 .debug_macro   0x000000000000e1a9      0x223 StdPeriph_Driver/src/misc.o
 .debug_macro   0x000000000000e3cc       0x34 StdPeriph_Driver/src/misc.o
 .debug_macro   0x000000000000e400      0x144 StdPeriph_Driver/src/misc.o
 .debug_macro   0x000000000000e544       0xc3 StdPeriph_Driver/src/misc.o
 .debug_macro   0x000000000000e607       0x40 StdPeriph_Driver/src/misc.o
 .debug_macro   0x000000000000e647      0x3cf StdPeriph_Driver/src/misc.o
 .debug_macro   0x000000000000ea16      0x188 StdPeriph_Driver/src/misc.o
 .debug_macro   0x000000000000eb9e      0x149 StdPeriph_Driver/src/misc.o
 .debug_macro   0x000000000000ece7       0x35 StdPeriph_Driver/src/misc.o
 .debug_macro   0x000000000000ed1c       0x7c StdPeriph_Driver/src/misc.o
 .debug_macro   0x000000000000ed98      0x1bc StdPeriph_Driver/src/stm32f4xx_gpio.o
 .debug_macro   0x000000000000ef54      0x2f5 StdPeriph_Driver/src/stm32f4xx_gpio.o
 .debug_macro   0x000000000000f249      0x28b StdPeriph_Driver/src/stm32f4xx_rcc.o
 .debug_macro   0x000000000000f4d4      0x1d4 StdPeriph_Driver/src/stm32f4xx_usart.o
 .debug_macro   0x000000000000f6a8      0x21d StdPeriph_Driver/src/stm32f4xx_usart.o
 .debug_macro   0x000000000000f8c5      0x1bc src/LED.o
 .debug_macro   0x000000000000fa81      0x1ba src/delay.o
 .debug_macro   0x000000000000fc3b      0x1f6 src/main.o
 .debug_macro   0x000000000000fe31       0x10 src/main.o
 .debug_macro   0x000000000000fe41      0x1d2 src/system_stm32f4xx.o
 .debug_macro   0x0000000000010013      0x373 src/uart.o
 .debug_macro   0x0000000000010386       0x5e src/uart.o
 .debug_macro   0x00000000000103e4       0x16 src/uart.o
 .debug_macro   0x00000000000103fa       0x97 src/uart.o
 .debug_macro   0x0000000000010491       0xfd src/uart.o

.debug_line     0x0000000000000000     0x494b
 .debug_line    0x0000000000000000      0x70f StdPeriph_Driver/src/misc.o
 .debug_line    0x000000000000070f      0x835 StdPeriph_Driver/src/stm32f4xx_gpio.o
 .debug_line    0x0000000000000f44      0xb29 StdPeriph_Driver/src/stm32f4xx_rcc.o
 .debug_line    0x0000000000001a6d      0x97b StdPeriph_Driver/src/stm32f4xx_usart.o
 .debug_line    0x00000000000023e8      0x6a1 src/LED.o
 .debug_line    0x0000000000002a89      0x712 src/delay.o
 .debug_line    0x000000000000319b      0x6cd src/main.o
 .debug_line    0x0000000000003868      0x72a src/system_stm32f4xx.o
 .debug_line    0x0000000000003f92      0x93d src/uart.o
 .debug_line    0x00000000000048cf       0x7c startup/startup_stm32.o

.debug_str      0x0000000000000000    0x64b62
 .debug_str     0x0000000000000000    0x5ea6c StdPeriph_Driver/src/misc.o
                                      0x5ec0e (size before relaxing)
 .debug_str     0x000000000005ea6c      0x2cb StdPeriph_Driver/src/stm32f4xx_gpio.o
                                      0x5ecb6 (size before relaxing)
 .debug_str     0x000000000005ed37      0xd6c StdPeriph_Driver/src/stm32f4xx_rcc.o
                                      0x5f7c3 (size before relaxing)
 .debug_str     0x000000000005faa3      0x53a StdPeriph_Driver/src/stm32f4xx_usart.o
                                      0x5efc9 (size before relaxing)
 .debug_str     0x000000000005ffdd       0x2a src/LED.o
                                      0x5eb42 (size before relaxing)
 .debug_str     0x0000000000060007       0x49 src/delay.o
                                      0x5ea15 (size before relaxing)
 .debug_str     0x0000000000060050      0x304 src/main.o
                                      0x5ec77 (size before relaxing)
 .debug_str     0x0000000000060354       0xc7 src/system_stm32f4xx.o
                                      0x5ec09 (size before relaxing)
 .debug_str     0x000000000006041b     0x471e src/uart.o
                                      0x6373d (size before relaxing)
 .debug_str     0x0000000000064b39       0x29 startup/startup_stm32.o
                                         0x71 (size before relaxing)

.comment        0x0000000000000000       0x7f
 .comment       0x0000000000000000       0x7f StdPeriph_Driver/src/misc.o
                                         0x80 (size before relaxing)
 .comment       0x000000000000007f       0x80 StdPeriph_Driver/src/stm32f4xx_gpio.o
 .comment       0x000000000000007f       0x80 StdPeriph_Driver/src/stm32f4xx_rcc.o
 .comment       0x000000000000007f       0x80 StdPeriph_Driver/src/stm32f4xx_usart.o
 .comment       0x000000000000007f       0x80 src/LED.o
 .comment       0x000000000000007f       0x80 src/delay.o
 .comment       0x000000000000007f       0x80 src/main.o
 .comment       0x000000000000007f       0x80 src/system_stm32f4xx.o
 .comment       0x000000000000007f       0x80 src/uart.o

.debug_frame    0x0000000000000000     0x15c8
 .debug_frame   0x0000000000000000       0xd8 StdPeriph_Driver/src/misc.o
 .debug_frame   0x00000000000000d8      0x23c StdPeriph_Driver/src/stm32f4xx_gpio.o
 .debug_frame   0x0000000000000314      0x83c StdPeriph_Driver/src/stm32f4xx_rcc.o
 .debug_frame   0x0000000000000b50      0x490 StdPeriph_Driver/src/stm32f4xx_usart.o
 .debug_frame   0x0000000000000fe0       0x34 src/LED.o
 .debug_frame   0x0000000000001014       0xb0 src/delay.o
 .debug_frame   0x00000000000010c4       0x30 src/main.o
 .debug_frame   0x00000000000010f4       0x7c src/system_stm32f4xx.o
 .debug_frame   0x0000000000001170      0x178 src/uart.o
 .debug_frame   0x00000000000012e8       0xac /Applications/Ac6/SystemWorkbench.app/Contents/Eclipse/plugins/fr.ac6.mcu.externaltools.arm-none.macos64_1.17.0.201812190825/tools/compiler/bin/../lib/gcc/arm-none-eabi/7.3.1/thumb/v7e-m/fpv4-sp/hard/libgcc.a(_arm_addsubdf3.o)
 .debug_frame   0x0000000000001394       0x50 /Applications/Ac6/SystemWorkbench.app/Contents/Eclipse/plugins/fr.ac6.mcu.externaltools.arm-none.macos64_1.17.0.201812190825/tools/compiler/bin/../lib/gcc/arm-none-eabi/7.3.1/thumb/v7e-m/fpv4-sp/hard/libgcc.a(_arm_muldivdf3.o)
 .debug_frame   0x00000000000013e4       0x24 /Applications/Ac6/SystemWorkbench.app/Contents/Eclipse/plugins/fr.ac6.mcu.externaltools.arm-none.macos64_1.17.0.201812190825/tools/compiler/bin/../lib/gcc/arm-none-eabi/7.3.1/thumb/v7e-m/fpv4-sp/hard/libgcc.a(_arm_fixunsdfsi.o)
 .debug_frame   0x0000000000001408       0x2c /Applications/Ac6/SystemWorkbench.app/Contents/Eclipse/plugins/fr.ac6.mcu.externaltools.arm-none.macos64_1.17.0.201812190825/tools/compiler/bin/../lib/gcc/arm-none-eabi/7.3.1/../../../../arm-none-eabi/lib/thumb/v7e-m/fpv4-sp/hard/libc.a(lib_a-init.o)
 .debug_frame   0x0000000000001434       0x5c /Applications/Ac6/SystemWorkbench.app/Contents/Eclipse/plugins/fr.ac6.mcu.externaltools.arm-none.macos64_1.17.0.201812190825/tools/compiler/bin/../lib/gcc/arm-none-eabi/7.3.1/../../../../arm-none-eabi/lib/thumb/v7e-m/fpv4-sp/hard/libc.a(lib_a-__call_atexit.o)
 .debug_frame   0x0000000000001490       0x20 /Applications/Ac6/SystemWorkbench.app/Contents/Eclipse/plugins/fr.ac6.mcu.externaltools.arm-none.macos64_1.17.0.201812190825/tools/compiler/bin/../lib/gcc/arm-none-eabi/7.3.1/../../../../arm-none-eabi/lib/thumb/v7e-m/fpv4-sp/hard/libc.a(lib_a-atexit.o)
 .debug_frame   0x00000000000014b0       0x34 /Applications/Ac6/SystemWorkbench.app/Contents/Eclipse/plugins/fr.ac6.mcu.externaltools.arm-none.macos64_1.17.0.201812190825/tools/compiler/bin/../lib/gcc/arm-none-eabi/7.3.1/../../../../arm-none-eabi/lib/thumb/v7e-m/fpv4-sp/hard/libc.a(lib_a-fini.o)
 .debug_frame   0x00000000000014e4       0xb0 /Applications/Ac6/SystemWorkbench.app/Contents/Eclipse/plugins/fr.ac6.mcu.externaltools.arm-none.macos64_1.17.0.201812190825/tools/compiler/bin/../lib/gcc/arm-none-eabi/7.3.1/../../../../arm-none-eabi/lib/thumb/v7e-m/fpv4-sp/hard/libc.a(lib_a-lock.o)
 .debug_frame   0x0000000000001594       0x34 /Applications/Ac6/SystemWorkbench.app/Contents/Eclipse/plugins/fr.ac6.mcu.externaltools.arm-none.macos64_1.17.0.201812190825/tools/compiler/bin/../lib/gcc/arm-none-eabi/7.3.1/../../../../arm-none-eabi/lib/thumb/v7e-m/fpv4-sp/hard/libc.a(lib_a-__atexit.o)
