Archive member included because of file (symbol)

c:/program files (x86)/gnu tools arm embedded/4.8 2013q4/bin/../lib/gcc/arm-none-eabi/4.8.3/../../../../arm-none-eabi/lib/armv7e-m\libm.a(lib_a-s_floor.o)
                              ..\obj\HSVtoRGB.o (floor)
c:/program files (x86)/gnu tools arm embedded/4.8 2013q4/bin/../lib/gcc/arm-none-eabi/4.8.3/armv7e-m\libgcc.a(_arm_addsubdf3.o)
                              ..\obj\IO_draw.o (__aeabi_dsub)
c:/program files (x86)/gnu tools arm embedded/4.8 2013q4/bin/../lib/gcc/arm-none-eabi/4.8.3/armv7e-m\libgcc.a(_arm_muldivdf3.o)
                              ..\obj\delay.o (__aeabi_dmul)
c:/program files (x86)/gnu tools arm embedded/4.8 2013q4/bin/../lib/gcc/arm-none-eabi/4.8.3/armv7e-m\libgcc.a(_arm_cmpdf2.o)
                              ..\obj\IO_draw.o (__aeabi_dcmpeq)
c:/program files (x86)/gnu tools arm embedded/4.8 2013q4/bin/../lib/gcc/arm-none-eabi/4.8.3/armv7e-m\libgcc.a(_arm_fixdfsi.o)
                              ..\obj\IO_draw.o (__aeabi_d2iz)
c:/program files (x86)/gnu tools arm embedded/4.8 2013q4/bin/../lib/gcc/arm-none-eabi/4.8.3/armv7e-m\libgcc.a(_arm_fixunsdfsi.o)
                              ..\obj\delay.o (__aeabi_d2uiz)
c:/program files (x86)/gnu tools arm embedded/4.8 2013q4/bin/../lib/gcc/arm-none-eabi/4.8.3/armv7e-m\libgcc.a(_arm_addsubsf3.o)
                              ..\obj\HSVtoRGB.o (__aeabi_fsub)
c:/program files (x86)/gnu tools arm embedded/4.8 2013q4/bin/../lib/gcc/arm-none-eabi/4.8.3/armv7e-m\libgcc.a(_arm_muldivsf3.o)
                              ..\obj\HSVtoRGB.o (__aeabi_fmul)
c:/program files (x86)/gnu tools arm embedded/4.8 2013q4/bin/../lib/gcc/arm-none-eabi/4.8.3/armv7e-m\libgcc.a(_arm_cmpsf2.o)
                              ..\obj\HSVtoRGB.o (__aeabi_fcmplt)
c:/program files (x86)/gnu tools arm embedded/4.8 2013q4/bin/../lib/gcc/arm-none-eabi/4.8.3/../../../../arm-none-eabi/lib/armv7e-m\libg.a(lib_a-atoi.o)
                              ..\obj\LogicLayer.o (atoi)
c:/program files (x86)/gnu tools arm embedded/4.8 2013q4/bin/../lib/gcc/arm-none-eabi/4.8.3/../../../../arm-none-eabi/lib/armv7e-m\libg.a(lib_a-malloc.o)
                              ..\obj\LogicLayer.o (malloc)
c:/program files (x86)/gnu tools arm embedded/4.8 2013q4/bin/../lib/gcc/arm-none-eabi/4.8.3/../../../../arm-none-eabi/lib/armv7e-m\libg.a(lib_a-mallocr.o)
                              c:/program files (x86)/gnu tools arm embedded/4.8 2013q4/bin/../lib/gcc/arm-none-eabi/4.8.3/../../../../arm-none-eabi/lib/armv7e-m\libg.a(lib_a-malloc.o) (_malloc_r)
c:/program files (x86)/gnu tools arm embedded/4.8 2013q4/bin/../lib/gcc/arm-none-eabi/4.8.3/../../../../arm-none-eabi/lib/armv7e-m\libg.a(lib_a-memcpy.o)
                              ..\obj\LogicLayer.o (memcpy)
c:/program files (x86)/gnu tools arm embedded/4.8 2013q4/bin/../lib/gcc/arm-none-eabi/4.8.3/../../../../arm-none-eabi/lib/armv7e-m\libg.a(lib_a-mlock.o)
                              c:/program files (x86)/gnu tools arm embedded/4.8 2013q4/bin/../lib/gcc/arm-none-eabi/4.8.3/../../../../arm-none-eabi/lib/armv7e-m\libg.a(lib_a-mallocr.o) (__malloc_lock)
c:/program files (x86)/gnu tools arm embedded/4.8 2013q4/bin/../lib/gcc/arm-none-eabi/4.8.3/../../../../arm-none-eabi/lib/armv7e-m\libg.a(lib_a-sbrkr.o)
                              c:/program files (x86)/gnu tools arm embedded/4.8 2013q4/bin/../lib/gcc/arm-none-eabi/4.8.3/../../../../arm-none-eabi/lib/armv7e-m\libg.a(lib_a-mallocr.o) (_sbrk_r)
c:/program files (x86)/gnu tools arm embedded/4.8 2013q4/bin/../lib/gcc/arm-none-eabi/4.8.3/../../../../arm-none-eabi/lib/armv7e-m\libg.a(lib_a-strcmp.o)
                              ..\obj\LogicLayer.o (strcmp)
c:/program files (x86)/gnu tools arm embedded/4.8 2013q4/bin/../lib/gcc/arm-none-eabi/4.8.3/../../../../arm-none-eabi/lib/armv7e-m\libg.a(lib_a-strcpy.o)
                              ..\obj\IO_draw.o (strcpy)
c:/program files (x86)/gnu tools arm embedded/4.8 2013q4/bin/../lib/gcc/arm-none-eabi/4.8.3/../../../../arm-none-eabi/lib/armv7e-m\libg.a(lib_a-strtol.o)
                              c:/program files (x86)/gnu tools arm embedded/4.8 2013q4/bin/../lib/gcc/arm-none-eabi/4.8.3/../../../../arm-none-eabi/lib/armv7e-m\libg.a(lib_a-atoi.o) (_strtol_r)
c:/program files (x86)/gnu tools arm embedded/4.8 2013q4/bin/../lib/gcc/arm-none-eabi/4.8.3/../../../../arm-none-eabi/lib/armv7e-m\libg.a(lib_a-ctype_.o)
                              c:/program files (x86)/gnu tools arm embedded/4.8 2013q4/bin/../lib/gcc/arm-none-eabi/4.8.3/../../../../arm-none-eabi/lib/armv7e-m\libg.a(lib_a-strtol.o) (__ctype_ptr__)
c:/program files (x86)/gnu tools arm embedded/4.8 2013q4/bin/../lib/gcc/arm-none-eabi/4.8.3/../../../../arm-none-eabi/lib/armv7e-m\libg.a(lib_a-freer.o)
                              c:/program files (x86)/gnu tools arm embedded/4.8 2013q4/bin/../lib/gcc/arm-none-eabi/4.8.3/../../../../arm-none-eabi/lib/armv7e-m\libg.a(lib_a-malloc.o) (_free_r)
c:/program files (x86)/gnu tools arm embedded/4.8 2013q4/bin/../lib/gcc/arm-none-eabi/4.8.3/../../../../arm-none-eabi/lib/armv7e-m\libg.a(lib_a-impure.o)
                              c:/program files (x86)/gnu tools arm embedded/4.8 2013q4/bin/../lib/gcc/arm-none-eabi/4.8.3/../../../../arm-none-eabi/lib/armv7e-m\libg.a(lib_a-malloc.o) (_impure_ptr)
c:/program files (x86)/gnu tools arm embedded/4.8 2013q4/bin/../lib/gcc/arm-none-eabi/4.8.3/../../../../arm-none-eabi/lib/armv7e-m\libg.a(lib_a-reent.o)
                              c:/program files (x86)/gnu tools arm embedded/4.8 2013q4/bin/../lib/gcc/arm-none-eabi/4.8.3/../../../../arm-none-eabi/lib/armv7e-m\libg.a(lib_a-sbrkr.o) (errno)

Allocating common symbols
Common symbol       size              file

G_CLK               0x4               ..\obj\delay.o
D_S                 0x4               ..\obj\delay.o
errno               0x4               c:/program files (x86)/gnu tools arm embedded/4.8 2013q4/bin/../lib/gcc/arm-none-eabi/4.8.3/../../../../arm-none-eabi/lib/armv7e-m\libg.a(lib_a-reent.o)
D_uS                0x4               ..\obj\delay.o
VGA                 0xc               ..\obj\delay.o
VGA_RAM1            0x12cf0           ..\obj\delay.o
front_to_logic_Q    0x10              ..\obj\delay.o
D_mS                0x4               ..\obj\delay.o

Discarded input sections

 .text          0x00000000        0x0 ..\obj\delay.o
 .data          0x00000000        0x0 ..\obj\delay.o
 .bss           0x00000000        0x0 ..\obj\delay.o
 .text.DELAY_us
                0x00000000       0x3c ..\obj\delay.o
 .text.DELAY_s  0x00000000       0x3c ..\obj\delay.o
 .text          0x00000000        0x0 ..\obj\startup_stm32f4xx.o
 .data          0x00000000        0x0 ..\obj\startup_stm32f4xx.o
 .bss           0x00000000        0x0 ..\obj\startup_stm32f4xx.o
 .text          0x00000000        0x0 ..\obj\LogicLayer.o
 .data          0x00000000        0x0 ..\obj\LogicLayer.o
 .bss           0x00000000        0x0 ..\obj\LogicLayer.o
 .text.LOGIC_errorhandler
                0x00000000       0x14 ..\obj\LogicLayer.o
 .text.API_Qwriter
                0x00000000       0x74 ..\obj\LogicLayer.o
 .text.API_Qreader_stealth
                0x00000000       0x48 ..\obj\LogicLayer.o
 .text          0x00000000        0x0 ..\obj\main.o
 .data          0x00000000        0x0 ..\obj\main.o
 .bss           0x00000000        0x0 ..\obj\main.o
 .text          0x00000000        0x0 ..\obj\stm32f4xx_rcc.o
 .bss           0x00000000        0x0 ..\obj\stm32f4xx_rcc.o
 .text.RCC_DeInit
                0x00000000       0x50 ..\obj\stm32f4xx_rcc.o
 .text.RCC_HSEConfig
                0x00000000       0x24 ..\obj\stm32f4xx_rcc.o
 .text.RCC_WaitForHSEStartUp
                0x00000000       0x50 ..\obj\stm32f4xx_rcc.o
 .text.RCC_AdjustHSICalibrationValue
                0x00000000       0x3c ..\obj\stm32f4xx_rcc.o
 .text.RCC_HSICmd
                0x00000000       0x20 ..\obj\stm32f4xx_rcc.o
 .text.RCC_LSEConfig
                0x00000000       0x40 ..\obj\stm32f4xx_rcc.o
 .text.RCC_LSICmd
                0x00000000       0x20 ..\obj\stm32f4xx_rcc.o
 .text.RCC_PLLConfig
                0x00000000       0x3c ..\obj\stm32f4xx_rcc.o
 .text.RCC_PLLCmd
                0x00000000       0x20 ..\obj\stm32f4xx_rcc.o
 .text.RCC_PLLI2SConfig
                0x00000000       0x28 ..\obj\stm32f4xx_rcc.o
 .text.RCC_PLLI2SCmd
                0x00000000       0x20 ..\obj\stm32f4xx_rcc.o
 .text.RCC_ClockSecuritySystemCmd
                0x00000000       0x20 ..\obj\stm32f4xx_rcc.o
 .text.RCC_MCO1Config
                0x00000000       0x3c ..\obj\stm32f4xx_rcc.o
 .text.RCC_MCO2Config
                0x00000000       0x3c ..\obj\stm32f4xx_rcc.o
 .text.RCC_SYSCLKConfig
                0x00000000       0x38 ..\obj\stm32f4xx_rcc.o
 .text.RCC_GetSYSCLKSource
                0x00000000       0x20 ..\obj\stm32f4xx_rcc.o
 .text.RCC_HCLKConfig
                0x00000000       0x38 ..\obj\stm32f4xx_rcc.o
 .text.RCC_PCLK1Config
                0x00000000       0x38 ..\obj\stm32f4xx_rcc.o
 .text.RCC_PCLK2Config
                0x00000000       0x38 ..\obj\stm32f4xx_rcc.o
 .text.RCC_RTCCLKConfig
                0x00000000       0x5c ..\obj\stm32f4xx_rcc.o
 .text.RCC_RTCCLKCmd
                0x00000000       0x20 ..\obj\stm32f4xx_rcc.o
 .text.RCC_BackupResetCmd
                0x00000000       0x20 ..\obj\stm32f4xx_rcc.o
 .text.RCC_I2SCLKConfig
                0x00000000       0x1c ..\obj\stm32f4xx_rcc.o
 .text.RCC_AHB2PeriphClockCmd
                0x00000000       0x3c ..\obj\stm32f4xx_rcc.o
 .text.RCC_AHB3PeriphClockCmd
                0x00000000       0x3c ..\obj\stm32f4xx_rcc.o
 .text.RCC_AHB1PeriphResetCmd
                0x00000000       0x3c ..\obj\stm32f4xx_rcc.o
 .text.RCC_AHB2PeriphResetCmd
                0x00000000       0x3c ..\obj\stm32f4xx_rcc.o
 .text.RCC_AHB3PeriphResetCmd
                0x00000000       0x3c ..\obj\stm32f4xx_rcc.o
 .text.RCC_APB1PeriphResetCmd
                0x00000000       0x3c ..\obj\stm32f4xx_rcc.o
 .text.RCC_APB2PeriphResetCmd
                0x00000000       0x3c ..\obj\stm32f4xx_rcc.o
 .text.RCC_AHB1PeriphClockLPModeCmd
                0x00000000       0x3c ..\obj\stm32f4xx_rcc.o
 .text.RCC_AHB2PeriphClockLPModeCmd
                0x00000000       0x3c ..\obj\stm32f4xx_rcc.o
 .text.RCC_AHB3PeriphClockLPModeCmd
                0x00000000       0x3c ..\obj\stm32f4xx_rcc.o
 .text.RCC_APB1PeriphClockLPModeCmd
                0x00000000       0x3c ..\obj\stm32f4xx_rcc.o
 .text.RCC_APB2PeriphClockLPModeCmd
                0x00000000       0x3c ..\obj\stm32f4xx_rcc.o
 .text.RCC_ITConfig
                0x00000000       0x48 ..\obj\stm32f4xx_rcc.o
 .text.RCC_GetFlagStatus
                0x00000000       0x74 ..\obj\stm32f4xx_rcc.o
 .text.RCC_ClearFlag
                0x00000000       0x1c ..\obj\stm32f4xx_rcc.o
 .text.RCC_GetITStatus
                0x00000000       0x38 ..\obj\stm32f4xx_rcc.o
 .text.RCC_ClearITPendingBit
                0x00000000       0x20 ..\obj\stm32f4xx_rcc.o
 .text          0x00000000        0x0 ..\obj\IO_draw.o
 .bss           0x00000000        0x0 ..\obj\IO_draw.o
 .text          0x00000000        0x0 ..\obj\HSVtoRGB.o
 .data          0x00000000        0x0 ..\obj\HSVtoRGB.o
 .bss           0x00000000        0x0 ..\obj\HSVtoRGB.o
 .text.Clamp    0x00000000       0x2c ..\obj\HSVtoRGB.o
 .text.HsvToRgb
                0x00000000      0x290 ..\obj\HSVtoRGB.o
 .debug_info    0x00000000      0x245 ..\obj\HSVtoRGB.o
 .debug_abbrev  0x00000000      0x103 ..\obj\HSVtoRGB.o
 .debug_aranges
                0x00000000       0x28 ..\obj\HSVtoRGB.o
 .debug_ranges  0x00000000       0x18 ..\obj\HSVtoRGB.o
 .debug_line    0x00000000      0x1fd ..\obj\HSVtoRGB.o
 .debug_str     0x00000000      0x1df ..\obj\HSVtoRGB.o
 .comment       0x00000000       0x71 ..\obj\HSVtoRGB.o
 .ARM.attributes
                0x00000000       0x33 ..\obj\HSVtoRGB.o
 .debug_frame   0x00000000       0x4c ..\obj\HSVtoRGB.o
 .text          0x00000000        0x0 ..\obj\stm32f4xx_gpio.o
 .data          0x00000000        0x0 ..\obj\stm32f4xx_gpio.o
 .bss           0x00000000        0x0 ..\obj\stm32f4xx_gpio.o
 .text.GPIO_DeInit
                0x00000000      0x120 ..\obj\stm32f4xx_gpio.o
 .text.GPIO_StructInit
                0x00000000       0x34 ..\obj\stm32f4xx_gpio.o
 .text.GPIO_PinLockConfig
                0x00000000       0x44 ..\obj\stm32f4xx_gpio.o
 .text.GPIO_ReadInputData
                0x00000000       0x1c ..\obj\stm32f4xx_gpio.o
 .text.GPIO_ReadOutputDataBit
                0x00000000       0x34 ..\obj\stm32f4xx_gpio.o
 .text.GPIO_ReadOutputData
                0x00000000       0x1c ..\obj\stm32f4xx_gpio.o
 .text.GPIO_WriteBit
                0x00000000       0x30 ..\obj\stm32f4xx_gpio.o
 .text.GPIO_Write
                0x00000000       0x1c ..\obj\stm32f4xx_gpio.o
 .text.GPIO_ToggleBits
                0x00000000       0x24 ..\obj\stm32f4xx_gpio.o
 .text          0x00000000        0x0 ..\obj\system_stm32f4xx.o
 .data          0x00000000       0x14 ..\obj\system_stm32f4xx.o
 .bss           0x00000000        0x0 ..\obj\system_stm32f4xx.o
 .text.SystemCoreClockUpdate
                0x00000000       0xf8 ..\obj\system_stm32f4xx.o
 .text          0x00000000        0x0 ..\obj\syscalls.o
 .data          0x00000000        0x0 ..\obj\syscalls.o
 .text.link     0x00000000       0x1c ..\obj\syscalls.o
 .text._close   0x00000000       0x18 ..\obj\syscalls.o
 .text._fstat   0x00000000       0x20 ..\obj\syscalls.o
 .text._isatty  0x00000000       0x18 ..\obj\syscalls.o
 .text._lseek   0x00000000       0x1c ..\obj\syscalls.o
 .text._read    0x00000000       0x1c ..\obj\syscalls.o
 .text._write   0x00000000       0x1c ..\obj\syscalls.o
 .text.abort    0x00000000        0x8 ..\obj\syscalls.o
 .text          0x00000000        0x0 ..\obj\stm32f4xx_dma.o
 .data          0x00000000        0x0 ..\obj\stm32f4xx_dma.o
 .bss           0x00000000        0x0 ..\obj\stm32f4xx_dma.o
 .text.DMA_StructInit
                0x00000000       0x6c ..\obj\stm32f4xx_dma.o
 .text.DMA_PeriphIncOffsetSizeConfig
                0x00000000       0x34 ..\obj\stm32f4xx_dma.o
 .text.DMA_FlowControllerConfig
                0x00000000       0x34 ..\obj\stm32f4xx_dma.o
 .text.DMA_SetCurrDataCounter
                0x00000000       0x1c ..\obj\stm32f4xx_dma.o
 .text.DMA_GetCurrDataCounter
                0x00000000       0x1c ..\obj\stm32f4xx_dma.o
 .text.DMA_DoubleBufferModeConfig
                0x00000000       0x3c ..\obj\stm32f4xx_dma.o
 .text.DMA_DoubleBufferModeCmd
                0x00000000       0x38 ..\obj\stm32f4xx_dma.o
 .text.DMA_MemoryTargetConfig
                0x00000000       0x2c ..\obj\stm32f4xx_dma.o
 .text.DMA_GetCurrentMemoryTarget
                0x00000000       0x30 ..\obj\stm32f4xx_dma.o
 .text.DMA_GetCmdStatus
                0x00000000       0x30 ..\obj\stm32f4xx_dma.o
 .text.DMA_GetFIFOStatus
                0x00000000       0x24 ..\obj\stm32f4xx_dma.o
 .text.DMA_GetFlagStatus
                0x00000000       0x78 ..\obj\stm32f4xx_dma.o
 .text.DMA_ClearFlag
                0x00000000       0x5c ..\obj\stm32f4xx_dma.o
 .text          0x00000000        0x0 ..\obj\lcd.o
 .text.LCD_cursor_home
                0x00000000       0x18 ..\obj\lcd.o
 .text          0x00000000        0x0 ..\obj\stm32_ub_vga_screen.o
 .data          0x00000000        0x0 ..\obj\stm32_ub_vga_screen.o
 .bss           0x00000000        0x0 ..\obj\stm32_ub_vga_screen.o
 .text          0x00000000        0x0 ..\obj\misc.o
 .data          0x00000000        0x0 ..\obj\misc.o
 .bss           0x00000000        0x0 ..\obj\misc.o
 .text.NVIC_PriorityGroupConfig
                0x00000000       0x24 ..\obj\misc.o
 .text.NVIC_SetVectorTable
                0x00000000       0x2c ..\obj\misc.o
 .text.NVIC_SystemLPConfig
                0x00000000       0x40 ..\obj\misc.o
 .text.SysTick_CLKSourceConfig
                0x00000000       0x38 ..\obj\misc.o
 .text          0x00000000        0x0 ..\obj\stm32f4xx_tim.o
 .data          0x00000000        0x0 ..\obj\stm32f4xx_tim.o
 .bss           0x00000000        0x0 ..\obj\stm32f4xx_tim.o
 .text.TIM_DeInit
                0x00000000      0x1bc ..\obj\stm32f4xx_tim.o
 .text.TIM_TimeBaseStructInit
                0x00000000       0x34 ..\obj\stm32f4xx_tim.o
 .text.TIM_PrescalerConfig
                0x00000000       0x28 ..\obj\stm32f4xx_tim.o
 .text.TIM_CounterModeConfig
                0x00000000       0x38 ..\obj\stm32f4xx_tim.o
 .text.TIM_SetCounter
                0x00000000       0x1c ..\obj\stm32f4xx_tim.o
 .text.TIM_SetAutoreload
                0x00000000       0x1c ..\obj\stm32f4xx_tim.o
 .text.TIM_GetCounter
                0x00000000       0x18 ..\obj\stm32f4xx_tim.o
 .text.TIM_GetPrescaler
                0x00000000       0x1c ..\obj\stm32f4xx_tim.o
 .text.TIM_UpdateDisableConfig
                0x00000000       0x40 ..\obj\stm32f4xx_tim.o
 .text.TIM_UpdateRequestConfig
                0x00000000       0x40 ..\obj\stm32f4xx_tim.o
 .text.TIM_SelectOnePulseMode
                0x00000000       0x38 ..\obj\stm32f4xx_tim.o
 .text.TIM_SetClockDivision
                0x00000000       0x38 ..\obj\stm32f4xx_tim.o
 .text.TIM_OC1Init
                0x00000000       0xf4 ..\obj\stm32f4xx_tim.o
 .text.TIM_OC2Init
                0x00000000      0x110 ..\obj\stm32f4xx_tim.o
 .text.TIM_OCStructInit
                0x00000000       0x44 ..\obj\stm32f4xx_tim.o
 .text.TIM_SelectOCxM
                0x00000000       0xac ..\obj\stm32f4xx_tim.o
 .text.TIM_SetCompare1
                0x00000000       0x1c ..\obj\stm32f4xx_tim.o
 .text.TIM_SetCompare2
                0x00000000       0x1c ..\obj\stm32f4xx_tim.o
 .text.TIM_SetCompare3
                0x00000000       0x1c ..\obj\stm32f4xx_tim.o
 .text.TIM_SetCompare4
                0x00000000       0x1c ..\obj\stm32f4xx_tim.o
 .text.TIM_ForcedOC1Config
                0x00000000       0x38 ..\obj\stm32f4xx_tim.o
 .text.TIM_ForcedOC2Config
                0x00000000       0x3c ..\obj\stm32f4xx_tim.o
 .text.TIM_ForcedOC3Config
                0x00000000       0x38 ..\obj\stm32f4xx_tim.o
 .text.TIM_ForcedOC4Config
                0x00000000       0x3c ..\obj\stm32f4xx_tim.o
 .text.TIM_OC1PreloadConfig
                0x00000000       0x38 ..\obj\stm32f4xx_tim.o
 .text.TIM_OC2PreloadConfig
                0x00000000       0x3c ..\obj\stm32f4xx_tim.o
 .text.TIM_OC1FastConfig
                0x00000000       0x38 ..\obj\stm32f4xx_tim.o
 .text.TIM_OC2FastConfig
                0x00000000       0x3c ..\obj\stm32f4xx_tim.o
 .text.TIM_OC3FastConfig
                0x00000000       0x38 ..\obj\stm32f4xx_tim.o
 .text.TIM_OC4FastConfig
                0x00000000       0x3c ..\obj\stm32f4xx_tim.o
 .text.TIM_ClearOC1Ref
                0x00000000       0x38 ..\obj\stm32f4xx_tim.o
 .text.TIM_ClearOC2Ref
                0x00000000       0x3c ..\obj\stm32f4xx_tim.o
 .text.TIM_ClearOC3Ref
                0x00000000       0x38 ..\obj\stm32f4xx_tim.o
 .text.TIM_ClearOC4Ref
                0x00000000       0x3c ..\obj\stm32f4xx_tim.o
 .text.TIM_OC1PolarityConfig
                0x00000000       0x38 ..\obj\stm32f4xx_tim.o
 .text.TIM_OC1NPolarityConfig
                0x00000000       0x38 ..\obj\stm32f4xx_tim.o
 .text.TIM_OC2PolarityConfig
                0x00000000       0x3c ..\obj\stm32f4xx_tim.o
 .text.TIM_OC2NPolarityConfig
                0x00000000       0x3c ..\obj\stm32f4xx_tim.o
 .text.TIM_OC3PolarityConfig
                0x00000000       0x3c ..\obj\stm32f4xx_tim.o
 .text.TIM_OC3NPolarityConfig
                0x00000000       0x3c ..\obj\stm32f4xx_tim.o
 .text.TIM_OC4PolarityConfig
                0x00000000       0x3c ..\obj\stm32f4xx_tim.o
 .text.TIM_CCxCmd
                0x00000000       0x54 ..\obj\stm32f4xx_tim.o
 .text.TIM_CCxNCmd
                0x00000000       0x54 ..\obj\stm32f4xx_tim.o
 .text.TIM_ICInit
                0x00000000       0xa8 ..\obj\stm32f4xx_tim.o
 .text.TIM_ICStructInit
                0x00000000       0x30 ..\obj\stm32f4xx_tim.o
 .text.TIM_PWMIConfig
                0x00000000       0xb8 ..\obj\stm32f4xx_tim.o
 .text.TIM_GetCapture1
                0x00000000       0x18 ..\obj\stm32f4xx_tim.o
 .text.TIM_GetCapture2
                0x00000000       0x18 ..\obj\stm32f4xx_tim.o
 .text.TIM_GetCapture3
                0x00000000       0x18 ..\obj\stm32f4xx_tim.o
 .text.TIM_GetCapture4
                0x00000000       0x18 ..\obj\stm32f4xx_tim.o
 .text.TIM_SetIC1Prescaler
                0x00000000       0x38 ..\obj\stm32f4xx_tim.o
 .text.TIM_SetIC2Prescaler
                0x00000000       0x3c ..\obj\stm32f4xx_tim.o
 .text.TIM_SetIC3Prescaler
                0x00000000       0x38 ..\obj\stm32f4xx_tim.o
 .text.TIM_SetIC4Prescaler
                0x00000000       0x3c ..\obj\stm32f4xx_tim.o
 .text.TIM_BDTRConfig
                0x00000000       0x50 ..\obj\stm32f4xx_tim.o
 .text.TIM_BDTRStructInit
                0x00000000       0x3c ..\obj\stm32f4xx_tim.o
 .text.TIM_CtrlPWMOutputs
                0x00000000       0x4c ..\obj\stm32f4xx_tim.o
 .text.TIM_SelectCOM
                0x00000000       0x40 ..\obj\stm32f4xx_tim.o
 .text.TIM_CCPreloadControl
                0x00000000       0x40 ..\obj\stm32f4xx_tim.o
 .text.TIM_GenerateEvent
                0x00000000       0x1c ..\obj\stm32f4xx_tim.o
 .text.TIM_GetFlagStatus
                0x00000000       0x38 ..\obj\stm32f4xx_tim.o
 .text.TIM_ClearFlag
                0x00000000       0x20 ..\obj\stm32f4xx_tim.o
 .text.TIM_GetITStatus
                0x00000000       0x54 ..\obj\stm32f4xx_tim.o
 .text.TIM_DMAConfig
                0x00000000       0x28 ..\obj\stm32f4xx_tim.o
 .text.TIM_SelectCCDMA
                0x00000000       0x40 ..\obj\stm32f4xx_tim.o
 .text.TIM_InternalClockConfig
                0x00000000       0x24 ..\obj\stm32f4xx_tim.o
 .text.TIM_ITRxExternalClockConfig
                0x00000000       0x2c ..\obj\stm32f4xx_tim.o
 .text.TIM_TIxExternalClockConfig
                0x00000000       0x54 ..\obj\stm32f4xx_tim.o
 .text.TIM_ETRClockMode1Config
                0x00000000       0x50 ..\obj\stm32f4xx_tim.o
 .text.TIM_ETRClockMode2Config
                0x00000000       0x30 ..\obj\stm32f4xx_tim.o
 .text.TIM_SelectInputTrigger
                0x00000000       0x38 ..\obj\stm32f4xx_tim.o
 .text.TIM_SelectOutputTrigger
                0x00000000       0x38 ..\obj\stm32f4xx_tim.o
 .text.TIM_SelectSlaveMode
                0x00000000       0x38 ..\obj\stm32f4xx_tim.o
 .text.TIM_SelectMasterSlaveMode
                0x00000000       0x38 ..\obj\stm32f4xx_tim.o
 .text.TIM_ETRConfig
                0x00000000       0x48 ..\obj\stm32f4xx_tim.o
 .text.TIM_EncoderInterfaceConfig
                0x00000000       0x8c ..\obj\stm32f4xx_tim.o
 .text.TIM_SelectHallSensor
                0x00000000       0x40 ..\obj\stm32f4xx_tim.o
 .text.TIM_RemapConfig
                0x00000000       0x20 ..\obj\stm32f4xx_tim.o
 .text.TI1_Config
                0x00000000       0x78 ..\obj\stm32f4xx_tim.o
 .text.TI2_Config
                0x00000000       0x8c ..\obj\stm32f4xx_tim.o
 .text.TI3_Config
                0x00000000       0x84 ..\obj\stm32f4xx_tim.o
 .text.TI4_Config
                0x00000000       0x90 ..\obj\stm32f4xx_tim.o
 .text          0x00000000        0x0 c:/program files (x86)/gnu tools arm embedded/4.8 2013q4/bin/../lib/gcc/arm-none-eabi/4.8.3/../../../../arm-none-eabi/lib/armv7e-m\libm.a(lib_a-s_floor.o)
 .data          0x00000000        0x0 c:/program files (x86)/gnu tools arm embedded/4.8 2013q4/bin/../lib/gcc/arm-none-eabi/4.8.3/../../../../arm-none-eabi/lib/armv7e-m\libm.a(lib_a-s_floor.o)
 .bss           0x00000000        0x0 c:/program files (x86)/gnu tools arm embedded/4.8 2013q4/bin/../lib/gcc/arm-none-eabi/4.8.3/../../../../arm-none-eabi/lib/armv7e-m\libm.a(lib_a-s_floor.o)
 .text.floor    0x00000000      0x120 c:/program files (x86)/gnu tools arm embedded/4.8 2013q4/bin/../lib/gcc/arm-none-eabi/4.8.3/../../../../arm-none-eabi/lib/armv7e-m\libm.a(lib_a-s_floor.o)
 .ARM.attributes
                0x00000000       0x2e c:/program files (x86)/gnu tools arm embedded/4.8 2013q4/bin/../lib/gcc/arm-none-eabi/4.8.3/../../../../arm-none-eabi/lib/armv7e-m\libm.a(lib_a-s_floor.o)
 .debug_frame   0x00000000       0x38 c:/program files (x86)/gnu tools arm embedded/4.8 2013q4/bin/../lib/gcc/arm-none-eabi/4.8.3/../../../../arm-none-eabi/lib/armv7e-m\libm.a(lib_a-s_floor.o)
 .data          0x00000000        0x0 c:/program files (x86)/gnu tools arm embedded/4.8 2013q4/bin/../lib/gcc/arm-none-eabi/4.8.3/armv7e-m\libgcc.a(_arm_addsubdf3.o)
 .bss           0x00000000        0x0 c:/program files (x86)/gnu tools arm embedded/4.8 2013q4/bin/../lib/gcc/arm-none-eabi/4.8.3/armv7e-m\libgcc.a(_arm_addsubdf3.o)
 .data          0x00000000        0x0 c:/program files (x86)/gnu tools arm embedded/4.8 2013q4/bin/../lib/gcc/arm-none-eabi/4.8.3/armv7e-m\libgcc.a(_arm_muldivdf3.o)
 .bss           0x00000000        0x0 c:/program files (x86)/gnu tools arm embedded/4.8 2013q4/bin/../lib/gcc/arm-none-eabi/4.8.3/armv7e-m\libgcc.a(_arm_muldivdf3.o)
 .data          0x00000000        0x0 c:/program files (x86)/gnu tools arm embedded/4.8 2013q4/bin/../lib/gcc/arm-none-eabi/4.8.3/armv7e-m\libgcc.a(_arm_cmpdf2.o)
 .bss           0x00000000        0x0 c:/program files (x86)/gnu tools arm embedded/4.8 2013q4/bin/../lib/gcc/arm-none-eabi/4.8.3/armv7e-m\libgcc.a(_arm_cmpdf2.o)
 .data          0x00000000        0x0 c:/program files (x86)/gnu tools arm embedded/4.8 2013q4/bin/../lib/gcc/arm-none-eabi/4.8.3/armv7e-m\libgcc.a(_arm_fixdfsi.o)
 .bss           0x00000000        0x0 c:/program files (x86)/gnu tools arm embedded/4.8 2013q4/bin/../lib/gcc/arm-none-eabi/4.8.3/armv7e-m\libgcc.a(_arm_fixdfsi.o)
 .data          0x00000000        0x0 c:/program files (x86)/gnu tools arm embedded/4.8 2013q4/bin/../lib/gcc/arm-none-eabi/4.8.3/armv7e-m\libgcc.a(_arm_fixunsdfsi.o)
 .bss           0x00000000        0x0 c:/program files (x86)/gnu tools arm embedded/4.8 2013q4/bin/../lib/gcc/arm-none-eabi/4.8.3/armv7e-m\libgcc.a(_arm_fixunsdfsi.o)
 .text          0x00000000      0x21c c:/program files (x86)/gnu tools arm embedded/4.8 2013q4/bin/../lib/gcc/arm-none-eabi/4.8.3/armv7e-m\libgcc.a(_arm_addsubsf3.o)
 .data          0x00000000        0x0 c:/program files (x86)/gnu tools arm embedded/4.8 2013q4/bin/../lib/gcc/arm-none-eabi/4.8.3/armv7e-m\libgcc.a(_arm_addsubsf3.o)
 .bss           0x00000000        0x0 c:/program files (x86)/gnu tools arm embedded/4.8 2013q4/bin/../lib/gcc/arm-none-eabi/4.8.3/armv7e-m\libgcc.a(_arm_addsubsf3.o)
 .ARM.attributes
                0x00000000       0x1e c:/program files (x86)/gnu tools arm embedded/4.8 2013q4/bin/../lib/gcc/arm-none-eabi/4.8.3/armv7e-m\libgcc.a(_arm_addsubsf3.o)
 .text          0x00000000      0x2a0 c:/program files (x86)/gnu tools arm embedded/4.8 2013q4/bin/../lib/gcc/arm-none-eabi/4.8.3/armv7e-m\libgcc.a(_arm_muldivsf3.o)
 .data          0x00000000        0x0 c:/program files (x86)/gnu tools arm embedded/4.8 2013q4/bin/../lib/gcc/arm-none-eabi/4.8.3/armv7e-m\libgcc.a(_arm_muldivsf3.o)
 .bss           0x00000000        0x0 c:/program files (x86)/gnu tools arm embedded/4.8 2013q4/bin/../lib/gcc/arm-none-eabi/4.8.3/armv7e-m\libgcc.a(_arm_muldivsf3.o)
 .ARM.attributes
                0x00000000       0x1e c:/program files (x86)/gnu tools arm embedded/4.8 2013q4/bin/../lib/gcc/arm-none-eabi/4.8.3/armv7e-m\libgcc.a(_arm_muldivsf3.o)
 .text          0x00000000       0xec c:/program files (x86)/gnu tools arm embedded/4.8 2013q4/bin/../lib/gcc/arm-none-eabi/4.8.3/armv7e-m\libgcc.a(_arm_cmpsf2.o)
 .data          0x00000000        0x0 c:/program files (x86)/gnu tools arm embedded/4.8 2013q4/bin/../lib/gcc/arm-none-eabi/4.8.3/armv7e-m\libgcc.a(_arm_cmpsf2.o)
 .bss           0x00000000        0x0 c:/program files (x86)/gnu tools arm embedded/4.8 2013q4/bin/../lib/gcc/arm-none-eabi/4.8.3/armv7e-m\libgcc.a(_arm_cmpsf2.o)
 .ARM.attributes
                0x00000000       0x1e c:/program files (x86)/gnu tools arm embedded/4.8 2013q4/bin/../lib/gcc/arm-none-eabi/4.8.3/armv7e-m\libgcc.a(_arm_cmpsf2.o)
 .text          0x00000000        0x0 c:/program files (x86)/gnu tools arm embedded/4.8 2013q4/bin/../lib/gcc/arm-none-eabi/4.8.3/../../../../arm-none-eabi/lib/armv7e-m\libg.a(lib_a-atoi.o)
 .data          0x00000000        0x0 c:/program files (x86)/gnu tools arm embedded/4.8 2013q4/bin/../lib/gcc/arm-none-eabi/4.8.3/../../../../arm-none-eabi/lib/armv7e-m\libg.a(lib_a-atoi.o)
 .bss           0x00000000        0x0 c:/program files (x86)/gnu tools arm embedded/4.8 2013q4/bin/../lib/gcc/arm-none-eabi/4.8.3/../../../../arm-none-eabi/lib/armv7e-m\libg.a(lib_a-atoi.o)
 .text._atoi_r  0x00000000        0x8 c:/program files (x86)/gnu tools arm embedded/4.8 2013q4/bin/../lib/gcc/arm-none-eabi/4.8.3/../../../../arm-none-eabi/lib/armv7e-m\libg.a(lib_a-atoi.o)
 .text          0x00000000        0x0 c:/program files (x86)/gnu tools arm embedded/4.8 2013q4/bin/../lib/gcc/arm-none-eabi/4.8.3/../../../../arm-none-eabi/lib/armv7e-m\libg.a(lib_a-malloc.o)
 .data          0x00000000        0x0 c:/program files (x86)/gnu tools arm embedded/4.8 2013q4/bin/../lib/gcc/arm-none-eabi/4.8.3/../../../../arm-none-eabi/lib/armv7e-m\libg.a(lib_a-malloc.o)
 .bss           0x00000000        0x0 c:/program files (x86)/gnu tools arm embedded/4.8 2013q4/bin/../lib/gcc/arm-none-eabi/4.8.3/../../../../arm-none-eabi/lib/armv7e-m\libg.a(lib_a-malloc.o)
 .text.free     0x00000000       0x10 c:/program files (x86)/gnu tools arm embedded/4.8 2013q4/bin/../lib/gcc/arm-none-eabi/4.8.3/../../../../arm-none-eabi/lib/armv7e-m\libg.a(lib_a-malloc.o)
 .text          0x00000000        0x0 c:/program files (x86)/gnu tools arm embedded/4.8 2013q4/bin/../lib/gcc/arm-none-eabi/4.8.3/../../../../arm-none-eabi/lib/armv7e-m\libg.a(lib_a-mallocr.o)
 .data          0x00000000        0x0 c:/program files (x86)/gnu tools arm embedded/4.8 2013q4/bin/../lib/gcc/arm-none-eabi/4.8.3/../../../../arm-none-eabi/lib/armv7e-m\libg.a(lib_a-mallocr.o)
 .bss           0x00000000        0x0 c:/program files (x86)/gnu tools arm embedded/4.8 2013q4/bin/../lib/gcc/arm-none-eabi/4.8.3/../../../../arm-none-eabi/lib/armv7e-m\libg.a(lib_a-mallocr.o)
 .data          0x00000000        0x0 c:/program files (x86)/gnu tools arm embedded/4.8 2013q4/bin/../lib/gcc/arm-none-eabi/4.8.3/../../../../arm-none-eabi/lib/armv7e-m\libg.a(lib_a-memcpy.o)
 .bss           0x00000000        0x0 c:/program files (x86)/gnu tools arm embedded/4.8 2013q4/bin/../lib/gcc/arm-none-eabi/4.8.3/../../../../arm-none-eabi/lib/armv7e-m\libg.a(lib_a-memcpy.o)
 .text          0x00000000        0x0 c:/program files (x86)/gnu tools arm embedded/4.8 2013q4/bin/../lib/gcc/arm-none-eabi/4.8.3/../../../../arm-none-eabi/lib/armv7e-m\libg.a(lib_a-mlock.o)
 .data          0x00000000        0x0 c:/program files (x86)/gnu tools arm embedded/4.8 2013q4/bin/../lib/gcc/arm-none-eabi/4.8.3/../../../../arm-none-eabi/lib/armv7e-m\libg.a(lib_a-mlock.o)
 .bss           0x00000000        0x0 c:/program files (x86)/gnu tools arm embedded/4.8 2013q4/bin/../lib/gcc/arm-none-eabi/4.8.3/../../../../arm-none-eabi/lib/armv7e-m\libg.a(lib_a-mlock.o)
 .text          0x00000000        0x0 c:/program files (x86)/gnu tools arm embedded/4.8 2013q4/bin/../lib/gcc/arm-none-eabi/4.8.3/../../../../arm-none-eabi/lib/armv7e-m\libg.a(lib_a-sbrkr.o)
 .data          0x00000000        0x0 c:/program files (x86)/gnu tools arm embedded/4.8 2013q4/bin/../lib/gcc/arm-none-eabi/4.8.3/../../../../arm-none-eabi/lib/armv7e-m\libg.a(lib_a-sbrkr.o)
 .bss           0x00000000        0x0 c:/program files (x86)/gnu tools arm embedded/4.8 2013q4/bin/../lib/gcc/arm-none-eabi/4.8.3/../../../../arm-none-eabi/lib/armv7e-m\libg.a(lib_a-sbrkr.o)
 .data          0x00000000        0x0 c:/program files (x86)/gnu tools arm embedded/4.8 2013q4/bin/../lib/gcc/arm-none-eabi/4.8.3/../../../../arm-none-eabi/lib/armv7e-m\libg.a(lib_a-strcmp.o)
 .bss           0x00000000        0x0 c:/program files (x86)/gnu tools arm embedded/4.8 2013q4/bin/../lib/gcc/arm-none-eabi/4.8.3/../../../../arm-none-eabi/lib/armv7e-m\libg.a(lib_a-strcmp.o)
 .text          0x00000000        0x0 c:/program files (x86)/gnu tools arm embedded/4.8 2013q4/bin/../lib/gcc/arm-none-eabi/4.8.3/../../../../arm-none-eabi/lib/armv7e-m\libg.a(lib_a-strcpy.o)
 .data          0x00000000        0x0 c:/program files (x86)/gnu tools arm embedded/4.8 2013q4/bin/../lib/gcc/arm-none-eabi/4.8.3/../../../../arm-none-eabi/lib/armv7e-m\libg.a(lib_a-strcpy.o)
 .bss           0x00000000        0x0 c:/program files (x86)/gnu tools arm embedded/4.8 2013q4/bin/../lib/gcc/arm-none-eabi/4.8.3/../../../../arm-none-eabi/lib/armv7e-m\libg.a(lib_a-strcpy.o)
 .text          0x00000000        0x0 c:/program files (x86)/gnu tools arm embedded/4.8 2013q4/bin/../lib/gcc/arm-none-eabi/4.8.3/../../../../arm-none-eabi/lib/armv7e-m\libg.a(lib_a-strtol.o)
 .data          0x00000000        0x0 c:/program files (x86)/gnu tools arm embedded/4.8 2013q4/bin/../lib/gcc/arm-none-eabi/4.8.3/../../../../arm-none-eabi/lib/armv7e-m\libg.a(lib_a-strtol.o)
 .bss           0x00000000        0x0 c:/program files (x86)/gnu tools arm embedded/4.8 2013q4/bin/../lib/gcc/arm-none-eabi/4.8.3/../../../../arm-none-eabi/lib/armv7e-m\libg.a(lib_a-strtol.o)
 .text          0x00000000        0x0 c:/program files (x86)/gnu tools arm embedded/4.8 2013q4/bin/../lib/gcc/arm-none-eabi/4.8.3/../../../../arm-none-eabi/lib/armv7e-m\libg.a(lib_a-ctype_.o)
 .data          0x00000000        0x0 c:/program files (x86)/gnu tools arm embedded/4.8 2013q4/bin/../lib/gcc/arm-none-eabi/4.8.3/../../../../arm-none-eabi/lib/armv7e-m\libg.a(lib_a-ctype_.o)
 .bss           0x00000000        0x0 c:/program files (x86)/gnu tools arm embedded/4.8 2013q4/bin/../lib/gcc/arm-none-eabi/4.8.3/../../../../arm-none-eabi/lib/armv7e-m\libg.a(lib_a-ctype_.o)
 .text          0x00000000        0x0 c:/program files (x86)/gnu tools arm embedded/4.8 2013q4/bin/../lib/gcc/arm-none-eabi/4.8.3/../../../../arm-none-eabi/lib/armv7e-m\libg.a(lib_a-freer.o)
 .data          0x00000000        0x0 c:/program files (x86)/gnu tools arm embedded/4.8 2013q4/bin/../lib/gcc/arm-none-eabi/4.8.3/../../../../arm-none-eabi/lib/armv7e-m\libg.a(lib_a-freer.o)
 .bss           0x00000000        0x0 c:/program files (x86)/gnu tools arm embedded/4.8 2013q4/bin/../lib/gcc/arm-none-eabi/4.8.3/../../../../arm-none-eabi/lib/armv7e-m\libg.a(lib_a-freer.o)
 .text          0x00000000        0x0 c:/program files (x86)/gnu tools arm embedded/4.8 2013q4/bin/../lib/gcc/arm-none-eabi/4.8.3/../../../../arm-none-eabi/lib/armv7e-m\libg.a(lib_a-impure.o)
 .data          0x00000000        0x0 c:/program files (x86)/gnu tools arm embedded/4.8 2013q4/bin/../lib/gcc/arm-none-eabi/4.8.3/../../../../arm-none-eabi/lib/armv7e-m\libg.a(lib_a-impure.o)
 .bss           0x00000000        0x0 c:/program files (x86)/gnu tools arm embedded/4.8 2013q4/bin/../lib/gcc/arm-none-eabi/4.8.3/../../../../arm-none-eabi/lib/armv7e-m\libg.a(lib_a-impure.o)
 .rodata._global_impure_ptr
                0x00000000        0x4 c:/program files (x86)/gnu tools arm embedded/4.8 2013q4/bin/../lib/gcc/arm-none-eabi/4.8.3/../../../../arm-none-eabi/lib/armv7e-m\libg.a(lib_a-impure.o)
 .text          0x00000000        0x0 c:/program files (x86)/gnu tools arm embedded/4.8 2013q4/bin/../lib/gcc/arm-none-eabi/4.8.3/../../../../arm-none-eabi/lib/armv7e-m\libg.a(lib_a-reent.o)
 .data          0x00000000        0x0 c:/program files (x86)/gnu tools arm embedded/4.8 2013q4/bin/../lib/gcc/arm-none-eabi/4.8.3/../../../../arm-none-eabi/lib/armv7e-m\libg.a(lib_a-reent.o)
 .bss           0x00000000        0x0 c:/program files (x86)/gnu tools arm embedded/4.8 2013q4/bin/../lib/gcc/arm-none-eabi/4.8.3/../../../../arm-none-eabi/lib/armv7e-m\libg.a(lib_a-reent.o)
 .text.cleanup_glue
                0x00000000       0x1c c:/program files (x86)/gnu tools arm embedded/4.8 2013q4/bin/../lib/gcc/arm-none-eabi/4.8.3/../../../../arm-none-eabi/lib/armv7e-m\libg.a(lib_a-reent.o)
 .text._reclaim_reent
                0x00000000       0x90 c:/program files (x86)/gnu tools arm embedded/4.8 2013q4/bin/../lib/gcc/arm-none-eabi/4.8.3/../../../../arm-none-eabi/lib/armv7e-m\libg.a(lib_a-reent.o)

Memory Configuration

Name             Origin             Length             Attributes
rom              0x08000000         0x00100000         xr
ram              0x20000000         0x00020000         xrw
ram1             0x10000000         0x00010000         xrw
*default*        0x00000000         0xffffffff

Linker script and memory map

                0x20020000                _eram = 0x20020000

.text           0x08000000     0x4614
 *(.isr_vector)
 .isr_vector    0x08000000      0x188 ..\obj\startup_stm32f4xx.o
                0x08000000                g_pfnVectors
 *(.text*)
 .text.DELAY_init
                0x08000188      0x140 ..\obj\delay.o
                0x08000188                DELAY_init
 .text.DELAY_ms
                0x080002c8       0x3c ..\obj\delay.o
                0x080002c8                DELAY_ms
 .text.Default_Reset_Handler
                0x08000304       0x5c ..\obj\startup_stm32f4xx.o
                0x08000304                Default_Reset_Handler
                0x08000304                Reset_Handler
 .text.Default_Handler
                0x08000360        0x8 ..\obj\startup_stm32f4xx.o
                0x08000360                RTC_Alarm_IRQHandler
                0x08000360                HASH_RNG_IRQHandler
                0x08000360                EXTI2_IRQHandler
                0x08000360                TIM8_CC_IRQHandler
                0x08000360                DebugMon_Handler
                0x08000360                TIM1_CC_IRQHandler
                0x08000360                HardFault_Handler
                0x08000360                DMA1_Stream5_IRQHandler
                0x08000360                SysTick_Handler
                0x08000360                PVD_IRQHandler
                0x08000360                SDIO_IRQHandler
                0x08000360                TAMP_STAMP_IRQHandler
                0x08000360                PendSV_Handler
                0x08000360                NMI_Handler
                0x08000360                CAN2_RX1_IRQHandler
                0x08000360                EXTI3_IRQHandler
                0x08000360                TIM8_TRG_COM_TIM14_IRQHandler
                0x08000360                TIM1_UP_TIM10_IRQHandler
                0x08000360                TIM8_UP_TIM13_IRQHandler
                0x08000360                I2C3_ER_IRQHandler
                0x08000360                EXTI0_IRQHandler
                0x08000360                I2C2_EV_IRQHandler
                0x08000360                DMA1_Stream2_IRQHandler
                0x08000360                CAN1_RX0_IRQHandler
                0x08000360                FPU_IRQHandler
                0x08000360                OTG_HS_WKUP_IRQHandler
                0x08000360                UsageFault_Handler
                0x08000360                CAN2_SCE_IRQHandler
                0x08000360                DMA2_Stream2_IRQHandler
                0x08000360                SPI1_IRQHandler
                0x08000360                TIM6_DAC_IRQHandler
                0x08000360                TIM1_BRK_TIM9_IRQHandler
                0x08000360                DCMI_IRQHandler
                0x08000360                CAN2_RX0_IRQHandler
                0x08000360                DMA2_Stream3_IRQHandler
                0x08000360                USART6_IRQHandler
                0x08000360                USART3_IRQHandler
                0x08000360                CRYP_IRQHandler
                0x08000360                CAN1_RX1_IRQHandler
                0x08000360                UART5_IRQHandler
                0x08000360                DMA2_Stream0_IRQHandler
                0x08000360                TIM4_IRQHandler
                0x08000360                I2C1_EV_IRQHandler
                0x08000360                DMA1_Stream6_IRQHandler
                0x08000360                DMA1_Stream1_IRQHandler
                0x08000360                UART4_IRQHandler
                0x08000360                TIM3_IRQHandler
                0x08000360                RCC_IRQHandler
                0x08000360                TIM8_BRK_TIM12_IRQHandler
                0x08000360                EXTI15_10_IRQHandler
                0x08000360                ADC_IRQHandler
                0x08000360                DMA1_Stream7_IRQHandler
                0x08000360                TIM7_IRQHandler
                0x08000360                CAN2_TX_IRQHandler
                0x08000360                TIM5_IRQHandler
                0x08000360                DMA2_Stream7_IRQHandler
                0x08000360                I2C3_EV_IRQHandler
                0x08000360                EXTI9_5_IRQHandler
                0x08000360                RTC_WKUP_IRQHandler
                0x08000360                ETH_WKUP_IRQHandler
                0x08000360                SPI2_IRQHandler
                0x08000360                OTG_HS_EP1_IN_IRQHandler
                0x08000360                MemManage_Handler
                0x08000360                DMA1_Stream0_IRQHandler
                0x08000360                CAN1_TX_IRQHandler
                0x08000360                SVC_Handler
                0x08000360                EXTI4_IRQHandler
                0x08000360                FSMC_IRQHandler
                0x08000360                ETH_IRQHandler
                0x08000360                OTG_HS_EP1_OUT_IRQHandler
                0x08000360                WWDG_IRQHandler
                0x08000360                OTG_FS_WKUP_IRQHandler
                0x08000360                TIM1_TRG_COM_TIM11_IRQHandler
                0x08000360                OTG_HS_IRQHandler
                0x08000360                EXTI1_IRQHandler
                0x08000360                USART2_IRQHandler
                0x08000360                I2C2_ER_IRQHandler
                0x08000360                DMA2_Stream1_IRQHandler
                0x08000360                CAN1_SCE_IRQHandler
                0x08000360                FLASH_IRQHandler
                0x08000360                DMA2_Stream4_IRQHandler
                0x08000360                BusFault_Handler
                0x08000360                USART1_IRQHandler
                0x08000360                OTG_FS_IRQHandler
                0x08000360                SPI3_IRQHandler
                0x08000360                DMA1_Stream4_IRQHandler
                0x08000360                I2C1_ER_IRQHandler
                0x08000360                DMA2_Stream6_IRQHandler
                0x08000360                DMA1_Stream3_IRQHandler
 .text.API_Qinit
                0x08000368      0x100 ..\obj\LogicLayer.o
                0x08000368                API_Qinit
 .text.API_Qreader
                0x08000468       0x68 ..\obj\LogicLayer.o
                0x08000468                API_Qreader
 .text.LOGIC_colorpicker
                0x080004d0      0x104 ..\obj\LogicLayer.o
                0x080004d0                LOGIC_colorpicker
 .text.LOGIC_functionpicker
                0x080005d4      0x230 ..\obj\LogicLayer.o
                0x080005d4                LOGIC_functionpicker
 .text.API_perform
                0x08000804       0x38 ..\obj\LogicLayer.o
                0x08000804                API_perform
 .text.main     0x0800083c       0xa0 ..\obj\main.o
                0x0800083c                main
 .text.RCC_GetClocksFreq
                0x080008dc      0x154 ..\obj\stm32f4xx_rcc.o
                0x080008dc                RCC_GetClocksFreq
 .text.RCC_AHB1PeriphClockCmd
                0x08000a30       0x3c ..\obj\stm32f4xx_rcc.o
                0x08000a30                RCC_AHB1PeriphClockCmd
 .text.RCC_APB1PeriphClockCmd
                0x08000a6c       0x3c ..\obj\stm32f4xx_rcc.o
                0x08000a6c                RCC_APB1PeriphClockCmd
 .text.RCC_APB2PeriphClockCmd
                0x08000aa8       0x3c ..\obj\stm32f4xx_rcc.o
                0x08000aa8                RCC_APB2PeriphClockCmd
 .text.API_draw_bitmap
                0x08000ae4      0x260 ..\obj\IO_draw.o
                0x08000ae4                API_draw_bitmap
 .text.draw_lineX
                0x08000d44      0x3b0 ..\obj\IO_draw.o
                0x08000d44                draw_lineX
 .text.draw_lineY
                0x080010f4      0x41c ..\obj\IO_draw.o
                0x080010f4                draw_lineY
 .text.API_draw_line
                0x08001510       0xac ..\obj\IO_draw.o
                0x08001510                API_draw_line
 .text.API_draw_rectangle
                0x080015bc      0x148 ..\obj\IO_draw.o
                0x080015bc                API_draw_rectangle
 .text.API_clearscreen
                0x08001704       0x4c ..\obj\IO_draw.o
                0x08001704                API_clearscreen
 .text.API_draw_char
                0x08001750      0x124 ..\obj\IO_draw.o
                0x08001750                API_draw_char
 .text.API_draw_text
                0x08001874       0x8c ..\obj\IO_draw.o
                0x08001874                API_draw_text
 .text.GPIO_Init
                0x08001900      0x11c ..\obj\stm32f4xx_gpio.o
                0x08001900                GPIO_Init
 .text.GPIO_ReadInputDataBit
                0x08001a1c       0x34 ..\obj\stm32f4xx_gpio.o
                0x08001a1c                GPIO_ReadInputDataBit
 .text.GPIO_SetBits
                0x08001a50       0x1c ..\obj\stm32f4xx_gpio.o
                0x08001a50                GPIO_SetBits
 .text.GPIO_ResetBits
                0x08001a6c       0x1c ..\obj\stm32f4xx_gpio.o
                0x08001a6c                GPIO_ResetBits
 .text.GPIO_PinAFConfig
                0x08001a88       0x8c ..\obj\stm32f4xx_gpio.o
                0x08001a88                GPIO_PinAFConfig
 .text.SystemInit
                0x08001b14       0x58 ..\obj\system_stm32f4xx.o
                0x08001b14                SystemInit
 .text.SetSysClock
                0x08001b6c       0xf4 ..\obj\system_stm32f4xx.o
 .text._sbrk    0x08001c60       0x40 ..\obj\syscalls.o
                0x08001c60                _sbrk
 .text.DMA_DeInit
                0x08001ca0      0x1a4 ..\obj\stm32f4xx_dma.o
                0x08001ca0                DMA_DeInit
 .text.DMA_Init
                0x08001e44       0xac ..\obj\stm32f4xx_dma.o
                0x08001e44                DMA_Init
 .text.DMA_Cmd  0x08001ef0       0x38 ..\obj\stm32f4xx_dma.o
                0x08001ef0                DMA_Cmd
 .text.DMA_ITConfig
                0x08001f28       0x74 ..\obj\stm32f4xx_dma.o
                0x08001f28                DMA_ITConfig
 .text.DMA_GetITStatus
                0x08001f9c       0xb0 ..\obj\stm32f4xx_dma.o
                0x08001f9c                DMA_GetITStatus
 .text.DMA_ClearITPendingBit
                0x0800204c       0x5c ..\obj\stm32f4xx_dma.o
                0x0800204c                DMA_ClearITPendingBit
 .text.ClearBits
                0x080020a8       0x14 ..\obj\lcd.o
                0x080020a8                ClearBits
 .text.LCD_clear
                0x080020bc       0x20 ..\obj\lcd.o
                0x080020bc                LCD_clear
 .text.LCD_XY   0x080020dc       0x60 ..\obj\lcd.o
                0x080020dc                LCD_XY
 .text.LCD_init
                0x0800213c       0xf4 ..\obj\lcd.o
                0x0800213c                LCD_init
 .text.LCD_putchar
                0x08002230       0x44 ..\obj\lcd.o
                0x08002230                LCD_putchar
 .text.LCD_put  0x08002274       0x48 ..\obj\lcd.o
                0x08002274                LCD_put
 .text.LCD_putint
                0x080022bc       0x90 ..\obj\lcd.o
                0x080022bc                LCD_putint
 .text.LCD_writenibble
                0x0800234c       0x60 ..\obj\lcd.o
                0x0800234c                LCD_writenibble
 .text.LCD_writebyte
                0x080023ac       0x58 ..\obj\lcd.o
                0x080023ac                LCD_writebyte
 .text.LCD_writecontrol
                0x08002404       0x28 ..\obj\lcd.o
                0x08002404                LCD_writecontrol
 .text.busyflag
                0x0800242c       0xb0 ..\obj\lcd.o
                0x0800242c                busyflag
 .text.UB_VGA_Screen_Init
                0x080024dc       0x80 ..\obj\stm32_ub_vga_screen.o
                0x080024dc                UB_VGA_Screen_Init
 .text.UB_VGA_FillScreen
                0x0800255c       0x48 ..\obj\stm32_ub_vga_screen.o
                0x0800255c                UB_VGA_FillScreen
 .text.UB_VGA_SetPixel
                0x080025a4       0x4c ..\obj\stm32_ub_vga_screen.o
                0x080025a4                UB_VGA_SetPixel
 .text.P_VGA_InitIO
                0x080025f0       0xa8 ..\obj\stm32_ub_vga_screen.o
                0x080025f0                P_VGA_InitIO
 .text.P_VGA_InitTIM
                0x08002698       0xc8 ..\obj\stm32_ub_vga_screen.o
                0x08002698                P_VGA_InitTIM
 .text.P_VGA_InitINT
                0x08002760       0x58 ..\obj\stm32_ub_vga_screen.o
                0x08002760                P_VGA_InitINT
 .text.P_VGA_InitDMA
                0x080027b8       0x90 ..\obj\stm32_ub_vga_screen.o
                0x080027b8                P_VGA_InitDMA
 .text.TIM2_IRQHandler
                0x08002848       0xb8 ..\obj\stm32_ub_vga_screen.o
                0x08002848                TIM2_IRQHandler
 .text.DMA2_Stream5_IRQHandler
                0x08002900       0x4c ..\obj\stm32_ub_vga_screen.o
                0x08002900                DMA2_Stream5_IRQHandler
 .text.NVIC_Init
                0x0800294c       0xbc ..\obj\misc.o
                0x0800294c                NVIC_Init
 .text.TIM_TimeBaseInit
                0x08002a08       0xd4 ..\obj\stm32f4xx_tim.o
                0x08002a08                TIM_TimeBaseInit
 .text.TIM_ARRPreloadConfig
                0x08002adc       0x40 ..\obj\stm32f4xx_tim.o
                0x08002adc                TIM_ARRPreloadConfig
 .text.TIM_Cmd  0x08002b1c       0x40 ..\obj\stm32f4xx_tim.o
                0x08002b1c                TIM_Cmd
 .text.TIM_OC3Init
                0x08002b5c      0x10c ..\obj\stm32f4xx_tim.o
                0x08002b5c                TIM_OC3Init
 .text.TIM_OC4Init
                0x08002c68       0xcc ..\obj\stm32f4xx_tim.o
                0x08002c68                TIM_OC4Init
 .text.TIM_OC3PreloadConfig
                0x08002d34       0x38 ..\obj\stm32f4xx_tim.o
                0x08002d34                TIM_OC3PreloadConfig
 .text.TIM_OC4PreloadConfig
                0x08002d6c       0x3c ..\obj\stm32f4xx_tim.o
                0x08002d6c                TIM_OC4PreloadConfig
 .text.TIM_ITConfig
                0x08002da8       0x48 ..\obj\stm32f4xx_tim.o
                0x08002da8                TIM_ITConfig
 .text.TIM_ClearITPendingBit
                0x08002df0       0x20 ..\obj\stm32f4xx_tim.o
                0x08002df0                TIM_ClearITPendingBit
 .text.TIM_DMACmd
                0x08002e10       0x48 ..\obj\stm32f4xx_tim.o
                0x08002e10                TIM_DMACmd
 .text          0x08002e58      0x370 c:/program files (x86)/gnu tools arm embedded/4.8 2013q4/bin/../lib/gcc/arm-none-eabi/4.8.3/armv7e-m\libgcc.a(_arm_addsubdf3.o)
                0x08002e58                __aeabi_drsub
                0x08002e60                __aeabi_dsub
                0x08002e60                __subdf3
                0x08002e64                __aeabi_dadd
                0x08002e64                __adddf3
                0x080030dc                __floatunsidf
                0x080030dc                __aeabi_ui2d
                0x080030fc                __floatsidf
                0x080030fc                __aeabi_i2d
                0x08003120                __aeabi_f2d
                0x08003120                __extendsfdf2
                0x0800315c                __floatundidf
                0x0800315c                __aeabi_ul2d
                0x0800316c                __floatdidf
                0x0800316c                __aeabi_l2d
 .text          0x080031c8      0x424 c:/program files (x86)/gnu tools arm embedded/4.8 2013q4/bin/../lib/gcc/arm-none-eabi/4.8.3/armv7e-m\libgcc.a(_arm_muldivdf3.o)
                0x080031c8                __aeabi_dmul
                0x080031c8                __muldf3
                0x0800341c                __divdf3
                0x0800341c                __aeabi_ddiv
 .text          0x080035ec      0x110 c:/program files (x86)/gnu tools arm embedded/4.8 2013q4/bin/../lib/gcc/arm-none-eabi/4.8.3/armv7e-m\libgcc.a(_arm_cmpdf2.o)
                0x080035ec                __gtdf2
                0x080035ec                __gedf2
                0x080035f4                __ltdf2
                0x080035f4                __ledf2
                0x080035fc                __nedf2
                0x080035fc                __eqdf2
                0x080035fc                __cmpdf2
                0x08003678                __aeabi_cdrcmple
                0x08003688                __aeabi_cdcmpeq
                0x08003688                __aeabi_cdcmple
                0x08003698                __aeabi_dcmpeq
                0x080036ac                __aeabi_dcmplt
                0x080036c0                __aeabi_dcmple
                0x080036d4                __aeabi_dcmpge
                0x080036e8                __aeabi_dcmpgt
 .text          0x080036fc       0x50 c:/program files (x86)/gnu tools arm embedded/4.8 2013q4/bin/../lib/gcc/arm-none-eabi/4.8.3/armv7e-m\libgcc.a(_arm_fixdfsi.o)
                0x080036fc                __aeabi_d2iz
                0x080036fc                __fixdfsi
 .text          0x0800374c       0x40 c:/program files (x86)/gnu tools arm embedded/4.8 2013q4/bin/../lib/gcc/arm-none-eabi/4.8.3/armv7e-m\libgcc.a(_arm_fixunsdfsi.o)
                0x0800374c                __aeabi_d2uiz
                0x0800374c                __fixunsdfsi
 .text.atoi     0x0800378c        0x8 c:/program files (x86)/gnu tools arm embedded/4.8 2013q4/bin/../lib/gcc/arm-none-eabi/4.8.3/../../../../arm-none-eabi/lib/armv7e-m\libg.a(lib_a-atoi.o)
                0x0800378c                atoi
 .text.malloc   0x08003794       0x10 c:/program files (x86)/gnu tools arm embedded/4.8 2013q4/bin/../lib/gcc/arm-none-eabi/4.8.3/../../../../arm-none-eabi/lib/armv7e-m\libg.a(lib_a-malloc.o)
                0x08003794                malloc
 .text._malloc_r
                0x080037a4      0x538 c:/program files (x86)/gnu tools arm embedded/4.8 2013q4/bin/../lib/gcc/arm-none-eabi/4.8.3/../../../../arm-none-eabi/lib/armv7e-m\libg.a(lib_a-mallocr.o)
                0x080037a4                _malloc_r
 .text          0x08003cdc      0x134 c:/program files (x86)/gnu tools arm embedded/4.8 2013q4/bin/../lib/gcc/arm-none-eabi/4.8.3/../../../../arm-none-eabi/lib/armv7e-m\libg.a(lib_a-memcpy.o)
                0x08003cdc                memcpy
 .text.__malloc_lock
                0x08003e10        0x4 c:/program files (x86)/gnu tools arm embedded/4.8 2013q4/bin/../lib/gcc/arm-none-eabi/4.8.3/../../../../arm-none-eabi/lib/armv7e-m\libg.a(lib_a-mlock.o)
                0x08003e10                __malloc_lock
 .text.__malloc_unlock
                0x08003e14        0x4 c:/program files (x86)/gnu tools arm embedded/4.8 2013q4/bin/../lib/gcc/arm-none-eabi/4.8.3/../../../../arm-none-eabi/lib/armv7e-m\libg.a(lib_a-mlock.o)
                0x08003e14                __malloc_unlock
 .text._sbrk_r  0x08003e18       0x24 c:/program files (x86)/gnu tools arm embedded/4.8 2013q4/bin/../lib/gcc/arm-none-eabi/4.8.3/../../../../arm-none-eabi/lib/armv7e-m\libg.a(lib_a-sbrkr.o)
                0x08003e18                _sbrk_r
 .text          0x08003e3c      0x21c c:/program files (x86)/gnu tools arm embedded/4.8 2013q4/bin/../lib/gcc/arm-none-eabi/4.8.3/../../../../arm-none-eabi/lib/armv7e-m\libg.a(lib_a-strcmp.o)
                0x08003e3c                strcmp
 .text.strcpy   0x08004058       0xbc c:/program files (x86)/gnu tools arm embedded/4.8 2013q4/bin/../lib/gcc/arm-none-eabi/4.8.3/../../../../arm-none-eabi/lib/armv7e-m\libg.a(lib_a-strcpy.o)
                0x08004058                strcpy
 .text._strtol_r
                0x08004114      0x114 c:/program files (x86)/gnu tools arm embedded/4.8 2013q4/bin/../lib/gcc/arm-none-eabi/4.8.3/../../../../arm-none-eabi/lib/armv7e-m\libg.a(lib_a-strtol.o)
                0x08004114                _strtol_r
 .text.strtol   0x08004228       0x18 c:/program files (x86)/gnu tools arm embedded/4.8 2013q4/bin/../lib/gcc/arm-none-eabi/4.8.3/../../../../arm-none-eabi/lib/armv7e-m\libg.a(lib_a-strtol.o)
                0x08004228                strtol
 .text._malloc_trim_r
                0x08004240       0x9c c:/program files (x86)/gnu tools arm embedded/4.8 2013q4/bin/../lib/gcc/arm-none-eabi/4.8.3/../../../../arm-none-eabi/lib/armv7e-m\libg.a(lib_a-freer.o)
                0x08004240                _malloc_trim_r
 .text._free_r  0x080042dc      0x19c c:/program files (x86)/gnu tools arm embedded/4.8 2013q4/bin/../lib/gcc/arm-none-eabi/4.8.3/../../../../arm-none-eabi/lib/armv7e-m\libg.a(lib_a-freer.o)
                0x080042dc                _free_r
 *(.init)
 *(.fini)
 *crtbegin.o(.ctors)
 *crtbegin?.o(.ctors)
 *(EXCLUDE_FILE(*crtend.o *crtend?.o) .ctors)
 *(SORT(.ctors.*))
 *(.ctors)
 *crtbegin.o(.dtors)
 *crtbegin?.o(.dtors)
 *(EXCLUDE_FILE(*crtend.o *crtend?.o) .dtors)
 *(SORT(.dtors.*))
 *(.dtors)
 *(.rodata*)
 .rodata        0x08004478       0x88 ..\obj\LogicLayer.o
 .rodata        0x08004500        0xc ..\obj\main.o
 .rodata._ctype_
                0x0800450c      0x104 c:/program files (x86)/gnu tools arm embedded/4.8 2013q4/bin/../lib/gcc/arm-none-eabi/4.8.3/../../../../arm-none-eabi/lib/armv7e-m\libg.a(lib_a-ctype_.o)
                0x0800450c                _ctype_
 .rodata.str1.4
                0x08004610        0x4 c:/program files (x86)/gnu tools arm embedded/4.8 2013q4/bin/../lib/gcc/arm-none-eabi/4.8.3/../../../../arm-none-eabi/lib/armv7e-m\libg.a(lib_a-impure.o)
 *(.eh_fram e*)

.glue_7         0x08004614        0x0
 .glue_7        0x00000000        0x0 linker stubs

.glue_7t        0x08004614        0x0
 .glue_7t       0x00000000        0x0 linker stubs

.vfp11_veneer   0x08004614        0x0
 .vfp11_veneer  0x00000000        0x0 linker stubs

.v4_bx          0x08004614        0x0
 .v4_bx         0x00000000        0x0 linker stubs

.iplt           0x08004614        0x0
 .iplt          0x00000000        0x0 ..\obj\delay.o

.rel.dyn        0x08004614        0x0
 .rel.iplt      0x00000000        0x0 ..\obj\delay.o

.ARM.extab
 *(.ARM.extab* .gnu.linkonce.armextab.*)
                0x08004614                __exidx_start = .

.ARM.exidx
 *(.ARM.exidx* .gnu.linkonce.armexidx.*)
                0x08004614                __exidx_end = .
                0x08004614                __etext = .
                0x08004614                _sidata = __etext

.data           0x20000000     0x379c load address 0x08004614
                0x20000000                __data_start__ = .
                0x20000000                _sdata = __data_start__
 *(vtable)
 *(.data*)
 .data          0x20000000       0x10 ..\obj\stm32f4xx_rcc.o
 .data          0x20000010     0x2f3c ..\obj\IO_draw.o
                0x20000010                pikachu
                0x200027ac                arrow
                0x200028ac                font8x8_basic
                0x20002cac                minimum_font
 .data          0x20002f4c        0xc ..\obj\lcd.o
 .data.__malloc_av_
                0x20002f58      0x408 c:/program files (x86)/gnu tools arm embedded/4.8 2013q4/bin/../lib/gcc/arm-none-eabi/4.8.3/../../../../arm-none-eabi/lib/armv7e-m\libg.a(lib_a-mallocr.o)
                0x20002f58                __malloc_av_
 .data.__malloc_trim_threshold
                0x20003360        0x4 c:/program files (x86)/gnu tools arm embedded/4.8 2013q4/bin/../lib/gcc/arm-none-eabi/4.8.3/../../../../arm-none-eabi/lib/armv7e-m\libg.a(lib_a-mallocr.o)
                0x20003360                __malloc_trim_threshold
 .data.__malloc_sbrk_base
                0x20003364        0x4 c:/program files (x86)/gnu tools arm embedded/4.8 2013q4/bin/../lib/gcc/arm-none-eabi/4.8.3/../../../../arm-none-eabi/lib/armv7e-m\libg.a(lib_a-mallocr.o)
                0x20003364                __malloc_sbrk_base
 .data.__ctype_ptr__
                0x20003368        0x4 c:/program files (x86)/gnu tools arm embedded/4.8 2013q4/bin/../lib/gcc/arm-none-eabi/4.8.3/../../../../arm-none-eabi/lib/armv7e-m\libg.a(lib_a-ctype_.o)
                0x20003368                __ctype_ptr__
 *fill*         0x2000336c        0x4 
 .data.impure_data
                0x20003370      0x428 c:/program files (x86)/gnu tools arm embedded/4.8 2013q4/bin/../lib/gcc/arm-none-eabi/4.8.3/../../../../arm-none-eabi/lib/armv7e-m\libg.a(lib_a-impure.o)
 .data._impure_ptr
                0x20003798        0x4 c:/program files (x86)/gnu tools arm embedded/4.8 2013q4/bin/../lib/gcc/arm-none-eabi/4.8.3/../../../../arm-none-eabi/lib/armv7e-m\libg.a(lib_a-impure.o)
                0x20003798                _impure_ptr
                0x2000379c                . = ALIGN (0x4)
                0x2000379c                PROVIDE (__preinit_array_start, .)
 *(.preinit_array)
                0x2000379c                PROVIDE (__preinit_array_end, .)
                0x2000379c                . = ALIGN (0x4)
                0x2000379c                PROVIDE (__init_array_start, .)
 *(SORT(.init_array.*))
 *(.init_array)
                0x2000379c                PROVIDE (__init_array_end, .)
                0x2000379c                . = ALIGN (0x4)
                0x2000379c                PROVIDE (__fini_array_start, .)
 *(SORT(.fini_array.*))
 *(.fini_array)
                0x2000379c                PROVIDE (__fini_array_end, .)
 *(.jcr*)
                0x2000379c                . = ALIGN (0x4)
                0x2000379c                __data_end__ = .
                0x2000379c                _edata = __data_end__

.igot.plt       0x2000379c        0x0 load address 0x08007db0
 .igot.plt      0x00000000        0x0 ..\obj\delay.o

.bss            0x2000379c    0x12d5c load address 0x08007db0
                0x2000379c                . = ALIGN (0x4)
                0x2000379c                __bss_start__ = .
                0x2000379c                _sbss = __bss_start__
 *(.bss*)
 .bss           0x2000379c        0x4 ..\obj\syscalls.o
 .bss           0x200037a0        0x1 ..\obj\lcd.o
                0x200037a0                curpos
 *fill*         0x200037a1        0x3 
 .bss.__malloc_max_total_mem
                0x200037a4        0x4 c:/program files (x86)/gnu tools arm embedded/4.8 2013q4/bin/../lib/gcc/arm-none-eabi/4.8.3/../../../../arm-none-eabi/lib/armv7e-m\libg.a(lib_a-mallocr.o)
                0x200037a4                __malloc_max_total_mem
 .bss.__malloc_max_sbrked_mem
                0x200037a8        0x4 c:/program files (x86)/gnu tools arm embedded/4.8 2013q4/bin/../lib/gcc/arm-none-eabi/4.8.3/../../../../arm-none-eabi/lib/armv7e-m\libg.a(lib_a-mallocr.o)
                0x200037a8                __malloc_max_sbrked_mem
 .bss.__malloc_top_pad
                0x200037ac        0x4 c:/program files (x86)/gnu tools arm embedded/4.8 2013q4/bin/../lib/gcc/arm-none-eabi/4.8.3/../../../../arm-none-eabi/lib/armv7e-m\libg.a(lib_a-mallocr.o)
                0x200037ac                __malloc_top_pad
 .bss.__malloc_current_mallinfo
                0x200037b0       0x28 c:/program files (x86)/gnu tools arm embedded/4.8 2013q4/bin/../lib/gcc/arm-none-eabi/4.8.3/../../../../arm-none-eabi/lib/armv7e-m\libg.a(lib_a-mallocr.o)
                0x200037b0                __malloc_current_mallinfo
 *(COMMON)
 COMMON         0x200037d8    0x12d1c ..\obj\delay.o
                0x200037d8                G_CLK
                0x200037dc                D_S
                0x200037e0                D_uS
                0x200037e4                VGA
                0x200037f0                VGA_RAM1
                0x200164e0                front_to_logic_Q
                0x200164f0                D_mS
 COMMON         0x200164f4        0x4 c:/program files (x86)/gnu tools arm embedded/4.8 2013q4/bin/../lib/gcc/arm-none-eabi/4.8.3/../../../../arm-none-eabi/lib/armv7e-m\libg.a(lib_a-reent.o)
                0x200164f4                errno
                0x200164f8                . = ALIGN (0x4)
                0x200164f8                __bss_end__ = .
                0x200164f8                _ebss = __bss_end__

.heap           0x200164f8        0x0
                0x200164f8                __end__ = .
                0x200164f8                _end = __end__
                0x200164f8                end = __end__
 *(.heap*)
                0x200164f8                __HeapLimit = .

.co_stack       0x200164f8      0x800 load address 0x0801ab0c
                0x200164f8                . = ALIGN (0x8)
 *(.co_stack .co_stack.*)
 .co_stack      0x200164f8      0x800 ..\obj\startup_stm32f4xx.o
                0x200164f8                pulStack
                0x20020000                __StackTop = (ORIGIN (ram) + 0x20000)
                0x2001f800                __StackLimit = (__StackTop - SIZEOF (.co_stack))
                0x20020000                PROVIDE (__stack, __StackTop)
                0x00000001                ASSERT ((__StackLimit >= __HeapLimit), region ram  overflowed with stack)
LOAD ..\obj\delay.o
LOAD ..\obj\startup_stm32f4xx.o
LOAD ..\obj\LogicLayer.o
LOAD ..\obj\main.o
LOAD ..\obj\stm32f4xx_rcc.o
LOAD ..\obj\IO_draw.o
LOAD ..\obj\HSVtoRGB.o
LOAD ..\obj\stm32f4xx_gpio.o
LOAD ..\obj\system_stm32f4xx.o
LOAD ..\obj\syscalls.o
LOAD ..\obj\stm32f4xx_dma.o
LOAD ..\obj\lcd.o
LOAD ..\obj\stm32_ub_vga_screen.o
LOAD ..\obj\misc.o
LOAD ..\obj\stm32f4xx_tim.o
LOAD c:/program files (x86)/gnu tools arm embedded/4.8 2013q4/bin/../lib/gcc/arm-none-eabi/4.8.3/../../../../arm-none-eabi/lib/armv7e-m\libm.a
START GROUP
LOAD c:/program files (x86)/gnu tools arm embedded/4.8 2013q4/bin/../lib/gcc/arm-none-eabi/4.8.3/armv7e-m\libgcc.a
LOAD c:/program files (x86)/gnu tools arm embedded/4.8 2013q4/bin/../lib/gcc/arm-none-eabi/4.8.3/../../../../arm-none-eabi/lib/armv7e-m\libg.a
LOAD c:/program files (x86)/gnu tools arm embedded/4.8 2013q4/bin/../lib/gcc/arm-none-eabi/4.8.3/../../../../arm-none-eabi/lib/armv7e-m\libc.a
END GROUP
OUTPUT(VGA_Core.elf elf32-littlearm)

.debug_info     0x00000000     0x652f
 .debug_info    0x00000000      0x334 ..\obj\delay.o
 .debug_info    0x00000334       0xed ..\obj\startup_stm32f4xx.o
 .debug_info    0x00000421      0x40e ..\obj\LogicLayer.o
 .debug_info    0x0000082f      0x228 ..\obj\main.o
 .debug_info    0x00000a57      0xc21 ..\obj\stm32f4xx_rcc.o
 .debug_info    0x00001678      0x6a5 ..\obj\IO_draw.o
 .debug_info    0x00001d1d      0x5d6 ..\obj\stm32f4xx_gpio.o
 .debug_info    0x000022f3      0x566 ..\obj\system_stm32f4xx.o
 .debug_info    0x00002859      0x3ee ..\obj\syscalls.o
 .debug_info    0x00002c47      0x718 ..\obj\stm32f4xx_dma.o
 .debug_info    0x0000335f      0x5d8 ..\obj\lcd.o
 .debug_info    0x00003937      0xaa7 ..\obj\stm32_ub_vga_screen.o
 .debug_info    0x000043de      0x51c ..\obj\misc.o
 .debug_info    0x000048fa     0x1c35 ..\obj\stm32f4xx_tim.o

.debug_abbrev   0x00000000     0x1316
 .debug_abbrev  0x00000000      0x148 ..\obj\delay.o
 .debug_abbrev  0x00000148       0xb0 ..\obj\startup_stm32f4xx.o
 .debug_abbrev  0x000001f8      0x172 ..\obj\LogicLayer.o
 .debug_abbrev  0x0000036a      0x121 ..\obj\main.o
 .debug_abbrev  0x0000048b      0x1e3 ..\obj\stm32f4xx_rcc.o
 .debug_abbrev  0x0000066e      0x15b ..\obj\IO_draw.o
 .debug_abbrev  0x000007c9      0x1a3 ..\obj\stm32f4xx_gpio.o
 .debug_abbrev  0x0000096c      0x136 ..\obj\system_stm32f4xx.o
 .debug_abbrev  0x00000aa2       0xe2 ..\obj\syscalls.o
 .debug_abbrev  0x00000b84      0x155 ..\obj\stm32f4xx_dma.o
 .debug_abbrev  0x00000cd9      0x1b0 ..\obj\lcd.o
 .debug_abbrev  0x00000e89      0x1c1 ..\obj\stm32_ub_vga_screen.o
 .debug_abbrev  0x0000104a      0x145 ..\obj\misc.o
 .debug_abbrev  0x0000118f      0x187 ..\obj\stm32f4xx_tim.o

.debug_aranges  0x00000000      0x880
 .debug_aranges
                0x00000000       0x38 ..\obj\delay.o
 .debug_aranges
                0x00000038       0x28 ..\obj\startup_stm32f4xx.o
 .debug_aranges
                0x00000060       0x58 ..\obj\LogicLayer.o
 .debug_aranges
                0x000000b8       0x20 ..\obj\main.o
 .debug_aranges
                0x000000d8      0x178 ..\obj\stm32f4xx_rcc.o
 .debug_aranges
                0x00000250       0x58 ..\obj\IO_draw.o
 .debug_aranges
                0x000002a8       0x88 ..\obj\stm32f4xx_gpio.o
 .debug_aranges
                0x00000330       0x30 ..\obj\system_stm32f4xx.o
 .debug_aranges
                0x00000360       0x60 ..\obj\syscalls.o
 .debug_aranges
                0x000003c0       0xb0 ..\obj\stm32f4xx_dma.o
 .debug_aranges
                0x00000470       0x78 ..\obj\lcd.o
 .debug_aranges
                0x000004e8       0x60 ..\obj\stm32_ub_vga_screen.o
 .debug_aranges
                0x00000548       0x40 ..\obj\misc.o
 .debug_aranges
                0x00000588      0x2f8 ..\obj\stm32f4xx_tim.o

.debug_ranges   0x00000000      0x7a0
 .debug_ranges  0x00000000       0x28 ..\obj\delay.o
 .debug_ranges  0x00000028       0x18 ..\obj\startup_stm32f4xx.o
 .debug_ranges  0x00000040       0x48 ..\obj\LogicLayer.o
 .debug_ranges  0x00000088       0x10 ..\obj\main.o
 .debug_ranges  0x00000098      0x168 ..\obj\stm32f4xx_rcc.o
 .debug_ranges  0x00000200       0x48 ..\obj\IO_draw.o
 .debug_ranges  0x00000248       0x78 ..\obj\stm32f4xx_gpio.o
 .debug_ranges  0x000002c0       0x20 ..\obj\system_stm32f4xx.o
 .debug_ranges  0x000002e0       0x50 ..\obj\syscalls.o
 .debug_ranges  0x00000330       0xa0 ..\obj\stm32f4xx_dma.o
 .debug_ranges  0x000003d0       0x68 ..\obj\lcd.o
 .debug_ranges  0x00000438       0x50 ..\obj\stm32_ub_vga_screen.o
 .debug_ranges  0x00000488       0x30 ..\obj\misc.o
 .debug_ranges  0x000004b8      0x2e8 ..\obj\stm32f4xx_tim.o

.debug_line     0x00000000     0x2fc8
 .debug_line    0x00000000      0x27d ..\obj\delay.o
 .debug_line    0x0000027d       0xb9 ..\obj\startup_stm32f4xx.o
 .debug_line    0x00000336      0x2e2 ..\obj\LogicLayer.o
 .debug_line    0x00000618      0x1d1 ..\obj\main.o
 .debug_line    0x000007e9      0x59e ..\obj\stm32f4xx_rcc.o
 .debug_line    0x00000d87      0x3ec ..\obj\IO_draw.o
 .debug_line    0x00001173      0x343 ..\obj\stm32f4xx_gpio.o
 .debug_line    0x000014b6      0x1bb ..\obj\system_stm32f4xx.o
 .debug_line    0x00001671      0x18b ..\obj\syscalls.o
 .debug_line    0x000017fc      0x3e0 ..\obj\stm32f4xx_dma.o
 .debug_line    0x00001bdc      0x3a0 ..\obj\lcd.o
 .debug_line    0x00001f7c      0x39a ..\obj\stm32_ub_vga_screen.o
 .debug_line    0x00002316      0x249 ..\obj\misc.o
 .debug_line    0x0000255f      0xa69 ..\obj\stm32f4xx_tim.o

.debug_str      0x00000000     0x2bc7
 .debug_str     0x00000000      0x26f ..\obj\delay.o
                                0x2c8 (size before relaxing)
 .debug_str     0x0000026f       0xc8 ..\obj\startup_stm32f4xx.o
                                0x15f (size before relaxing)
 .debug_str     0x00000337      0x18a ..\obj\LogicLayer.o
                                0x377 (size before relaxing)
 .debug_str     0x000004c1       0x59 ..\obj\main.o
                                0x246 (size before relaxing)
 .debug_str     0x0000051a      0x674 ..\obj\stm32f4xx_rcc.o
                                0x83e (size before relaxing)
 .debug_str     0x00000b8e      0x1ca ..\obj\IO_draw.o
                                0x35b (size before relaxing)
 .debug_str     0x00000d58      0x340 ..\obj\stm32f4xx_gpio.o
                                0x491 (size before relaxing)
 .debug_str     0x00001098      0x130 ..\obj\system_stm32f4xx.o
                                0x398 (size before relaxing)
 .debug_str     0x000011c8      0x17b ..\obj\syscalls.o
                                0x303 (size before relaxing)
 .debug_str     0x00001343      0x3af ..\obj\stm32f4xx_dma.o
                                0x53a (size before relaxing)
 .debug_str     0x000016f2       0xfa ..\obj\lcd.o
                                0x49c (size before relaxing)
 .debug_str     0x000017ec      0x84c ..\obj\stm32_ub_vga_screen.o
                                0xccb (size before relaxing)
 .debug_str     0x00002038      0x179 ..\obj\misc.o
                                0x3c7 (size before relaxing)
 .debug_str     0x000021b1      0xa16 ..\obj\stm32f4xx_tim.o
                                0xdbe (size before relaxing)

.comment        0x00000000       0x70
 .comment       0x00000000       0x70 ..\obj\delay.o
                                 0x71 (size before relaxing)
 .comment       0x00000000       0x71 ..\obj\startup_stm32f4xx.o
 .comment       0x00000000       0x71 ..\obj\LogicLayer.o
 .comment       0x00000000       0x71 ..\obj\main.o
 .comment       0x00000000       0x71 ..\obj\stm32f4xx_rcc.o
 .comment       0x00000000       0x71 ..\obj\IO_draw.o
 .comment       0x00000000       0x71 ..\obj\stm32f4xx_gpio.o
 .comment       0x00000000       0x71 ..\obj\system_stm32f4xx.o
 .comment       0x00000000       0x71 ..\obj\syscalls.o
 .comment       0x00000000       0x71 ..\obj\stm32f4xx_dma.o
 .comment       0x00000000       0x71 ..\obj\lcd.o
 .comment       0x00000000       0x71 ..\obj\stm32_ub_vga_screen.o
 .comment       0x00000000       0x71 ..\obj\misc.o
 .comment       0x00000000       0x71 ..\obj\stm32f4xx_tim.o

.ARM.attributes
                0x00000000       0x31
 .ARM.attributes
                0x00000000       0x33 ..\obj\delay.o
 .ARM.attributes
                0x00000033       0x33 ..\obj\startup_stm32f4xx.o
 .ARM.attributes
                0x00000066       0x33 ..\obj\LogicLayer.o
 .ARM.attributes
                0x00000099       0x33 ..\obj\main.o
 .ARM.attributes
                0x000000cc       0x33 ..\obj\stm32f4xx_rcc.o
 .ARM.attributes
                0x000000ff       0x33 ..\obj\IO_draw.o
 .ARM.attributes
                0x00000132       0x33 ..\obj\stm32f4xx_gpio.o
 .ARM.attributes
                0x00000165       0x33 ..\obj\system_stm32f4xx.o
 .ARM.attributes
                0x00000198       0x33 ..\obj\syscalls.o
 .ARM.attributes
                0x000001cb       0x33 ..\obj\stm32f4xx_dma.o
 .ARM.attributes
                0x000001fe       0x33 ..\obj\lcd.o
 .ARM.attributes
                0x00000231       0x33 ..\obj\stm32_ub_vga_screen.o
 .ARM.attributes
                0x00000264       0x33 ..\obj\misc.o
 .ARM.attributes
                0x00000297       0x33 ..\obj\stm32f4xx_tim.o
 .ARM.attributes
                0x000002ca       0x1e c:/program files (x86)/gnu tools arm embedded/4.8 2013q4/bin/../lib/gcc/arm-none-eabi/4.8.3/armv7e-m\libgcc.a(_arm_addsubdf3.o)
 .ARM.attributes
                0x000002e8       0x1e c:/program files (x86)/gnu tools arm embedded/4.8 2013q4/bin/../lib/gcc/arm-none-eabi/4.8.3/armv7e-m\libgcc.a(_arm_muldivdf3.o)
 .ARM.attributes
                0x00000306       0x1e c:/program files (x86)/gnu tools arm embedded/4.8 2013q4/bin/../lib/gcc/arm-none-eabi/4.8.3/armv7e-m\libgcc.a(_arm_cmpdf2.o)
 .ARM.attributes
                0x00000324       0x1e c:/program files (x86)/gnu tools arm embedded/4.8 2013q4/bin/../lib/gcc/arm-none-eabi/4.8.3/armv7e-m\libgcc.a(_arm_fixdfsi.o)
 .ARM.attributes
                0x00000342       0x1e c:/program files (x86)/gnu tools arm embedded/4.8 2013q4/bin/../lib/gcc/arm-none-eabi/4.8.3/armv7e-m\libgcc.a(_arm_fixunsdfsi.o)
 .ARM.attributes
                0x00000360       0x2e c:/program files (x86)/gnu tools arm embedded/4.8 2013q4/bin/../lib/gcc/arm-none-eabi/4.8.3/../../../../arm-none-eabi/lib/armv7e-m\libg.a(lib_a-atoi.o)
 .ARM.attributes
                0x0000038e       0x2e c:/program files (x86)/gnu tools arm embedded/4.8 2013q4/bin/../lib/gcc/arm-none-eabi/4.8.3/../../../../arm-none-eabi/lib/armv7e-m\libg.a(lib_a-malloc.o)
 .ARM.attributes
                0x000003bc       0x2e c:/program files (x86)/gnu tools arm embedded/4.8 2013q4/bin/../lib/gcc/arm-none-eabi/4.8.3/../../../../arm-none-eabi/lib/armv7e-m\libg.a(lib_a-mallocr.o)
 .ARM.attributes
                0x000003ea       0x1c c:/program files (x86)/gnu tools arm embedded/4.8 2013q4/bin/../lib/gcc/arm-none-eabi/4.8.3/../../../../arm-none-eabi/lib/armv7e-m\libg.a(lib_a-memcpy.o)
 .ARM.attributes
                0x00000406       0x2e c:/program files (x86)/gnu tools arm embedded/4.8 2013q4/bin/../lib/gcc/arm-none-eabi/4.8.3/../../../../arm-none-eabi/lib/armv7e-m\libg.a(lib_a-mlock.o)
 .ARM.attributes
                0x00000434       0x2e c:/program files (x86)/gnu tools arm embedded/4.8 2013q4/bin/../lib/gcc/arm-none-eabi/4.8.3/../../../../arm-none-eabi/lib/armv7e-m\libg.a(lib_a-sbrkr.o)
 .ARM.attributes
                0x00000462       0x1c c:/program files (x86)/gnu tools arm embedded/4.8 2013q4/bin/../lib/gcc/arm-none-eabi/4.8.3/../../../../arm-none-eabi/lib/armv7e-m\libg.a(lib_a-strcmp.o)
 .ARM.attributes
                0x0000047e       0x2e c:/program files (x86)/gnu tools arm embedded/4.8 2013q4/bin/../lib/gcc/arm-none-eabi/4.8.3/../../../../arm-none-eabi/lib/armv7e-m\libg.a(lib_a-strcpy.o)
 .ARM.attributes
                0x000004ac       0x2e c:/program files (x86)/gnu tools arm embedded/4.8 2013q4/bin/../lib/gcc/arm-none-eabi/4.8.3/../../../../arm-none-eabi/lib/armv7e-m\libg.a(lib_a-strtol.o)
 .ARM.attributes
                0x000004da       0x2e c:/program files (x86)/gnu tools arm embedded/4.8 2013q4/bin/../lib/gcc/arm-none-eabi/4.8.3/../../../../arm-none-eabi/lib/armv7e-m\libg.a(lib_a-ctype_.o)
 .ARM.attributes
                0x00000508       0x2e c:/program files (x86)/gnu tools arm embedded/4.8 2013q4/bin/../lib/gcc/arm-none-eabi/4.8.3/../../../../arm-none-eabi/lib/armv7e-m\libg.a(lib_a-freer.o)
 .ARM.attributes
                0x00000536       0x2e c:/program files (x86)/gnu tools arm embedded/4.8 2013q4/bin/../lib/gcc/arm-none-eabi/4.8.3/../../../../arm-none-eabi/lib/armv7e-m\libg.a(lib_a-impure.o)
 .ARM.attributes
                0x00000564       0x2e c:/program files (x86)/gnu tools arm embedded/4.8 2013q4/bin/../lib/gcc/arm-none-eabi/4.8.3/../../../../arm-none-eabi/lib/armv7e-m\libg.a(lib_a-reent.o)

.debug_frame    0x00000000     0x1cb4
 .debug_frame   0x00000000       0x84 ..\obj\delay.o
 .debug_frame   0x00000084       0x48 ..\obj\startup_stm32f4xx.o
 .debug_frame   0x000000cc      0x11c ..\obj\LogicLayer.o
 .debug_frame   0x000001e8       0x30 ..\obj\main.o
 .debug_frame   0x00000218      0x4d8 ..\obj\stm32f4xx_rcc.o
 .debug_frame   0x000006f0      0x11c ..\obj\IO_draw.o
 .debug_frame   0x0000080c      0x19c ..\obj\stm32f4xx_gpio.o
 .debug_frame   0x000009a8       0x64 ..\obj\system_stm32f4xx.o
 .debug_frame   0x00000a0c      0x108 ..\obj\syscalls.o
 .debug_frame   0x00000b14      0x224 ..\obj\stm32f4xx_dma.o
 .debug_frame   0x00000d38      0x184 ..\obj\lcd.o
 .debug_frame   0x00000ebc      0x124 ..\obj\stm32_ub_vga_screen.o
 .debug_frame   0x00000fe0       0x9c ..\obj\misc.o
 .debug_frame   0x0000107c      0xa3c ..\obj\stm32f4xx_tim.o
 .debug_frame   0x00001ab8       0x30 c:/program files (x86)/gnu tools arm embedded/4.8 2013q4/bin/../lib/gcc/arm-none-eabi/4.8.3/../../../../arm-none-eabi/lib/armv7e-m\libg.a(lib_a-atoi.o)
 .debug_frame   0x00001ae8       0x30 c:/program files (x86)/gnu tools arm embedded/4.8 2013q4/bin/../lib/gcc/arm-none-eabi/4.8.3/../../../../arm-none-eabi/lib/armv7e-m\libg.a(lib_a-malloc.o)
 .debug_frame   0x00001b18       0x38 c:/program files (x86)/gnu tools arm embedded/4.8 2013q4/bin/../lib/gcc/arm-none-eabi/4.8.3/../../../../arm-none-eabi/lib/armv7e-m\libg.a(lib_a-mallocr.o)
 .debug_frame   0x00001b50       0x30 c:/program files (x86)/gnu tools arm embedded/4.8 2013q4/bin/../lib/gcc/arm-none-eabi/4.8.3/../../../../arm-none-eabi/lib/armv7e-m\libg.a(lib_a-mlock.o)
 .debug_frame   0x00001b80       0x2c c:/program files (x86)/gnu tools arm embedded/4.8 2013q4/bin/../lib/gcc/arm-none-eabi/4.8.3/../../../../arm-none-eabi/lib/armv7e-m\libg.a(lib_a-sbrkr.o)
 .debug_frame   0x00001bac       0x20 c:/program files (x86)/gnu tools arm embedded/4.8 2013q4/bin/../lib/gcc/arm-none-eabi/4.8.3/../../../../arm-none-eabi/lib/armv7e-m\libg.a(lib_a-strcpy.o)
 .debug_frame   0x00001bcc       0x50 c:/program files (x86)/gnu tools arm embedded/4.8 2013q4/bin/../lib/gcc/arm-none-eabi/4.8.3/../../../../arm-none-eabi/lib/armv7e-m\libg.a(lib_a-strtol.o)
 .debug_frame   0x00001c1c       0x50 c:/program files (x86)/gnu tools arm embedded/4.8 2013q4/bin/../lib/gcc/arm-none-eabi/4.8.3/../../../../arm-none-eabi/lib/armv7e-m\libg.a(lib_a-freer.o)
 .debug_frame   0x00001c6c       0x48 c:/program files (x86)/gnu tools arm embedded/4.8 2013q4/bin/../lib/gcc/arm-none-eabi/4.8.3/../../../../arm-none-eabi/lib/armv7e-m\libg.a(lib_a-reent.o)
