Archive member included because of file (symbol)

..\..\..\libee-api.a(IO_draw.o)
                              ..\obj\LogicLayer.o (API_draw_bitmap)
c:/program files (x86)/gnu tools arm embedded/4.8 2013q4/bin/../lib/gcc/arm-none-eabi/4.8.3/armv7e-m\libgcc.a(_arm_addsubdf3.o)
                              ..\..\..\libee-api.a(IO_draw.o) (__aeabi_dsub)
c:/program files (x86)/gnu tools arm embedded/4.8 2013q4/bin/../lib/gcc/arm-none-eabi/4.8.3/armv7e-m\libgcc.a(_arm_muldivdf3.o)
                              ..\obj\delay.o (__aeabi_dmul)
c:/program files (x86)/gnu tools arm embedded/4.8 2013q4/bin/../lib/gcc/arm-none-eabi/4.8.3/armv7e-m\libgcc.a(_arm_cmpdf2.o)
                              ..\..\..\libee-api.a(IO_draw.o) (__aeabi_dcmplt)
c:/program files (x86)/gnu tools arm embedded/4.8 2013q4/bin/../lib/gcc/arm-none-eabi/4.8.3/armv7e-m\libgcc.a(_arm_fixdfsi.o)
                              ..\..\..\libee-api.a(IO_draw.o) (__aeabi_d2iz)
c:/program files (x86)/gnu tools arm embedded/4.8 2013q4/bin/../lib/gcc/arm-none-eabi/4.8.3/armv7e-m\libgcc.a(_arm_fixunsdfsi.o)
                              ..\obj\delay.o (__aeabi_d2uiz)
c:/program files (x86)/gnu tools arm embedded/4.8 2013q4/bin/../lib/gcc/arm-none-eabi/4.8.3/../../../../arm-none-eabi/lib/armv7e-m\libg.a(lib_a-atoi.o)
                              ..\obj\LogicLayer.o (atoi)
c:/program files (x86)/gnu tools arm embedded/4.8 2013q4/bin/../lib/gcc/arm-none-eabi/4.8.3/../../../../arm-none-eabi/lib/armv7e-m\libg.a(lib_a-memcpy.o)
                              ..\obj\uart.o (memcpy)
c:/program files (x86)/gnu tools arm embedded/4.8 2013q4/bin/../lib/gcc/arm-none-eabi/4.8.3/../../../../arm-none-eabi/lib/armv7e-m\libg.a(lib_a-strcmp.o)
                              ..\obj\LogicLayer.o (strcmp)
c:/program files (x86)/gnu tools arm embedded/4.8 2013q4/bin/../lib/gcc/arm-none-eabi/4.8.3/../../../../arm-none-eabi/lib/armv7e-m\libg.a(lib_a-strcpy.o)
                              ..\..\..\libee-api.a(IO_draw.o) (strcpy)
c:/program files (x86)/gnu tools arm embedded/4.8 2013q4/bin/../lib/gcc/arm-none-eabi/4.8.3/../../../../arm-none-eabi/lib/armv7e-m\libg.a(lib_a-strlen.o)
                              ..\obj\uart.o (strlen)
c:/program files (x86)/gnu tools arm embedded/4.8 2013q4/bin/../lib/gcc/arm-none-eabi/4.8.3/../../../../arm-none-eabi/lib/armv7e-m\libg.a(lib_a-strtol.o)
                              c:/program files (x86)/gnu tools arm embedded/4.8 2013q4/bin/../lib/gcc/arm-none-eabi/4.8.3/../../../../arm-none-eabi/lib/armv7e-m\libg.a(lib_a-atoi.o) (_strtol_r)
c:/program files (x86)/gnu tools arm embedded/4.8 2013q4/bin/../lib/gcc/arm-none-eabi/4.8.3/../../../../arm-none-eabi/lib/armv7e-m\libg.a(lib_a-ctype_.o)
                              c:/program files (x86)/gnu tools arm embedded/4.8 2013q4/bin/../lib/gcc/arm-none-eabi/4.8.3/../../../../arm-none-eabi/lib/armv7e-m\libg.a(lib_a-strtol.o) (__ctype_ptr__)
c:/program files (x86)/gnu tools arm embedded/4.8 2013q4/bin/../lib/gcc/arm-none-eabi/4.8.3/../../../../arm-none-eabi/lib/armv7e-m\libg.a(lib_a-impure.o)
                              c:/program files (x86)/gnu tools arm embedded/4.8 2013q4/bin/../lib/gcc/arm-none-eabi/4.8.3/../../../../arm-none-eabi/lib/armv7e-m\libg.a(lib_a-strtol.o) (_impure_ptr)

Allocating common symbols
Common symbol       size              file

G_CLK               0x4               ..\obj\delay.o
D_S                 0x4               ..\obj\delay.o
D_uS                0x4               ..\obj\delay.o
VGA                 0xc               ..\obj\delay.o
state               0x4               ..\obj\delay.o
VGA_RAM1            0x12cf0           ..\obj\delay.o
i                   0x4               ..\obj\uart.o
front_to_logic_Q    0x4dac            ..\obj\delay.o
D_mS                0x4               ..\obj\delay.o
received            0x360             ..\obj\uart.o

Discarded input sections

 .text          0x00000000        0x0 ..\obj\delay.o
 .data          0x00000000        0x0 ..\obj\delay.o
 .bss           0x00000000        0x0 ..\obj\delay.o
 .text.DELAY_us
                0x00000000       0x3c ..\obj\delay.o
 .text.DELAY_ms
                0x00000000       0x3c ..\obj\delay.o
 .text.DELAY_s  0x00000000       0x3c ..\obj\delay.o
 .text          0x00000000        0x0 ..\obj\stm32f4xx_usart.o
 .data          0x00000000        0x0 ..\obj\stm32f4xx_usart.o
 .bss           0x00000000        0x0 ..\obj\stm32f4xx_usart.o
 .text.USART_DeInit
                0x00000000       0xd0 ..\obj\stm32f4xx_usart.o
 .text.USART_StructInit
                0x00000000       0x38 ..\obj\stm32f4xx_usart.o
 .text.USART_ClockInit
                0x00000000       0x54 ..\obj\stm32f4xx_usart.o
 .text.USART_ClockStructInit
                0x00000000       0x2c ..\obj\stm32f4xx_usart.o
 .text.USART_SetPrescaler
                0x00000000       0x38 ..\obj\stm32f4xx_usart.o
 .text.USART_OverSampling8Cmd
                0x00000000       0x44 ..\obj\stm32f4xx_usart.o
 .text.USART_OneBitMethodCmd
                0x00000000       0x40 ..\obj\stm32f4xx_usart.o
 .text.USART_ReceiveData
                0x00000000       0x20 ..\obj\stm32f4xx_usart.o
 .text.USART_SetAddress
                0x00000000       0x38 ..\obj\stm32f4xx_usart.o
 .text.USART_ReceiverWakeUpCmd
                0x00000000       0x40 ..\obj\stm32f4xx_usart.o
 .text.USART_WakeUpConfig
                0x00000000       0x38 ..\obj\stm32f4xx_usart.o
 .text.USART_LINBreakDetectLengthConfig
                0x00000000       0x38 ..\obj\stm32f4xx_usart.o
 .text.USART_LINCmd
                0x00000000       0x40 ..\obj\stm32f4xx_usart.o
 .text.USART_SendBreak
                0x00000000       0x24 ..\obj\stm32f4xx_usart.o
 .text.USART_HalfDuplexCmd
                0x00000000       0x40 ..\obj\stm32f4xx_usart.o
 .text.USART_SetGuardTime
                0x00000000       0x3c ..\obj\stm32f4xx_usart.o
 .text.USART_SmartCardCmd
                0x00000000       0x40 ..\obj\stm32f4xx_usart.o
 .text.USART_SmartCardNACKCmd
                0x00000000       0x40 ..\obj\stm32f4xx_usart.o
 .text.USART_IrDAConfig
                0x00000000       0x38 ..\obj\stm32f4xx_usart.o
 .text.USART_IrDACmd
                0x00000000       0x40 ..\obj\stm32f4xx_usart.o
 .text.USART_DMACmd
                0x00000000       0x48 ..\obj\stm32f4xx_usart.o
 .text.USART_ClearFlag
                0x00000000       0x20 ..\obj\stm32f4xx_usart.o
 .text          0x00000000        0x0 ..\obj\uart.o
 .data          0x00000000        0x0 ..\obj\uart.o
 .text          0x00000000        0x0 ..\obj\startup_stm32f4xx.o
 .data          0x00000000        0x0 ..\obj\startup_stm32f4xx.o
 .bss           0x00000000        0x0 ..\obj\startup_stm32f4xx.o
 .text          0x00000000        0x0 ..\obj\LogicLayer.o
 .data          0x00000000        0x0 ..\obj\LogicLayer.o
 .bss           0x00000000        0x0 ..\obj\LogicLayer.o
 .text.API_Qreader_stealth
                0x00000000       0x4c ..\obj\LogicLayer.o
 .text          0x00000000        0x0 ..\obj\main.o
 .data          0x00000000        0x0 ..\obj\main.o
 .bss           0x00000000        0x0 ..\obj\main.o
 .text          0x00000000        0x0 ..\obj\stm32f4xx_rcc.o
 .bss           0x00000000        0x0 ..\obj\stm32f4xx_rcc.o
 .text.RCC_DeInit
                0x00000000       0x50 ..\obj\stm32f4xx_rcc.o
 .text.RCC_HSEConfig
                0x00000000       0x24 ..\obj\stm32f4xx_rcc.o
 .text.RCC_WaitForHSEStartUp
                0x00000000       0x50 ..\obj\stm32f4xx_rcc.o
 .text.RCC_AdjustHSICalibrationValue
                0x00000000       0x3c ..\obj\stm32f4xx_rcc.o
 .text.RCC_HSICmd
                0x00000000       0x20 ..\obj\stm32f4xx_rcc.o
 .text.RCC_LSEConfig
                0x00000000       0x40 ..\obj\stm32f4xx_rcc.o
 .text.RCC_LSICmd
                0x00000000       0x20 ..\obj\stm32f4xx_rcc.o
 .text.RCC_PLLConfig
                0x00000000       0x3c ..\obj\stm32f4xx_rcc.o
 .text.RCC_PLLCmd
                0x00000000       0x20 ..\obj\stm32f4xx_rcc.o
 .text.RCC_PLLI2SConfig
                0x00000000       0x28 ..\obj\stm32f4xx_rcc.o
 .text.RCC_PLLI2SCmd
                0x00000000       0x20 ..\obj\stm32f4xx_rcc.o
 .text.RCC_ClockSecuritySystemCmd
                0x00000000       0x20 ..\obj\stm32f4xx_rcc.o
 .text.RCC_MCO1Config
                0x00000000       0x3c ..\obj\stm32f4xx_rcc.o
 .text.RCC_MCO2Config
                0x00000000       0x3c ..\obj\stm32f4xx_rcc.o
 .text.RCC_SYSCLKConfig
                0x00000000       0x38 ..\obj\stm32f4xx_rcc.o
 .text.RCC_GetSYSCLKSource
                0x00000000       0x20 ..\obj\stm32f4xx_rcc.o
 .text.RCC_HCLKConfig
                0x00000000       0x38 ..\obj\stm32f4xx_rcc.o
 .text.RCC_PCLK1Config
                0x00000000       0x38 ..\obj\stm32f4xx_rcc.o
 .text.RCC_PCLK2Config
                0x00000000       0x38 ..\obj\stm32f4xx_rcc.o
 .text.RCC_RTCCLKConfig
                0x00000000       0x5c ..\obj\stm32f4xx_rcc.o
 .text.RCC_RTCCLKCmd
                0x00000000       0x20 ..\obj\stm32f4xx_rcc.o
 .text.RCC_BackupResetCmd
                0x00000000       0x20 ..\obj\stm32f4xx_rcc.o
 .text.RCC_I2SCLKConfig
                0x00000000       0x1c ..\obj\stm32f4xx_rcc.o
 .text.RCC_AHB2PeriphClockCmd
                0x00000000       0x3c ..\obj\stm32f4xx_rcc.o
 .text.RCC_AHB3PeriphClockCmd
                0x00000000       0x3c ..\obj\stm32f4xx_rcc.o
 .text.RCC_AHB1PeriphResetCmd
                0x00000000       0x3c ..\obj\stm32f4xx_rcc.o
 .text.RCC_AHB2PeriphResetCmd
                0x00000000       0x3c ..\obj\stm32f4xx_rcc.o
 .text.RCC_AHB3PeriphResetCmd
                0x00000000       0x3c ..\obj\stm32f4xx_rcc.o
 .text.RCC_APB1PeriphResetCmd
                0x00000000       0x3c ..\obj\stm32f4xx_rcc.o
 .text.RCC_APB2PeriphResetCmd
                0x00000000       0x3c ..\obj\stm32f4xx_rcc.o
 .text.RCC_AHB1PeriphClockLPModeCmd
                0x00000000       0x3c ..\obj\stm32f4xx_rcc.o
 .text.RCC_AHB2PeriphClockLPModeCmd
                0x00000000       0x3c ..\obj\stm32f4xx_rcc.o
 .text.RCC_AHB3PeriphClockLPModeCmd
                0x00000000       0x3c ..\obj\stm32f4xx_rcc.o
 .text.RCC_APB1PeriphClockLPModeCmd
                0x00000000       0x3c ..\obj\stm32f4xx_rcc.o
 .text.RCC_APB2PeriphClockLPModeCmd
                0x00000000       0x3c ..\obj\stm32f4xx_rcc.o
 .text.RCC_ITConfig
                0x00000000       0x48 ..\obj\stm32f4xx_rcc.o
 .text.RCC_GetFlagStatus
                0x00000000       0x74 ..\obj\stm32f4xx_rcc.o
 .text.RCC_ClearFlag
                0x00000000       0x1c ..\obj\stm32f4xx_rcc.o
 .text.RCC_GetITStatus
                0x00000000       0x38 ..\obj\stm32f4xx_rcc.o
 .text.RCC_ClearITPendingBit
                0x00000000       0x20 ..\obj\stm32f4xx_rcc.o
 .text          0x00000000        0x0 ..\obj\stm32f4xx_gpio.o
 .data          0x00000000        0x0 ..\obj\stm32f4xx_gpio.o
 .bss           0x00000000        0x0 ..\obj\stm32f4xx_gpio.o
 .text.GPIO_DeInit
                0x00000000      0x120 ..\obj\stm32f4xx_gpio.o
 .text.GPIO_StructInit
                0x00000000       0x34 ..\obj\stm32f4xx_gpio.o
 .text.GPIO_PinLockConfig
                0x00000000       0x44 ..\obj\stm32f4xx_gpio.o
 .text.GPIO_ReadInputDataBit
                0x00000000       0x34 ..\obj\stm32f4xx_gpio.o
 .text.GPIO_ReadInputData
                0x00000000       0x1c ..\obj\stm32f4xx_gpio.o
 .text.GPIO_ReadOutputData
                0x00000000       0x1c ..\obj\stm32f4xx_gpio.o
 .text.GPIO_SetBits
                0x00000000       0x1c ..\obj\stm32f4xx_gpio.o
 .text.GPIO_ResetBits
                0x00000000       0x1c ..\obj\stm32f4xx_gpio.o
 .text.GPIO_WriteBit
                0x00000000       0x30 ..\obj\stm32f4xx_gpio.o
 .text.GPIO_Write
                0x00000000       0x1c ..\obj\stm32f4xx_gpio.o
 .text.GPIO_ToggleBits
                0x00000000       0x24 ..\obj\stm32f4xx_gpio.o
 .text          0x00000000        0x0 ..\obj\system_stm32f4xx.o
 .data          0x00000000       0x14 ..\obj\system_stm32f4xx.o
 .bss           0x00000000        0x0 ..\obj\system_stm32f4xx.o
 .text.SystemCoreClockUpdate
                0x00000000       0xf8 ..\obj\system_stm32f4xx.o
 .text          0x00000000        0x0 ..\obj\stm32f4xx_dma.o
 .data          0x00000000        0x0 ..\obj\stm32f4xx_dma.o
 .bss           0x00000000        0x0 ..\obj\stm32f4xx_dma.o
 .text.DMA_StructInit
                0x00000000       0x6c ..\obj\stm32f4xx_dma.o
 .text.DMA_PeriphIncOffsetSizeConfig
                0x00000000       0x34 ..\obj\stm32f4xx_dma.o
 .text.DMA_FlowControllerConfig
                0x00000000       0x34 ..\obj\stm32f4xx_dma.o
 .text.DMA_SetCurrDataCounter
                0x00000000       0x1c ..\obj\stm32f4xx_dma.o
 .text.DMA_GetCurrDataCounter
                0x00000000       0x1c ..\obj\stm32f4xx_dma.o
 .text.DMA_DoubleBufferModeConfig
                0x00000000       0x3c ..\obj\stm32f4xx_dma.o
 .text.DMA_DoubleBufferModeCmd
                0x00000000       0x38 ..\obj\stm32f4xx_dma.o
 .text.DMA_MemoryTargetConfig
                0x00000000       0x2c ..\obj\stm32f4xx_dma.o
 .text.DMA_GetCurrentMemoryTarget
                0x00000000       0x30 ..\obj\stm32f4xx_dma.o
 .text.DMA_GetCmdStatus
                0x00000000       0x30 ..\obj\stm32f4xx_dma.o
 .text.DMA_GetFIFOStatus
                0x00000000       0x24 ..\obj\stm32f4xx_dma.o
 .text.DMA_GetFlagStatus
                0x00000000       0x78 ..\obj\stm32f4xx_dma.o
 .text.DMA_ClearFlag
                0x00000000       0x5c ..\obj\stm32f4xx_dma.o
 .text          0x00000000        0x0 ..\obj\lcd.o
 .data          0x00000000        0xc ..\obj\lcd.o
 .bss           0x00000000        0x1 ..\obj\lcd.o
 .text.ClearBits
                0x00000000       0x14 ..\obj\lcd.o
 .text.LCD_cursor_home
                0x00000000       0x18 ..\obj\lcd.o
 .text.LCD_clear
                0x00000000       0x20 ..\obj\lcd.o
 .text.LCD_XY   0x00000000       0x60 ..\obj\lcd.o
 .text.LCD_init
                0x00000000       0xf4 ..\obj\lcd.o
 .text.LCD_putchar
                0x00000000       0x44 ..\obj\lcd.o
 .text.LCD_put  0x00000000       0x48 ..\obj\lcd.o
 .text.LCD_putint
                0x00000000       0x90 ..\obj\lcd.o
 .text.LCD_writenibble
                0x00000000       0x60 ..\obj\lcd.o
 .text.LCD_writebyte
                0x00000000       0x58 ..\obj\lcd.o
 .text.LCD_writecontrol
                0x00000000       0x28 ..\obj\lcd.o
 .text.busyflag
                0x00000000       0xb0 ..\obj\lcd.o
 .debug_info    0x00000000      0x5e4 ..\obj\lcd.o
 .debug_abbrev  0x00000000      0x1bd ..\obj\lcd.o
 .debug_aranges
                0x00000000       0x78 ..\obj\lcd.o
 .debug_ranges  0x00000000       0x68 ..\obj\lcd.o
 .debug_line    0x00000000      0x3a0 ..\obj\lcd.o
 .debug_str     0x00000000      0x49c ..\obj\lcd.o
 .comment       0x00000000       0x71 ..\obj\lcd.o
 .ARM.attributes
                0x00000000       0x33 ..\obj\lcd.o
 .debug_frame   0x00000000      0x184 ..\obj\lcd.o
 .text          0x00000000        0x0 ..\obj\stm32_ub_vga_screen.o
 .data          0x00000000        0x0 ..\obj\stm32_ub_vga_screen.o
 .bss           0x00000000        0x0 ..\obj\stm32_ub_vga_screen.o
 .text          0x00000000        0x0 ..\obj\misc.o
 .data          0x00000000        0x0 ..\obj\misc.o
 .bss           0x00000000        0x0 ..\obj\misc.o
 .text.NVIC_PriorityGroupConfig
                0x00000000       0x24 ..\obj\misc.o
 .text.NVIC_SetVectorTable
                0x00000000       0x2c ..\obj\misc.o
 .text.NVIC_SystemLPConfig
                0x00000000       0x40 ..\obj\misc.o
 .text.SysTick_CLKSourceConfig
                0x00000000       0x38 ..\obj\misc.o
 .text          0x00000000        0x0 ..\obj\stm32f4xx_tim.o
 .data          0x00000000        0x0 ..\obj\stm32f4xx_tim.o
 .bss           0x00000000        0x0 ..\obj\stm32f4xx_tim.o
 .text.TIM_DeInit
                0x00000000      0x1bc ..\obj\stm32f4xx_tim.o
 .text.TIM_TimeBaseStructInit
                0x00000000       0x34 ..\obj\stm32f4xx_tim.o
 .text.TIM_PrescalerConfig
                0x00000000       0x28 ..\obj\stm32f4xx_tim.o
 .text.TIM_CounterModeConfig
                0x00000000       0x38 ..\obj\stm32f4xx_tim.o
 .text.TIM_SetCounter
                0x00000000       0x1c ..\obj\stm32f4xx_tim.o
 .text.TIM_SetAutoreload
                0x00000000       0x1c ..\obj\stm32f4xx_tim.o
 .text.TIM_GetCounter
                0x00000000       0x18 ..\obj\stm32f4xx_tim.o
 .text.TIM_GetPrescaler
                0x00000000       0x1c ..\obj\stm32f4xx_tim.o
 .text.TIM_UpdateDisableConfig
                0x00000000       0x40 ..\obj\stm32f4xx_tim.o
 .text.TIM_UpdateRequestConfig
                0x00000000       0x40 ..\obj\stm32f4xx_tim.o
 .text.TIM_SelectOnePulseMode
                0x00000000       0x38 ..\obj\stm32f4xx_tim.o
 .text.TIM_SetClockDivision
                0x00000000       0x38 ..\obj\stm32f4xx_tim.o
 .text.TIM_OC1Init
                0x00000000       0xf4 ..\obj\stm32f4xx_tim.o
 .text.TIM_OC2Init
                0x00000000      0x110 ..\obj\stm32f4xx_tim.o
 .text.TIM_OCStructInit
                0x00000000       0x44 ..\obj\stm32f4xx_tim.o
 .text.TIM_SelectOCxM
                0x00000000       0xac ..\obj\stm32f4xx_tim.o
 .text.TIM_SetCompare1
                0x00000000       0x1c ..\obj\stm32f4xx_tim.o
 .text.TIM_SetCompare2
                0x00000000       0x1c ..\obj\stm32f4xx_tim.o
 .text.TIM_SetCompare3
                0x00000000       0x1c ..\obj\stm32f4xx_tim.o
 .text.TIM_SetCompare4
                0x00000000       0x1c ..\obj\stm32f4xx_tim.o
 .text.TIM_ForcedOC1Config
                0x00000000       0x38 ..\obj\stm32f4xx_tim.o
 .text.TIM_ForcedOC2Config
                0x00000000       0x3c ..\obj\stm32f4xx_tim.o
 .text.TIM_ForcedOC3Config
                0x00000000       0x38 ..\obj\stm32f4xx_tim.o
 .text.TIM_ForcedOC4Config
                0x00000000       0x3c ..\obj\stm32f4xx_tim.o
 .text.TIM_OC1PreloadConfig
                0x00000000       0x38 ..\obj\stm32f4xx_tim.o
 .text.TIM_OC2PreloadConfig
                0x00000000       0x3c ..\obj\stm32f4xx_tim.o
 .text.TIM_OC1FastConfig
                0x00000000       0x38 ..\obj\stm32f4xx_tim.o
 .text.TIM_OC2FastConfig
                0x00000000       0x3c ..\obj\stm32f4xx_tim.o
 .text.TIM_OC3FastConfig
                0x00000000       0x38 ..\obj\stm32f4xx_tim.o
 .text.TIM_OC4FastConfig
                0x00000000       0x3c ..\obj\stm32f4xx_tim.o
 .text.TIM_ClearOC1Ref
                0x00000000       0x38 ..\obj\stm32f4xx_tim.o
 .text.TIM_ClearOC2Ref
                0x00000000       0x3c ..\obj\stm32f4xx_tim.o
 .text.TIM_ClearOC3Ref
                0x00000000       0x38 ..\obj\stm32f4xx_tim.o
 .text.TIM_ClearOC4Ref
                0x00000000       0x3c ..\obj\stm32f4xx_tim.o
 .text.TIM_OC1PolarityConfig
                0x00000000       0x38 ..\obj\stm32f4xx_tim.o
 .text.TIM_OC1NPolarityConfig
                0x00000000       0x38 ..\obj\stm32f4xx_tim.o
 .text.TIM_OC2PolarityConfig
                0x00000000       0x3c ..\obj\stm32f4xx_tim.o
 .text.TIM_OC2NPolarityConfig
                0x00000000       0x3c ..\obj\stm32f4xx_tim.o
 .text.TIM_OC3PolarityConfig
                0x00000000       0x3c ..\obj\stm32f4xx_tim.o
 .text.TIM_OC3NPolarityConfig
                0x00000000       0x3c ..\obj\stm32f4xx_tim.o
 .text.TIM_OC4PolarityConfig
                0x00000000       0x3c ..\obj\stm32f4xx_tim.o
 .text.TIM_CCxCmd
                0x00000000       0x54 ..\obj\stm32f4xx_tim.o
 .text.TIM_CCxNCmd
                0x00000000       0x54 ..\obj\stm32f4xx_tim.o
 .text.TIM_ICInit
                0x00000000       0xa8 ..\obj\stm32f4xx_tim.o
 .text.TIM_ICStructInit
                0x00000000       0x30 ..\obj\stm32f4xx_tim.o
 .text.TIM_PWMIConfig
                0x00000000       0xb8 ..\obj\stm32f4xx_tim.o
 .text.TIM_GetCapture1
                0x00000000       0x18 ..\obj\stm32f4xx_tim.o
 .text.TIM_GetCapture2
                0x00000000       0x18 ..\obj\stm32f4xx_tim.o
 .text.TIM_GetCapture3
                0x00000000       0x18 ..\obj\stm32f4xx_tim.o
 .text.TIM_GetCapture4
                0x00000000       0x18 ..\obj\stm32f4xx_tim.o
 .text.TIM_SetIC1Prescaler
                0x00000000       0x38 ..\obj\stm32f4xx_tim.o
 .text.TIM_SetIC2Prescaler
                0x00000000       0x3c ..\obj\stm32f4xx_tim.o
 .text.TIM_SetIC3Prescaler
                0x00000000       0x38 ..\obj\stm32f4xx_tim.o
 .text.TIM_SetIC4Prescaler
                0x00000000       0x3c ..\obj\stm32f4xx_tim.o
 .text.TIM_BDTRConfig
                0x00000000       0x50 ..\obj\stm32f4xx_tim.o
 .text.TIM_BDTRStructInit
                0x00000000       0x3c ..\obj\stm32f4xx_tim.o
 .text.TIM_CtrlPWMOutputs
                0x00000000       0x4c ..\obj\stm32f4xx_tim.o
 .text.TIM_SelectCOM
                0x00000000       0x40 ..\obj\stm32f4xx_tim.o
 .text.TIM_CCPreloadControl
                0x00000000       0x40 ..\obj\stm32f4xx_tim.o
 .text.TIM_GenerateEvent
                0x00000000       0x1c ..\obj\stm32f4xx_tim.o
 .text.TIM_GetFlagStatus
                0x00000000       0x38 ..\obj\stm32f4xx_tim.o
 .text.TIM_ClearFlag
                0x00000000       0x20 ..\obj\stm32f4xx_tim.o
 .text.TIM_GetITStatus
                0x00000000       0x54 ..\obj\stm32f4xx_tim.o
 .text.TIM_DMAConfig
                0x00000000       0x28 ..\obj\stm32f4xx_tim.o
 .text.TIM_SelectCCDMA
                0x00000000       0x40 ..\obj\stm32f4xx_tim.o
 .text.TIM_InternalClockConfig
                0x00000000       0x24 ..\obj\stm32f4xx_tim.o
 .text.TIM_ITRxExternalClockConfig
                0x00000000       0x2c ..\obj\stm32f4xx_tim.o
 .text.TIM_TIxExternalClockConfig
                0x00000000       0x54 ..\obj\stm32f4xx_tim.o
 .text.TIM_ETRClockMode1Config
                0x00000000       0x50 ..\obj\stm32f4xx_tim.o
 .text.TIM_ETRClockMode2Config
                0x00000000       0x30 ..\obj\stm32f4xx_tim.o
 .text.TIM_SelectInputTrigger
                0x00000000       0x38 ..\obj\stm32f4xx_tim.o
 .text.TIM_SelectOutputTrigger
                0x00000000       0x38 ..\obj\stm32f4xx_tim.o
 .text.TIM_SelectSlaveMode
                0x00000000       0x38 ..\obj\stm32f4xx_tim.o
 .text.TIM_SelectMasterSlaveMode
                0x00000000       0x38 ..\obj\stm32f4xx_tim.o
 .text.TIM_ETRConfig
                0x00000000       0x48 ..\obj\stm32f4xx_tim.o
 .text.TIM_EncoderInterfaceConfig
                0x00000000       0x8c ..\obj\stm32f4xx_tim.o
 .text.TIM_SelectHallSensor
                0x00000000       0x40 ..\obj\stm32f4xx_tim.o
 .text.TIM_RemapConfig
                0x00000000       0x20 ..\obj\stm32f4xx_tim.o
 .text.TI1_Config
                0x00000000       0x78 ..\obj\stm32f4xx_tim.o
 .text.TI2_Config
                0x00000000       0x8c ..\obj\stm32f4xx_tim.o
 .text.TI3_Config
                0x00000000       0x84 ..\obj\stm32f4xx_tim.o
 .text.TI4_Config
                0x00000000       0x90 ..\obj\stm32f4xx_tim.o
 .text          0x00000000        0x0 ..\..\..\libee-api.a(IO_draw.o)
 .bss           0x00000000        0x0 ..\..\..\libee-api.a(IO_draw.o)
 .data          0x00000000        0x0 c:/program files (x86)/gnu tools arm embedded/4.8 2013q4/bin/../lib/gcc/arm-none-eabi/4.8.3/armv7e-m\libgcc.a(_arm_addsubdf3.o)
 .bss           0x00000000        0x0 c:/program files (x86)/gnu tools arm embedded/4.8 2013q4/bin/../lib/gcc/arm-none-eabi/4.8.3/armv7e-m\libgcc.a(_arm_addsubdf3.o)
 .data          0x00000000        0x0 c:/program files (x86)/gnu tools arm embedded/4.8 2013q4/bin/../lib/gcc/arm-none-eabi/4.8.3/armv7e-m\libgcc.a(_arm_muldivdf3.o)
 .bss           0x00000000        0x0 c:/program files (x86)/gnu tools arm embedded/4.8 2013q4/bin/../lib/gcc/arm-none-eabi/4.8.3/armv7e-m\libgcc.a(_arm_muldivdf3.o)
 .data          0x00000000        0x0 c:/program files (x86)/gnu tools arm embedded/4.8 2013q4/bin/../lib/gcc/arm-none-eabi/4.8.3/armv7e-m\libgcc.a(_arm_cmpdf2.o)
 .bss           0x00000000        0x0 c:/program files (x86)/gnu tools arm embedded/4.8 2013q4/bin/../lib/gcc/arm-none-eabi/4.8.3/armv7e-m\libgcc.a(_arm_cmpdf2.o)
 .data          0x00000000        0x0 c:/program files (x86)/gnu tools arm embedded/4.8 2013q4/bin/../lib/gcc/arm-none-eabi/4.8.3/armv7e-m\libgcc.a(_arm_fixdfsi.o)
 .bss           0x00000000        0x0 c:/program files (x86)/gnu tools arm embedded/4.8 2013q4/bin/../lib/gcc/arm-none-eabi/4.8.3/armv7e-m\libgcc.a(_arm_fixdfsi.o)
 .data          0x00000000        0x0 c:/program files (x86)/gnu tools arm embedded/4.8 2013q4/bin/../lib/gcc/arm-none-eabi/4.8.3/armv7e-m\libgcc.a(_arm_fixunsdfsi.o)
 .bss           0x00000000        0x0 c:/program files (x86)/gnu tools arm embedded/4.8 2013q4/bin/../lib/gcc/arm-none-eabi/4.8.3/armv7e-m\libgcc.a(_arm_fixunsdfsi.o)
 .text          0x00000000        0x0 c:/program files (x86)/gnu tools arm embedded/4.8 2013q4/bin/../lib/gcc/arm-none-eabi/4.8.3/../../../../arm-none-eabi/lib/armv7e-m\libg.a(lib_a-atoi.o)
 .data          0x00000000        0x0 c:/program files (x86)/gnu tools arm embedded/4.8 2013q4/bin/../lib/gcc/arm-none-eabi/4.8.3/../../../../arm-none-eabi/lib/armv7e-m\libg.a(lib_a-atoi.o)
 .bss           0x00000000        0x0 c:/program files (x86)/gnu tools arm embedded/4.8 2013q4/bin/../lib/gcc/arm-none-eabi/4.8.3/../../../../arm-none-eabi/lib/armv7e-m\libg.a(lib_a-atoi.o)
 .text._atoi_r  0x00000000        0x8 c:/program files (x86)/gnu tools arm embedded/4.8 2013q4/bin/../lib/gcc/arm-none-eabi/4.8.3/../../../../arm-none-eabi/lib/armv7e-m\libg.a(lib_a-atoi.o)
 .data          0x00000000        0x0 c:/program files (x86)/gnu tools arm embedded/4.8 2013q4/bin/../lib/gcc/arm-none-eabi/4.8.3/../../../../arm-none-eabi/lib/armv7e-m\libg.a(lib_a-memcpy.o)
 .bss           0x00000000        0x0 c:/program files (x86)/gnu tools arm embedded/4.8 2013q4/bin/../lib/gcc/arm-none-eabi/4.8.3/../../../../arm-none-eabi/lib/armv7e-m\libg.a(lib_a-memcpy.o)
 .data          0x00000000        0x0 c:/program files (x86)/gnu tools arm embedded/4.8 2013q4/bin/../lib/gcc/arm-none-eabi/4.8.3/../../../../arm-none-eabi/lib/armv7e-m\libg.a(lib_a-strcmp.o)
 .bss           0x00000000        0x0 c:/program files (x86)/gnu tools arm embedded/4.8 2013q4/bin/../lib/gcc/arm-none-eabi/4.8.3/../../../../arm-none-eabi/lib/armv7e-m\libg.a(lib_a-strcmp.o)
 .text          0x00000000        0x0 c:/program files (x86)/gnu tools arm embedded/4.8 2013q4/bin/../lib/gcc/arm-none-eabi/4.8.3/../../../../arm-none-eabi/lib/armv7e-m\libg.a(lib_a-strcpy.o)
 .data          0x00000000        0x0 c:/program files (x86)/gnu tools arm embedded/4.8 2013q4/bin/../lib/gcc/arm-none-eabi/4.8.3/../../../../arm-none-eabi/lib/armv7e-m\libg.a(lib_a-strcpy.o)
 .bss           0x00000000        0x0 c:/program files (x86)/gnu tools arm embedded/4.8 2013q4/bin/../lib/gcc/arm-none-eabi/4.8.3/../../../../arm-none-eabi/lib/armv7e-m\libg.a(lib_a-strcpy.o)
 .text          0x00000000        0x0 c:/program files (x86)/gnu tools arm embedded/4.8 2013q4/bin/../lib/gcc/arm-none-eabi/4.8.3/../../../../arm-none-eabi/lib/armv7e-m\libg.a(lib_a-strlen.o)
 .data          0x00000000        0x0 c:/program files (x86)/gnu tools arm embedded/4.8 2013q4/bin/../lib/gcc/arm-none-eabi/4.8.3/../../../../arm-none-eabi/lib/armv7e-m\libg.a(lib_a-strlen.o)
 .bss           0x00000000        0x0 c:/program files (x86)/gnu tools arm embedded/4.8 2013q4/bin/../lib/gcc/arm-none-eabi/4.8.3/../../../../arm-none-eabi/lib/armv7e-m\libg.a(lib_a-strlen.o)
 .text          0x00000000        0x0 c:/program files (x86)/gnu tools arm embedded/4.8 2013q4/bin/../lib/gcc/arm-none-eabi/4.8.3/../../../../arm-none-eabi/lib/armv7e-m\libg.a(lib_a-strtol.o)
 .data          0x00000000        0x0 c:/program files (x86)/gnu tools arm embedded/4.8 2013q4/bin/../lib/gcc/arm-none-eabi/4.8.3/../../../../arm-none-eabi/lib/armv7e-m\libg.a(lib_a-strtol.o)
 .bss           0x00000000        0x0 c:/program files (x86)/gnu tools arm embedded/4.8 2013q4/bin/../lib/gcc/arm-none-eabi/4.8.3/../../../../arm-none-eabi/lib/armv7e-m\libg.a(lib_a-strtol.o)
 .text          0x00000000        0x0 c:/program files (x86)/gnu tools arm embedded/4.8 2013q4/bin/../lib/gcc/arm-none-eabi/4.8.3/../../../../arm-none-eabi/lib/armv7e-m\libg.a(lib_a-ctype_.o)
 .data          0x00000000        0x0 c:/program files (x86)/gnu tools arm embedded/4.8 2013q4/bin/../lib/gcc/arm-none-eabi/4.8.3/../../../../arm-none-eabi/lib/armv7e-m\libg.a(lib_a-ctype_.o)
 .bss           0x00000000        0x0 c:/program files (x86)/gnu tools arm embedded/4.8 2013q4/bin/../lib/gcc/arm-none-eabi/4.8.3/../../../../arm-none-eabi/lib/armv7e-m\libg.a(lib_a-ctype_.o)
 .text          0x00000000        0x0 c:/program files (x86)/gnu tools arm embedded/4.8 2013q4/bin/../lib/gcc/arm-none-eabi/4.8.3/../../../../arm-none-eabi/lib/armv7e-m\libg.a(lib_a-impure.o)
 .data          0x00000000        0x0 c:/program files (x86)/gnu tools arm embedded/4.8 2013q4/bin/../lib/gcc/arm-none-eabi/4.8.3/../../../../arm-none-eabi/lib/armv7e-m\libg.a(lib_a-impure.o)
 .bss           0x00000000        0x0 c:/program files (x86)/gnu tools arm embedded/4.8 2013q4/bin/../lib/gcc/arm-none-eabi/4.8.3/../../../../arm-none-eabi/lib/armv7e-m\libg.a(lib_a-impure.o)
 .rodata._global_impure_ptr
                0x00000000        0x4 c:/program files (x86)/gnu tools arm embedded/4.8 2013q4/bin/../lib/gcc/arm-none-eabi/4.8.3/../../../../arm-none-eabi/lib/armv7e-m\libg.a(lib_a-impure.o)

Memory Configuration

Name             Origin             Length             Attributes
rom              0x08000000         0x00100000         xr
ram              0x20000000         0x00020000         xrw
ram1             0x10000000         0x00010000         xrw
*default*        0x00000000         0xffffffff

Linker script and memory map

                0x20020000                _eram = 0x20020000

.text           0x08000000     0x4c3c
 *(.isr_vector)
 .isr_vector    0x08000000      0x188 ..\obj\startup_stm32f4xx.o
                0x08000000                g_pfnVectors
 *(.text*)
 .text.DELAY_init
                0x08000188      0x140 ..\obj\delay.o
                0x08000188                DELAY_init
 .text.DELAY_screens
                0x080002c8       0x98 ..\obj\delay.o
                0x080002c8                DELAY_screens
 .text.USART_Init
                0x08000360      0x174 ..\obj\stm32f4xx_usart.o
                0x08000360                USART_Init
 .text.USART_Cmd
                0x080004d4       0x40 ..\obj\stm32f4xx_usart.o
                0x080004d4                USART_Cmd
 .text.USART_SendData
                0x08000514       0x24 ..\obj\stm32f4xx_usart.o
                0x08000514                USART_SendData
 .text.USART_ITConfig
                0x08000538       0x90 ..\obj\stm32f4xx_usart.o
                0x08000538                USART_ITConfig
 .text.USART_GetFlagStatus
                0x080005c8       0x38 ..\obj\stm32f4xx_usart.o
                0x080005c8                USART_GetFlagStatus
 .text.USART_GetITStatus
                0x08000600       0xb0 ..\obj\stm32f4xx_usart.o
                0x08000600                USART_GetITStatus
 .text.USART_ClearITPendingBit
                0x080006b0       0x38 ..\obj\stm32f4xx_usart.o
                0x080006b0                USART_ClearITPendingBit
 .text.UART_init
                0x080006e8       0x94 ..\obj\uart.o
                0x080006e8                UART_init
 .text.UART_putchar
                0x0800077c       0x30 ..\obj\uart.o
                0x0800077c                UART_putchar
 .text.UART_puts
                0x080007ac       0x34 ..\obj\uart.o
                0x080007ac                UART_puts
 .text.UART_INT_init
                0x080007e0       0x24 ..\obj\uart.o
                0x080007e0                UART_INT_init
 .text.trimwhitespace
                0x08000804       0x98 ..\obj\uart.o
                0x08000804                trimwhitespace
 .text.USART2_IRQHandler
                0x0800089c      0x19c ..\obj\uart.o
                0x0800089c                USART2_IRQHandler
 .text.Default_Reset_Handler
                0x08000a38       0x5c ..\obj\startup_stm32f4xx.o
                0x08000a38                Default_Reset_Handler
                0x08000a38                Reset_Handler
 .text.Default_Handler
                0x08000a94        0x8 ..\obj\startup_stm32f4xx.o
                0x08000a94                RTC_Alarm_IRQHandler
                0x08000a94                HASH_RNG_IRQHandler
                0x08000a94                EXTI2_IRQHandler
                0x08000a94                TIM8_CC_IRQHandler
                0x08000a94                DebugMon_Handler
                0x08000a94                TIM1_CC_IRQHandler
                0x08000a94                HardFault_Handler
                0x08000a94                DMA1_Stream5_IRQHandler
                0x08000a94                SysTick_Handler
                0x08000a94                PVD_IRQHandler
                0x08000a94                SDIO_IRQHandler
                0x08000a94                TAMP_STAMP_IRQHandler
                0x08000a94                PendSV_Handler
                0x08000a94                NMI_Handler
                0x08000a94                CAN2_RX1_IRQHandler
                0x08000a94                EXTI3_IRQHandler
                0x08000a94                TIM8_TRG_COM_TIM14_IRQHandler
                0x08000a94                TIM1_UP_TIM10_IRQHandler
                0x08000a94                TIM8_UP_TIM13_IRQHandler
                0x08000a94                I2C3_ER_IRQHandler
                0x08000a94                EXTI0_IRQHandler
                0x08000a94                I2C2_EV_IRQHandler
                0x08000a94                DMA1_Stream2_IRQHandler
                0x08000a94                CAN1_RX0_IRQHandler
                0x08000a94                FPU_IRQHandler
                0x08000a94                OTG_HS_WKUP_IRQHandler
                0x08000a94                UsageFault_Handler
                0x08000a94                CAN2_SCE_IRQHandler
                0x08000a94                DMA2_Stream2_IRQHandler
                0x08000a94                SPI1_IRQHandler
                0x08000a94                TIM6_DAC_IRQHandler
                0x08000a94                TIM1_BRK_TIM9_IRQHandler
                0x08000a94                DCMI_IRQHandler
                0x08000a94                CAN2_RX0_IRQHandler
                0x08000a94                DMA2_Stream3_IRQHandler
                0x08000a94                USART6_IRQHandler
                0x08000a94                USART3_IRQHandler
                0x08000a94                CRYP_IRQHandler
                0x08000a94                CAN1_RX1_IRQHandler
                0x08000a94                UART5_IRQHandler
                0x08000a94                DMA2_Stream0_IRQHandler
                0x08000a94                TIM4_IRQHandler
                0x08000a94                I2C1_EV_IRQHandler
                0x08000a94                DMA1_Stream6_IRQHandler
                0x08000a94                DMA1_Stream1_IRQHandler
                0x08000a94                UART4_IRQHandler
                0x08000a94                TIM3_IRQHandler
                0x08000a94                RCC_IRQHandler
                0x08000a94                TIM8_BRK_TIM12_IRQHandler
                0x08000a94                EXTI15_10_IRQHandler
                0x08000a94                ADC_IRQHandler
                0x08000a94                DMA1_Stream7_IRQHandler
                0x08000a94                TIM7_IRQHandler
                0x08000a94                CAN2_TX_IRQHandler
                0x08000a94                TIM5_IRQHandler
                0x08000a94                DMA2_Stream7_IRQHandler
                0x08000a94                I2C3_EV_IRQHandler
                0x08000a94                EXTI9_5_IRQHandler
                0x08000a94                RTC_WKUP_IRQHandler
                0x08000a94                ETH_WKUP_IRQHandler
                0x08000a94                SPI2_IRQHandler
                0x08000a94                OTG_HS_EP1_IN_IRQHandler
                0x08000a94                MemManage_Handler
                0x08000a94                DMA1_Stream0_IRQHandler
                0x08000a94                CAN1_TX_IRQHandler
                0x08000a94                SVC_Handler
                0x08000a94                EXTI4_IRQHandler
                0x08000a94                FSMC_IRQHandler
                0x08000a94                ETH_IRQHandler
                0x08000a94                OTG_HS_EP1_OUT_IRQHandler
                0x08000a94                WWDG_IRQHandler
                0x08000a94                OTG_FS_WKUP_IRQHandler
                0x08000a94                TIM1_TRG_COM_TIM11_IRQHandler
                0x08000a94                OTG_HS_IRQHandler
                0x08000a94                EXTI1_IRQHandler
                0x08000a94                I2C2_ER_IRQHandler
                0x08000a94                DMA2_Stream1_IRQHandler
                0x08000a94                CAN1_SCE_IRQHandler
                0x08000a94                FLASH_IRQHandler
                0x08000a94                DMA2_Stream4_IRQHandler
                0x08000a94                BusFault_Handler
                0x08000a94                USART1_IRQHandler
                0x08000a94                OTG_FS_IRQHandler
                0x08000a94                SPI3_IRQHandler
                0x08000a94                DMA1_Stream4_IRQHandler
                0x08000a94                I2C1_ER_IRQHandler
                0x08000a94                DMA2_Stream6_IRQHandler
                0x08000a94                DMA1_Stream3_IRQHandler
 .text.LOGIC_errorhandler
                0x08000a9c      0x130 ..\obj\LogicLayer.o
                0x08000a9c                LOGIC_errorhandler
 .text.API_Qwriter
                0x08000bcc       0x88 ..\obj\LogicLayer.o
                0x08000bcc                API_Qwriter
 .text.API_Qreader
                0x08000c54       0x6c ..\obj\LogicLayer.o
                0x08000c54                API_Qreader
 .text.LOGIC_repeat
                0x08000cc0      0x148 ..\obj\LogicLayer.o
                0x08000cc0                LOGIC_repeat
 .text.LOGIC_colorpicker
                0x08000e08      0x16c ..\obj\LogicLayer.o
                0x08000e08                LOGIC_colorpicker
 .text.LOGIC_functionpicker
                0x08000f74      0x390 ..\obj\LogicLayer.o
                0x08000f74                LOGIC_functionpicker
 .text.API_perform
                0x08001304       0x50 ..\obj\LogicLayer.o
                0x08001304                API_perform
 .text.main     0x08001354       0x80 ..\obj\main.o
                0x08001354                main
 .text.RCC_GetClocksFreq
                0x080013d4      0x154 ..\obj\stm32f4xx_rcc.o
                0x080013d4                RCC_GetClocksFreq
 .text.RCC_AHB1PeriphClockCmd
                0x08001528       0x3c ..\obj\stm32f4xx_rcc.o
                0x08001528                RCC_AHB1PeriphClockCmd
 .text.RCC_APB1PeriphClockCmd
                0x08001564       0x3c ..\obj\stm32f4xx_rcc.o
                0x08001564                RCC_APB1PeriphClockCmd
 .text.RCC_APB2PeriphClockCmd
                0x080015a0       0x3c ..\obj\stm32f4xx_rcc.o
                0x080015a0                RCC_APB2PeriphClockCmd
 .text.GPIO_Init
                0x080015dc      0x11c ..\obj\stm32f4xx_gpio.o
                0x080015dc                GPIO_Init
 .text.GPIO_ReadOutputDataBit
                0x080016f8       0x34 ..\obj\stm32f4xx_gpio.o
                0x080016f8                GPIO_ReadOutputDataBit
 .text.GPIO_PinAFConfig
                0x0800172c       0x8c ..\obj\stm32f4xx_gpio.o
                0x0800172c                GPIO_PinAFConfig
 .text.SystemInit
                0x080017b8       0x58 ..\obj\system_stm32f4xx.o
                0x080017b8                SystemInit
 .text.SetSysClock
                0x08001810       0xf4 ..\obj\system_stm32f4xx.o
 .text.DMA_DeInit
                0x08001904      0x1a4 ..\obj\stm32f4xx_dma.o
                0x08001904                DMA_DeInit
 .text.DMA_Init
                0x08001aa8       0xac ..\obj\stm32f4xx_dma.o
                0x08001aa8                DMA_Init
 .text.DMA_Cmd  0x08001b54       0x38 ..\obj\stm32f4xx_dma.o
                0x08001b54                DMA_Cmd
 .text.DMA_ITConfig
                0x08001b8c       0x74 ..\obj\stm32f4xx_dma.o
                0x08001b8c                DMA_ITConfig
 .text.DMA_GetITStatus
                0x08001c00       0xb0 ..\obj\stm32f4xx_dma.o
                0x08001c00                DMA_GetITStatus
 .text.DMA_ClearITPendingBit
                0x08001cb0       0x5c ..\obj\stm32f4xx_dma.o
                0x08001cb0                DMA_ClearITPendingBit
 .text.UB_VGA_Screen_Init
                0x08001d0c       0x80 ..\obj\stm32_ub_vga_screen.o
                0x08001d0c                UB_VGA_Screen_Init
 .text.UB_VGA_FillScreen
                0x08001d8c       0x48 ..\obj\stm32_ub_vga_screen.o
                0x08001d8c                UB_VGA_FillScreen
 .text.UB_VGA_SetPixel
                0x08001dd4       0x4c ..\obj\stm32_ub_vga_screen.o
                0x08001dd4                UB_VGA_SetPixel
 .text.P_VGA_InitIO
                0x08001e20       0xa8 ..\obj\stm32_ub_vga_screen.o
                0x08001e20                P_VGA_InitIO
 .text.P_VGA_InitTIM
                0x08001ec8       0xc8 ..\obj\stm32_ub_vga_screen.o
                0x08001ec8                P_VGA_InitTIM
 .text.P_VGA_InitINT
                0x08001f90       0x58 ..\obj\stm32_ub_vga_screen.o
                0x08001f90                P_VGA_InitINT
 .text.P_VGA_InitDMA
                0x08001fe8       0x90 ..\obj\stm32_ub_vga_screen.o
                0x08001fe8                P_VGA_InitDMA
 .text.TIM2_IRQHandler
                0x08002078       0xb8 ..\obj\stm32_ub_vga_screen.o
                0x08002078                TIM2_IRQHandler
 .text.DMA2_Stream5_IRQHandler
                0x08002130       0x4c ..\obj\stm32_ub_vga_screen.o
                0x08002130                DMA2_Stream5_IRQHandler
 .text.NVIC_Init
                0x0800217c       0xbc ..\obj\misc.o
                0x0800217c                NVIC_Init
 .text.TIM_TimeBaseInit
                0x08002238       0xd4 ..\obj\stm32f4xx_tim.o
                0x08002238                TIM_TimeBaseInit
 .text.TIM_ARRPreloadConfig
                0x0800230c       0x40 ..\obj\stm32f4xx_tim.o
                0x0800230c                TIM_ARRPreloadConfig
 .text.TIM_Cmd  0x0800234c       0x40 ..\obj\stm32f4xx_tim.o
                0x0800234c                TIM_Cmd
 .text.TIM_OC3Init
                0x0800238c      0x10c ..\obj\stm32f4xx_tim.o
                0x0800238c                TIM_OC3Init
 .text.TIM_OC4Init
                0x08002498       0xcc ..\obj\stm32f4xx_tim.o
                0x08002498                TIM_OC4Init
 .text.TIM_OC3PreloadConfig
                0x08002564       0x38 ..\obj\stm32f4xx_tim.o
                0x08002564                TIM_OC3PreloadConfig
 .text.TIM_OC4PreloadConfig
                0x0800259c       0x3c ..\obj\stm32f4xx_tim.o
                0x0800259c                TIM_OC4PreloadConfig
 .text.TIM_ITConfig
                0x080025d8       0x48 ..\obj\stm32f4xx_tim.o
                0x080025d8                TIM_ITConfig
 .text.TIM_ClearITPendingBit
                0x08002620       0x20 ..\obj\stm32f4xx_tim.o
                0x08002620                TIM_ClearITPendingBit
 .text.TIM_DMACmd
                0x08002640       0x48 ..\obj\stm32f4xx_tim.o
                0x08002640                TIM_DMACmd
 .text.API_draw_bitmap
                0x08002688      0x2c8 ..\..\..\libee-api.a(IO_draw.o)
                0x08002688                API_draw_bitmap
 .text.draw_lineX
                0x08002950      0x248 ..\..\..\libee-api.a(IO_draw.o)
                0x08002950                draw_lineX
 .text.draw_lineY
                0x08002b98      0x238 ..\..\..\libee-api.a(IO_draw.o)
                0x08002b98                draw_lineY
 .text.API_draw_line
                0x08002dd0      0x12c ..\..\..\libee-api.a(IO_draw.o)
                0x08002dd0                API_draw_line
 .text.API_draw_rectangle
                0x08002efc      0x19c ..\..\..\libee-api.a(IO_draw.o)
                0x08002efc                API_draw_rectangle
 .text.API_clearscreen
                0x08003098       0x5c ..\..\..\libee-api.a(IO_draw.o)
                0x08003098                API_clearscreen
 .text.API_draw_char
                0x080030f4      0x460 ..\..\..\libee-api.a(IO_draw.o)
                0x080030f4                API_draw_char
 .text.API_draw_text
                0x08003554      0x1b0 ..\..\..\libee-api.a(IO_draw.o)
                0x08003554                API_draw_text
 .text.drawCircle
                0x08003704      0x144 ..\..\..\libee-api.a(IO_draw.o)
                0x08003704                drawCircle
 .text.API_draw_circle
                0x08003848       0xb8 ..\..\..\libee-api.a(IO_draw.o)
                0x08003848                API_draw_circle
 .text.API_draw_figure
                0x08003900      0x168 ..\..\..\libee-api.a(IO_draw.o)
                0x08003900                API_draw_figure
 .text          0x08003a68      0x370 c:/program files (x86)/gnu tools arm embedded/4.8 2013q4/bin/../lib/gcc/arm-none-eabi/4.8.3/armv7e-m\libgcc.a(_arm_addsubdf3.o)
                0x08003a68                __aeabi_drsub
                0x08003a70                __aeabi_dsub
                0x08003a70                __subdf3
                0x08003a74                __aeabi_dadd
                0x08003a74                __adddf3
                0x08003cec                __floatunsidf
                0x08003cec                __aeabi_ui2d
                0x08003d0c                __floatsidf
                0x08003d0c                __aeabi_i2d
                0x08003d30                __aeabi_f2d
                0x08003d30                __extendsfdf2
                0x08003d6c                __floatundidf
                0x08003d6c                __aeabi_ul2d
                0x08003d7c                __floatdidf
                0x08003d7c                __aeabi_l2d
 .text          0x08003dd8      0x424 c:/program files (x86)/gnu tools arm embedded/4.8 2013q4/bin/../lib/gcc/arm-none-eabi/4.8.3/armv7e-m\libgcc.a(_arm_muldivdf3.o)
                0x08003dd8                __aeabi_dmul
                0x08003dd8                __muldf3
                0x0800402c                __divdf3
                0x0800402c                __aeabi_ddiv
 .text          0x080041fc      0x110 c:/program files (x86)/gnu tools arm embedded/4.8 2013q4/bin/../lib/gcc/arm-none-eabi/4.8.3/armv7e-m\libgcc.a(_arm_cmpdf2.o)
                0x080041fc                __gtdf2
                0x080041fc                __gedf2
                0x08004204                __ltdf2
                0x08004204                __ledf2
                0x0800420c                __nedf2
                0x0800420c                __eqdf2
                0x0800420c                __cmpdf2
                0x08004288                __aeabi_cdrcmple
                0x08004298                __aeabi_cdcmpeq
                0x08004298                __aeabi_cdcmple
                0x080042a8                __aeabi_dcmpeq
                0x080042bc                __aeabi_dcmplt
                0x080042d0                __aeabi_dcmple
                0x080042e4                __aeabi_dcmpge
                0x080042f8                __aeabi_dcmpgt
 .text          0x0800430c       0x50 c:/program files (x86)/gnu tools arm embedded/4.8 2013q4/bin/../lib/gcc/arm-none-eabi/4.8.3/armv7e-m\libgcc.a(_arm_fixdfsi.o)
                0x0800430c                __aeabi_d2iz
                0x0800430c                __fixdfsi
 .text          0x0800435c       0x40 c:/program files (x86)/gnu tools arm embedded/4.8 2013q4/bin/../lib/gcc/arm-none-eabi/4.8.3/armv7e-m\libgcc.a(_arm_fixunsdfsi.o)
                0x0800435c                __aeabi_d2uiz
                0x0800435c                __fixunsdfsi
 .text.atoi     0x0800439c        0x8 c:/program files (x86)/gnu tools arm embedded/4.8 2013q4/bin/../lib/gcc/arm-none-eabi/4.8.3/../../../../arm-none-eabi/lib/armv7e-m\libg.a(lib_a-atoi.o)
                0x0800439c                atoi
 .text          0x080043a4      0x134 c:/program files (x86)/gnu tools arm embedded/4.8 2013q4/bin/../lib/gcc/arm-none-eabi/4.8.3/../../../../arm-none-eabi/lib/armv7e-m\libg.a(lib_a-memcpy.o)
                0x080043a4                memcpy
 .text          0x080044d8      0x21c c:/program files (x86)/gnu tools arm embedded/4.8 2013q4/bin/../lib/gcc/arm-none-eabi/4.8.3/../../../../arm-none-eabi/lib/armv7e-m\libg.a(lib_a-strcmp.o)
                0x080044d8                strcmp
 .text.strcpy   0x080046f4       0xbc c:/program files (x86)/gnu tools arm embedded/4.8 2013q4/bin/../lib/gcc/arm-none-eabi/4.8.3/../../../../arm-none-eabi/lib/armv7e-m\libg.a(lib_a-strcpy.o)
                0x080046f4                strcpy
 .text.strlen   0x080047b0       0x60 c:/program files (x86)/gnu tools arm embedded/4.8 2013q4/bin/../lib/gcc/arm-none-eabi/4.8.3/../../../../arm-none-eabi/lib/armv7e-m\libg.a(lib_a-strlen.o)
                0x080047b0                strlen
 .text._strtol_r
                0x08004810      0x114 c:/program files (x86)/gnu tools arm embedded/4.8 2013q4/bin/../lib/gcc/arm-none-eabi/4.8.3/../../../../arm-none-eabi/lib/armv7e-m\libg.a(lib_a-strtol.o)
                0x08004810                _strtol_r
 .text.strtol   0x08004924       0x18 c:/program files (x86)/gnu tools arm embedded/4.8 2013q4/bin/../lib/gcc/arm-none-eabi/4.8.3/../../../../arm-none-eabi/lib/armv7e-m\libg.a(lib_a-strtol.o)
                0x08004924                strtol
 *(.init)
 *(.fini)
 *crtbegin.o(.ctors)
 *crtbegin?.o(.ctors)
 *(EXCLUDE_FILE(*crtend.o *crtend?.o) .ctors)
 *(SORT(.ctors.*))
 *(.ctors)
 *crtbegin.o(.dtors)
 *crtbegin?.o(.dtors)
 *(EXCLUDE_FILE(*crtend.o *crtend?.o) .dtors)
 *(SORT(.dtors.*))
 *(.dtors)
 *(.rodata*)
 .rodata        0x0800493c       0x20 ..\obj\uart.o
 .rodata        0x0800495c      0x1b0 ..\obj\LogicLayer.o
 .rodata        0x08004b0c       0x14 ..\obj\main.o
 .rodata        0x08004b20       0x14 ..\..\..\libee-api.a(IO_draw.o)
 .rodata._ctype_
                0x08004b34      0x104 c:/program files (x86)/gnu tools arm embedded/4.8 2013q4/bin/../lib/gcc/arm-none-eabi/4.8.3/../../../../arm-none-eabi/lib/armv7e-m\libg.a(lib_a-ctype_.o)
                0x08004b34                _ctype_
 .rodata.str1.4
                0x08004c38        0x4 c:/program files (x86)/gnu tools arm embedded/4.8 2013q4/bin/../lib/gcc/arm-none-eabi/4.8.3/../../../../arm-none-eabi/lib/armv7e-m\libg.a(lib_a-impure.o)
 *(.eh_fram e*)

.glue_7         0x08004c3c        0x0
 .glue_7        0x00000000        0x0 linker stubs

.glue_7t        0x08004c3c        0x0
 .glue_7t       0x00000000        0x0 linker stubs

.vfp11_veneer   0x08004c3c        0x0
 .vfp11_veneer  0x00000000        0x0 linker stubs

.v4_bx          0x08004c3c        0x0
 .v4_bx         0x00000000        0x0 linker stubs

.iplt           0x08004c3c        0x0
 .iplt          0x00000000        0x0 ..\obj\delay.o

.rel.dyn        0x08004c3c        0x0
 .rel.iplt      0x00000000        0x0 ..\obj\delay.o

.ARM.extab
 *(.ARM.extab* .gnu.linkonce.armextab.*)
                0x08004c3c                __exidx_start = .

.ARM.exidx
 *(.ARM.exidx* .gnu.linkonce.armexidx.*)
                0x08004c3c                __exidx_end = .
                0x08004c3c                __etext = .
                0x08004c3c                _sidata = __etext

.data           0x20000000     0x5a8c load address 0x08004c3c
                0x20000000                __data_start__ = .
                0x20000000                _sdata = __data_start__
 *(vtable)
 *(.data*)
 .data          0x20000000       0x10 ..\obj\stm32f4xx_rcc.o
 .data          0x20000010     0x564c ..\..\..\libee-api.a(IO_draw.o)
                0x20000010                pikachu
                0x200027ac                arrow
                0x200028ac                smiley
                0x20004fbc                font8x8_basic
                0x200053bc                minimum_font
 .data.__ctype_ptr__
                0x2000565c        0x4 c:/program files (x86)/gnu tools arm embedded/4.8 2013q4/bin/../lib/gcc/arm-none-eabi/4.8.3/../../../../arm-none-eabi/lib/armv7e-m\libg.a(lib_a-ctype_.o)
                0x2000565c                __ctype_ptr__
 .data.impure_data
                0x20005660      0x428 c:/program files (x86)/gnu tools arm embedded/4.8 2013q4/bin/../lib/gcc/arm-none-eabi/4.8.3/../../../../arm-none-eabi/lib/armv7e-m\libg.a(lib_a-impure.o)
 .data._impure_ptr
                0x20005a88        0x4 c:/program files (x86)/gnu tools arm embedded/4.8 2013q4/bin/../lib/gcc/arm-none-eabi/4.8.3/../../../../arm-none-eabi/lib/armv7e-m\libg.a(lib_a-impure.o)
                0x20005a88                _impure_ptr
                0x20005a8c                . = ALIGN (0x4)
                0x20005a8c                PROVIDE (__preinit_array_start, .)
 *(.preinit_array)
                0x20005a8c                PROVIDE (__preinit_array_end, .)
                0x20005a8c                . = ALIGN (0x4)
                0x20005a8c                PROVIDE (__init_array_start, .)
 *(SORT(.init_array.*))
 *(.init_array)
                0x20005a8c                PROVIDE (__init_array_end, .)
                0x20005a8c                . = ALIGN (0x4)
                0x20005a8c                PROVIDE (__fini_array_start, .)
 *(SORT(.fini_array.*))
 *(.fini_array)
                0x20005a8c                PROVIDE (__fini_array_end, .)
 *(.jcr*)
                0x20005a8c                . = ALIGN (0x4)
                0x20005a8c                __data_end__ = .
                0x20005a8c                _edata = __data_end__

.igot.plt       0x20005a8c        0x0 load address 0x0800a6c8
 .igot.plt      0x00000000        0x0 ..\obj\delay.o

.bss            0x20005a8c    0x17e28 load address 0x0800a6c8
                0x20005a8c                . = ALIGN (0x4)
                0x20005a8c                __bss_start__ = .
                0x20005a8c                _sbss = __bss_start__
 *(.bss*)
 .bss           0x20005a8c        0x8 ..\obj\uart.o
                0x20005a8c                Char_cnt
                0x20005a90                Arg_cnt
 *(COMMON)
 COMMON         0x20005a94    0x17abc ..\obj\delay.o
                0x20005a94                G_CLK
                0x20005a98                D_S
                0x20005a9c                D_uS
                0x20005aa0                VGA
                0x20005aac                state
                0x20005ab0                VGA_RAM1
                0x200187a0                front_to_logic_Q
                0x2001d54c                D_mS
 COMMON         0x2001d550      0x364 ..\obj\uart.o
                0x2001d550                i
                0x2001d554                received
                0x2001d8b4                . = ALIGN (0x4)
                0x2001d8b4                __bss_end__ = .
                0x2001d8b4                _ebss = __bss_end__

.heap           0x2001d8b4        0x0
                0x2001d8b4                __end__ = .
                0x2001d8b4                _end = __end__
                0x2001d8b4                end = __end__
 *(.heap*)
                0x2001d8b4                __HeapLimit = .

.co_stack       0x2001d8b4      0x804 load address 0x080224f0
                0x2001d8b8                . = ALIGN (0x8)
 *fill*         0x2001d8b4        0x4 
 *(.co_stack .co_stack.*)
 .co_stack      0x2001d8b8      0x800 ..\obj\startup_stm32f4xx.o
                0x2001d8b8                pulStack
                0x20020000                __StackTop = (ORIGIN (ram) + 0x20000)
                0x2001f7fc                __StackLimit = (__StackTop - SIZEOF (.co_stack))
                0x20020000                PROVIDE (__stack, __StackTop)
                0x00000001                ASSERT ((__StackLimit >= __HeapLimit), region ram  overflowed with stack)
LOAD ..\obj\delay.o
LOAD ..\obj\stm32f4xx_usart.o
LOAD ..\obj\uart.o
LOAD ..\obj\startup_stm32f4xx.o
LOAD ..\obj\LogicLayer.o
LOAD ..\obj\main.o
LOAD ..\obj\stm32f4xx_rcc.o
LOAD ..\obj\stm32f4xx_gpio.o
LOAD ..\obj\system_stm32f4xx.o
LOAD ..\obj\stm32f4xx_dma.o
LOAD ..\obj\lcd.o
LOAD ..\obj\stm32_ub_vga_screen.o
LOAD ..\obj\misc.o
LOAD ..\obj\stm32f4xx_tim.o
LOAD ..\..\..\libee-api.a
START GROUP
LOAD c:/program files (x86)/gnu tools arm embedded/4.8 2013q4/bin/../lib/gcc/arm-none-eabi/4.8.3/armv7e-m\libgcc.a
LOAD c:/program files (x86)/gnu tools arm embedded/4.8 2013q4/bin/../lib/gcc/arm-none-eabi/4.8.3/../../../../arm-none-eabi/lib/armv7e-m\libg.a
LOAD c:/program files (x86)/gnu tools arm embedded/4.8 2013q4/bin/../lib/gcc/arm-none-eabi/4.8.3/../../../../arm-none-eabi/lib/armv7e-m\libc.a
END GROUP
OUTPUT(VGA_Core.elf elf32-littlearm)

.debug_info     0x00000000     0x73f5
 .debug_info    0x00000000      0x438 ..\obj\delay.o
 .debug_info    0x00000438      0x996 ..\obj\stm32f4xx_usart.o
 .debug_info    0x00000dce      0x98d ..\obj\uart.o
 .debug_info    0x0000175b       0xed ..\obj\startup_stm32f4xx.o
 .debug_info    0x00001848      0x49c ..\obj\LogicLayer.o
 .debug_info    0x00001ce4      0x2ec ..\obj\main.o
 .debug_info    0x00001fd0      0xc21 ..\obj\stm32f4xx_rcc.o
 .debug_info    0x00002bf1      0x5d6 ..\obj\stm32f4xx_gpio.o
 .debug_info    0x000031c7      0x566 ..\obj\system_stm32f4xx.o
 .debug_info    0x0000372d      0x718 ..\obj\stm32f4xx_dma.o
 .debug_info    0x00003e45      0xaa7 ..\obj\stm32_ub_vga_screen.o
 .debug_info    0x000048ec      0x51c ..\obj\misc.o
 .debug_info    0x00004e08     0x1c35 ..\obj\stm32f4xx_tim.o
 .debug_info    0x00006a3d      0x9b8 ..\..\..\libee-api.a(IO_draw.o)

.debug_abbrev   0x00000000     0x14aa
 .debug_abbrev  0x00000000      0x184 ..\obj\delay.o
 .debug_abbrev  0x00000184      0x155 ..\obj\stm32f4xx_usart.o
 .debug_abbrev  0x000002d9      0x1dc ..\obj\uart.o
 .debug_abbrev  0x000004b5       0xb0 ..\obj\startup_stm32f4xx.o
 .debug_abbrev  0x00000565      0x1bd ..\obj\LogicLayer.o
 .debug_abbrev  0x00000722      0x14e ..\obj\main.o
 .debug_abbrev  0x00000870      0x1e3 ..\obj\stm32f4xx_rcc.o
 .debug_abbrev  0x00000a53      0x1a3 ..\obj\stm32f4xx_gpio.o
 .debug_abbrev  0x00000bf6      0x136 ..\obj\system_stm32f4xx.o
 .debug_abbrev  0x00000d2c      0x155 ..\obj\stm32f4xx_dma.o
 .debug_abbrev  0x00000e81      0x1c1 ..\obj\stm32_ub_vga_screen.o
 .debug_abbrev  0x00001042      0x145 ..\obj\misc.o
 .debug_abbrev  0x00001187      0x187 ..\obj\stm32f4xx_tim.o
 .debug_abbrev  0x0000130e      0x19c ..\..\..\libee-api.a(IO_draw.o)

.debug_aranges  0x00000000      0x910
 .debug_aranges
                0x00000000       0x40 ..\obj\delay.o
 .debug_aranges
                0x00000040      0x100 ..\obj\stm32f4xx_usart.o
 .debug_aranges
                0x00000140       0x48 ..\obj\uart.o
 .debug_aranges
                0x00000188       0x28 ..\obj\startup_stm32f4xx.o
 .debug_aranges
                0x000001b0       0x58 ..\obj\LogicLayer.o
 .debug_aranges
                0x00000208       0x20 ..\obj\main.o
 .debug_aranges
                0x00000228      0x178 ..\obj\stm32f4xx_rcc.o
 .debug_aranges
                0x000003a0       0x88 ..\obj\stm32f4xx_gpio.o
 .debug_aranges
                0x00000428       0x30 ..\obj\system_stm32f4xx.o
 .debug_aranges
                0x00000458       0xb0 ..\obj\stm32f4xx_dma.o
 .debug_aranges
                0x00000508       0x60 ..\obj\stm32_ub_vga_screen.o
 .debug_aranges
                0x00000568       0x40 ..\obj\misc.o
 .debug_aranges
                0x000005a8      0x2f8 ..\obj\stm32f4xx_tim.o
 .debug_aranges
                0x000008a0       0x70 ..\..\..\libee-api.a(IO_draw.o)

.debug_ranges   0x00000000      0x830
 .debug_ranges  0x00000000       0x30 ..\obj\delay.o
 .debug_ranges  0x00000030       0xf0 ..\obj\stm32f4xx_usart.o
 .debug_ranges  0x00000120       0x38 ..\obj\uart.o
 .debug_ranges  0x00000158       0x18 ..\obj\startup_stm32f4xx.o
 .debug_ranges  0x00000170       0x48 ..\obj\LogicLayer.o
 .debug_ranges  0x000001b8       0x10 ..\obj\main.o
 .debug_ranges  0x000001c8      0x168 ..\obj\stm32f4xx_rcc.o
 .debug_ranges  0x00000330       0x78 ..\obj\stm32f4xx_gpio.o
 .debug_ranges  0x000003a8       0x20 ..\obj\system_stm32f4xx.o
 .debug_ranges  0x000003c8       0xa0 ..\obj\stm32f4xx_dma.o
 .debug_ranges  0x00000468       0x50 ..\obj\stm32_ub_vga_screen.o
 .debug_ranges  0x000004b8       0x30 ..\obj\misc.o
 .debug_ranges  0x000004e8      0x2e8 ..\obj\stm32f4xx_tim.o
 .debug_ranges  0x000007d0       0x60 ..\..\..\libee-api.a(IO_draw.o)

.debug_line     0x00000000     0x35df
 .debug_line    0x00000000      0x30b ..\obj\delay.o
 .debug_line    0x0000030b      0x4a6 ..\obj\stm32f4xx_usart.o
 .debug_line    0x000007b1      0x36d ..\obj\uart.o
 .debug_line    0x00000b1e       0xb9 ..\obj\startup_stm32f4xx.o
 .debug_line    0x00000bd7      0x3a7 ..\obj\LogicLayer.o
 .debug_line    0x00000f7e      0x212 ..\obj\main.o
 .debug_line    0x00001190      0x59e ..\obj\stm32f4xx_rcc.o
 .debug_line    0x0000172e      0x343 ..\obj\stm32f4xx_gpio.o
 .debug_line    0x00001a71      0x1bb ..\obj\system_stm32f4xx.o
 .debug_line    0x00001c2c      0x3e0 ..\obj\stm32f4xx_dma.o
 .debug_line    0x0000200c      0x39a ..\obj\stm32_ub_vga_screen.o
 .debug_line    0x000023a6      0x249 ..\obj\misc.o
 .debug_line    0x000025ef      0xa69 ..\obj\stm32f4xx_tim.o
 .debug_line    0x00003058      0x587 ..\..\..\libee-api.a(IO_draw.o)

.debug_str      0x00000000     0x2f69
 .debug_str     0x00000000      0x2c1 ..\obj\delay.o
                                0x315 (size before relaxing)
 .debug_str     0x000002c1      0x4ce ..\obj\stm32f4xx_usart.o
                                0x67d (size before relaxing)
 .debug_str     0x0000078f      0x8ee ..\obj\uart.o
                                0xc0a (size before relaxing)
 .debug_str     0x0000107d       0xc8 ..\obj\startup_stm32f4xx.o
                                0x15f (size before relaxing)
 .debug_str     0x00001145      0x14c ..\obj\LogicLayer.o
                                0x41b (size before relaxing)
 .debug_str     0x00001291       0x4c ..\obj\main.o
                                0x27e (size before relaxing)
 .debug_str     0x000012dd      0x5f5 ..\obj\stm32f4xx_rcc.o
                                0x83e (size before relaxing)
 .debug_str     0x000018d2      0x1bb ..\obj\stm32f4xx_gpio.o
                                0x491 (size before relaxing)
 .debug_str     0x00001a8d      0x130 ..\obj\system_stm32f4xx.o
                                0x398 (size before relaxing)
 .debug_str     0x00001bbd      0x3a9 ..\obj\stm32f4xx_dma.o
                                0x53a (size before relaxing)
 .debug_str     0x00001f66      0x2be ..\obj\stm32_ub_vga_screen.o
                                0xccb (size before relaxing)
 .debug_str     0x00002224      0x179 ..\obj\misc.o
                                0x3c7 (size before relaxing)
 .debug_str     0x0000239d      0xa16 ..\obj\stm32f4xx_tim.o
                                0xdbe (size before relaxing)
 .debug_str     0x00002db3      0x1b6 ..\..\..\libee-api.a(IO_draw.o)
                                0x42f (size before relaxing)

.comment        0x00000000       0x70
 .comment       0x00000000       0x70 ..\obj\delay.o
                                 0x71 (size before relaxing)
 .comment       0x00000000       0x71 ..\obj\stm32f4xx_usart.o
 .comment       0x00000000       0x71 ..\obj\uart.o
 .comment       0x00000000       0x71 ..\obj\startup_stm32f4xx.o
 .comment       0x00000000       0x71 ..\obj\LogicLayer.o
 .comment       0x00000000       0x71 ..\obj\main.o
 .comment       0x00000000       0x71 ..\obj\stm32f4xx_rcc.o
 .comment       0x00000000       0x71 ..\obj\stm32f4xx_gpio.o
 .comment       0x00000000       0x71 ..\obj\system_stm32f4xx.o
 .comment       0x00000000       0x71 ..\obj\stm32f4xx_dma.o
 .comment       0x00000000       0x71 ..\obj\stm32_ub_vga_screen.o
 .comment       0x00000000       0x71 ..\obj\misc.o
 .comment       0x00000000       0x71 ..\obj\stm32f4xx_tim.o
 .comment       0x00000000       0x71 ..\..\..\libee-api.a(IO_draw.o)

.ARM.attributes
                0x00000000       0x31
 .ARM.attributes
                0x00000000       0x33 ..\obj\delay.o
 .ARM.attributes
                0x00000033       0x33 ..\obj\stm32f4xx_usart.o
 .ARM.attributes
                0x00000066       0x33 ..\obj\uart.o
 .ARM.attributes
                0x00000099       0x33 ..\obj\startup_stm32f4xx.o
 .ARM.attributes
                0x000000cc       0x33 ..\obj\LogicLayer.o
 .ARM.attributes
                0x000000ff       0x33 ..\obj\main.o
 .ARM.attributes
                0x00000132       0x33 ..\obj\stm32f4xx_rcc.o
 .ARM.attributes
                0x00000165       0x33 ..\obj\stm32f4xx_gpio.o
 .ARM.attributes
                0x00000198       0x33 ..\obj\system_stm32f4xx.o
 .ARM.attributes
                0x000001cb       0x33 ..\obj\stm32f4xx_dma.o
 .ARM.attributes
                0x000001fe       0x33 ..\obj\stm32_ub_vga_screen.o
 .ARM.attributes
                0x00000231       0x33 ..\obj\misc.o
 .ARM.attributes
                0x00000264       0x33 ..\obj\stm32f4xx_tim.o
 .ARM.attributes
                0x00000297       0x33 ..\..\..\libee-api.a(IO_draw.o)
 .ARM.attributes
                0x000002ca       0x1e c:/program files (x86)/gnu tools arm embedded/4.8 2013q4/bin/../lib/gcc/arm-none-eabi/4.8.3/armv7e-m\libgcc.a(_arm_addsubdf3.o)
 .ARM.attributes
                0x000002e8       0x1e c:/program files (x86)/gnu tools arm embedded/4.8 2013q4/bin/../lib/gcc/arm-none-eabi/4.8.3/armv7e-m\libgcc.a(_arm_muldivdf3.o)
 .ARM.attributes
                0x00000306       0x1e c:/program files (x86)/gnu tools arm embedded/4.8 2013q4/bin/../lib/gcc/arm-none-eabi/4.8.3/armv7e-m\libgcc.a(_arm_cmpdf2.o)
 .ARM.attributes
                0x00000324       0x1e c:/program files (x86)/gnu tools arm embedded/4.8 2013q4/bin/../lib/gcc/arm-none-eabi/4.8.3/armv7e-m\libgcc.a(_arm_fixdfsi.o)
 .ARM.attributes
                0x00000342       0x1e c:/program files (x86)/gnu tools arm embedded/4.8 2013q4/bin/../lib/gcc/arm-none-eabi/4.8.3/armv7e-m\libgcc.a(_arm_fixunsdfsi.o)
 .ARM.attributes
                0x00000360       0x2e c:/program files (x86)/gnu tools arm embedded/4.8 2013q4/bin/../lib/gcc/arm-none-eabi/4.8.3/../../../../arm-none-eabi/lib/armv7e-m\libg.a(lib_a-atoi.o)
 .ARM.attributes
                0x0000038e       0x1c c:/program files (x86)/gnu tools arm embedded/4.8 2013q4/bin/../lib/gcc/arm-none-eabi/4.8.3/../../../../arm-none-eabi/lib/armv7e-m\libg.a(lib_a-memcpy.o)
 .ARM.attributes
                0x000003aa       0x1c c:/program files (x86)/gnu tools arm embedded/4.8 2013q4/bin/../lib/gcc/arm-none-eabi/4.8.3/../../../../arm-none-eabi/lib/armv7e-m\libg.a(lib_a-strcmp.o)
 .ARM.attributes
                0x000003c6       0x2e c:/program files (x86)/gnu tools arm embedded/4.8 2013q4/bin/../lib/gcc/arm-none-eabi/4.8.3/../../../../arm-none-eabi/lib/armv7e-m\libg.a(lib_a-strcpy.o)
 .ARM.attributes
                0x000003f4       0x2e c:/program files (x86)/gnu tools arm embedded/4.8 2013q4/bin/../lib/gcc/arm-none-eabi/4.8.3/../../../../arm-none-eabi/lib/armv7e-m\libg.a(lib_a-strlen.o)
 .ARM.attributes
                0x00000422       0x2e c:/program files (x86)/gnu tools arm embedded/4.8 2013q4/bin/../lib/gcc/arm-none-eabi/4.8.3/../../../../arm-none-eabi/lib/armv7e-m\libg.a(lib_a-strtol.o)
 .ARM.attributes
                0x00000450       0x2e c:/program files (x86)/gnu tools arm embedded/4.8 2013q4/bin/../lib/gcc/arm-none-eabi/4.8.3/../../../../arm-none-eabi/lib/armv7e-m\libg.a(lib_a-ctype_.o)
 .ARM.attributes
                0x0000047e       0x2e c:/program files (x86)/gnu tools arm embedded/4.8 2013q4/bin/../lib/gcc/arm-none-eabi/4.8.3/../../../../arm-none-eabi/lib/armv7e-m\libg.a(lib_a-impure.o)

.debug_frame    0x00000000     0x1d7c
 .debug_frame   0x00000000       0xa8 ..\obj\delay.o
 .debug_frame   0x000000a8      0x344 ..\obj\stm32f4xx_usart.o
 .debug_frame   0x000003ec       0xd0 ..\obj\uart.o
 .debug_frame   0x000004bc       0x48 ..\obj\startup_stm32f4xx.o
 .debug_frame   0x00000504      0x118 ..\obj\LogicLayer.o
 .debug_frame   0x0000061c       0x30 ..\obj\main.o
 .debug_frame   0x0000064c      0x4d8 ..\obj\stm32f4xx_rcc.o
 .debug_frame   0x00000b24      0x19c ..\obj\stm32f4xx_gpio.o
 .debug_frame   0x00000cc0       0x64 ..\obj\system_stm32f4xx.o
 .debug_frame   0x00000d24      0x224 ..\obj\stm32f4xx_dma.o
 .debug_frame   0x00000f48      0x124 ..\obj\stm32_ub_vga_screen.o
 .debug_frame   0x0000106c       0x9c ..\obj\misc.o
 .debug_frame   0x00001108      0xa3c ..\obj\stm32f4xx_tim.o
 .debug_frame   0x00001b44      0x178 ..\..\..\libee-api.a(IO_draw.o)
 .debug_frame   0x00001cbc       0x30 c:/program files (x86)/gnu tools arm embedded/4.8 2013q4/bin/../lib/gcc/arm-none-eabi/4.8.3/../../../../arm-none-eabi/lib/armv7e-m\libg.a(lib_a-atoi.o)
 .debug_frame   0x00001cec       0x20 c:/program files (x86)/gnu tools arm embedded/4.8 2013q4/bin/../lib/gcc/arm-none-eabi/4.8.3/../../../../arm-none-eabi/lib/armv7e-m\libg.a(lib_a-strcpy.o)
 .debug_frame   0x00001d0c       0x20 c:/program files (x86)/gnu tools arm embedded/4.8 2013q4/bin/../lib/gcc/arm-none-eabi/4.8.3/../../../../arm-none-eabi/lib/armv7e-m\libg.a(lib_a-strlen.o)
 .debug_frame   0x00001d2c       0x50 c:/program files (x86)/gnu tools arm embedded/4.8 2013q4/bin/../lib/gcc/arm-none-eabi/4.8.3/../../../../arm-none-eabi/lib/armv7e-m\libg.a(lib_a-strtol.o)
